 PhysXCooking_64

 Timestamp is 65585369 (Sat Nov 18 08:02:17 2023)

 Preferred load address is 0000000180000000

 Start         Length     Name                   Class
 0001:00000000 000000c0H .text$di                CODE
 0001:000000c0 00001dd0H .text$mn                CODE
 0001:00001e90 00000036H .text$mn$00             CODE
 0001:00001ec6 00000092H .text$x                 CODE
 0002:00000000 00000158H .idata$5                DATA
 0002:00000158 00000038H .00cfg                  DATA
 0002:00000190 00000008H .CRT$XCA                DATA
 0002:00000198 00000030H .CRT$XCU                DATA
 0002:000001c8 00000008H .CRT$XCZ                DATA
 0002:000001d0 00000008H .CRT$XIA                DATA
 0002:000001d8 00000008H .CRT$XIZ                DATA
 0002:000001e0 00000008H .CRT$XPA                DATA
 0002:000001e8 00000008H .CRT$XPZ                DATA
 0002:000001f0 00000008H .CRT$XTA                DATA
 0002:000001f8 00000008H .CRT$XTZ                DATA
 0002:00000200 00000000H .gehcont$y              DATA
 0002:00000200 00000000H .gfids$y                DATA
 0002:00000200 00000480H .rdata                  DATA
 0002:00000680 00000000H .rdata$CastGuardVftablesA DATA
 0002:00000680 00000000H .rdata$CastGuardVftablesC DATA
 0002:00000680 00000074H .rdata$r                DATA
 0002:000006f4 00000080H .rdata$voltmd           DATA
 0002:00000774 000003bcH .rdata$zzzdbg           DATA
 0002:00000b30 00000008H .rtc$IAA                DATA
 0002:00000b38 00000008H .rtc$IZZ                DATA
 0002:00000b40 00000008H .rtc$TAA                DATA
 0002:00000b48 00000008H .rtc$TZZ                DATA
 0002:00000b50 000002bcH .xdata                  DATA
 0002:00000e0c 00000040H .didat$2                DATA
 0002:00000e4c 00000024H .didat$3                DATA
 0002:00000e70 000000d8H .didat$4                DATA
 0002:00000f48 00000280H .didat$6                DATA
 0002:000011c8 000000d8H .didat$7                DATA
 0002:000012a0 00000b04H .edata                  DATA
 0002:00001da4 00000050H .idata$2                DATA
 0002:00001df4 00000014H .idata$3                DATA
 0002:00001e08 00000158H .idata$4                DATA
 0002:00001f60 00000372H .idata$6                DATA
 0003:00000000 00000040H .data                   DATA
 0003:00000040 00000090H .data$r                 DATA
 0003:000000d0 00000020H .data$rs                DATA
 0003:000000f0 000000e0H .didat$5                DATA
 0003:000001d0 00000130H .bss                    DATA
 0004:00000000 000002f4H .pdata                  DATA
 0005:00000000 000000a0H .rsrc$01                DATA
 0005:000000a0 000004b0H .rsrc$02                DATA

  Address         Publics by Value              Rva+Base               Lib:Object

 0000:00000000       __AbsoluteZero             0000000000000000     <absolute>
 0000:00000000       ___safe_se_handler_count   0000000000000000     <absolute>
 0000:00000000       ___safe_se_handler_table   0000000000000000     <absolute>
 0000:00000000       __arm64x_extra_rfe_table   0000000000000000     <absolute>
 0000:00000000       __arm64x_extra_rfe_table_size 0000000000000000     <absolute>
 0000:00000000       __arm64x_native_entrypoint 0000000000000000     <absolute>
 0000:00000000       __arm64x_redirection_metadata 0000000000000000     <absolute>
 0000:00000000       __arm64x_redirection_metadata_count 0000000000000000     <absolute>
 0000:00000000       __dynamic_value_reloc_table 0000000000000000     <absolute>
 0000:00000000       __enclave_config           0000000000000000     <absolute>
 0000:00000000       __guard_check_icall_a64n_fptr 0000000000000000     <absolute>
 0000:00000000       __guard_eh_cont_count      0000000000000000     <absolute>
 0000:00000000       __guard_eh_cont_table      0000000000000000     <absolute>
 0000:00000000       __guard_fids_count         0000000000000000     <absolute>
 0000:00000000       __guard_fids_table         0000000000000000     <absolute>
 0000:00000000       __guard_iat_count          0000000000000000     <absolute>
 0000:00000000       __guard_iat_table          0000000000000000     <absolute>
 0000:00000000       __guard_longjmp_count      0000000000000000     <absolute>
 0000:00000000       __guard_longjmp_table      0000000000000000     <absolute>
 0000:00000000       __hybrid_auxiliary_delayload_iat 0000000000000000     <absolute>
 0000:00000000       __hybrid_auxiliary_delayload_iat_copy 0000000000000000     <absolute>
 0000:00000000       __hybrid_auxiliary_iat     0000000000000000     <absolute>
 0000:00000000       __hybrid_auxiliary_iat_copy 0000000000000000     <absolute>
 0000:00000000       __hybrid_code_map          0000000000000000     <absolute>
 0000:00000000       __hybrid_code_map_count    0000000000000000     <absolute>
 0000:00000000       __hybrid_image_info_bitfield 0000000000000000     <absolute>
 0000:00000000       __x64_code_ranges_to_entry_points 0000000000000000     <absolute>
 0000:00000000       __x64_code_ranges_to_entry_points_count 0000000000000000     <absolute>
 0000:00000100       __guard_flags              0000000000000100     <absolute>
 0000:00000000       __ImageBase                0000000180000000     <linker-defined>
 0001:000000c0       ??$copy@V?$PxReflectionAllocator@USlab@NodeAllocator@Gu@physx@@@physx@@@?$PxArray@USlab@NodeAllocator@Gu@physx@@V?$PxReflectionAllocator@USlab@NodeAllocator@Gu@physx@@@4@@physx@@IEAAXAEBV01@@Z 00000001800010c0 f i Cooking.obj
 0001:00000140       ??0AABBTreeBounds@Gu@physx@@QEAA@XZ 0000000180001140 f i Cooking.obj
 0001:00000150       ??0AABBTreeBuildNode@Gu@physx@@QEAA@AEBV012@@Z 0000000180001150 f i Cooking.obj
 0001:00000150       ??4AABBTreeBuildNode@Gu@physx@@QEAAAEAV012@AEBV012@@Z 0000000180001150 f i Cooking.obj
 0001:00000190       ??0AABBTreeBuildNode@Gu@physx@@QEAA@XZ 0000000180001190 f i Cooking.obj
 0001:00000190       ??4PxFoundation@physx@@QEAAAEAV01@AEBV01@@Z 0000000180001190 f i Cooking.obj
 0001:00000190       ?getAABB@AABBTreeBuildNode@Gu@physx@@QEBAAEBVPxBounds3@3@XZ 0000000180001190 f i Cooking.obj
 0001:000001a0       ??0AABBTreeBuildParams@Gu@physx@@QEAA@IIPEBVAABBTreeBounds@12@W4BVHBuildStrategy@12@@Z 00000001800011a0 f i Cooking.obj
 0001:000001c0       ??0NodeAllocator@Gu@physx@@QEAA@AEBV012@@Z 00000001800011c0 f i Cooking.obj
 0001:00000200       ??0PxFoundation@physx@@QEAA@AEBV01@@Z 0000000180001200 f i Cooking.obj
 0001:00000200       ??0PxFoundation@physx@@QEAA@XZ 0000000180001200 f i Cooking.obj
 0001:00000210       ??1AABBTreeBounds@Gu@physx@@QEAA@XZ 0000000180001210 f i Cooking.obj
 0001:00000220       ??1AABBTreeBuildNode@Gu@physx@@QEAA@XZ 0000000180001220 f i Cooking.obj
 0001:00000220       _guard_check_icall_nop     0000000180001220 f i MSVCRT:guard_support.obj
 0001:00000230       ??1AABBTreeBuildParams@Gu@physx@@QEAA@XZ 0000000180001230 f i Cooking.obj
 0001:00000230       ?reset@AABBTreeBuildParams@Gu@physx@@QEAAXXZ 0000000180001230 f i Cooking.obj
 0001:00000280       ??1PxFoundation@physx@@MEAA@XZ 0000000180001280 f i Cooking.obj
 0001:00000290       ??4AABBTreeBounds@Gu@physx@@QEAAAEAV012@AEBV012@@Z 0000000180001290 f i Cooking.obj
 0001:000002a0       ??4AABBTreeBuildParams@Gu@physx@@QEAAAEAV012@AEBV012@@Z 00000001800012a0 f i Cooking.obj
 0001:000002b0       ??4NodeAllocator@Gu@physx@@QEAAAEAV012@AEBV012@@Z 00000001800012b0 f i Cooking.obj
 0001:00000370       ??_EPxFoundation@physx@@MEAAPEAXI@Z 0000000180001370 f i Cooking.obj
 0001:00000400       ??_FAABBTreeBuildParams@Gu@physx@@QEAAXXZ 0000000180001400 f i Cooking.obj
 0001:00000420       ?allocate@?$PxArray@USlab@NodeAllocator@Gu@physx@@V?$PxReflectionAllocator@USlab@NodeAllocator@Gu@physx@@@4@@physx@@IEAAPEAUSlab@NodeAllocator@Gu@2@I@Z 0000000180001420 f i Cooking.obj
 0001:000004b0       ?getBounds@AABBTreeBounds@Gu@physx@@QEAAPEAVPxBounds3@3@XZ 00000001800014b0 f i Cooking.obj
 0001:000004b0       ?getBounds@AABBTreeBounds@Gu@physx@@QEBAPEBVPxBounds3@3@XZ 00000001800014b0 f i Cooking.obj
 0001:000004c0       ?getNbPrimitives@AABBTreeBuildNode@Gu@physx@@QEBAIXZ 00000001800014c0 f i Cooking.obj
 0001:000004c0       ?getNbRuntimePrimitives@AABBTreeBuildNode@Gu@physx@@QEBAIXZ 00000001800014c0 f i Cooking.obj
 0001:000004d0       ?getNeg@AABBTreeBuildNode@Gu@physx@@QEBAPEBV123@XZ 00000001800014d0 f i Cooking.obj
 0001:000004f0       ?getPos@AABBTreeBuildNode@Gu@physx@@QEBAPEBV123@XZ 00000001800014f0 f i Cooking.obj
 0001:00000500       ?getPrimitives@AABBTreeBuildNode@Gu@physx@@QEAAPEAIPEAI@Z 0000000180001500 f i Cooking.obj
 0001:00000500       ?getPrimitives@AABBTreeBuildNode@Gu@physx@@QEBAPEBIPEBI@Z 0000000180001500 f i Cooking.obj
 0001:00000510       ?isLeaf@AABBTreeBuildNode@Gu@physx@@QEBA_NXZ 0000000180001510 f i Cooking.obj
 0001:00000520       ?moveFrom@AABBTreeBounds@Gu@physx@@QEAAXAEAV123@@Z 0000000180001520 f i Cooking.obj
 0001:00000530       ?ownsMemory@AABBTreeBounds@Gu@physx@@QEBA_NXZ 0000000180001530 f i Cooking.obj
 0001:00000540       ?recreate@?$PxArray@USlab@NodeAllocator@Gu@physx@@V?$PxReflectionAllocator@USlab@NodeAllocator@Gu@physx@@@4@@physx@@IEAAXI@Z 0000000180001540 f i Cooking.obj
 0001:000005e0       ?setBounds@AABBTreeBounds@Gu@physx@@QEAAXPEAVPxBounds3@3@@Z 00000001800015e0 f i Cooking.obj
 0001:000005f0       ?setNbRunTimePrimitives@AABBTreeBuildNode@Gu@physx@@QEAAXI@Z 00000001800015f0 f i Cooking.obj
 0001:00000600       ?takeOwnership@AABBTreeBounds@Gu@physx@@QEAAXXZ 0000000180001600 f i Cooking.obj
 0001:00000610       PxAssembleSoftBodyMesh     0000000180001610 f   Cooking.obj
 0001:00000620       PxAssembleSoftBodyMesh_Sim 0000000180001620 f   Cooking.obj
 0001:00000630       PxComputeCollisionData     0000000180001630 f   Cooking.obj
 0001:00000640       PxComputeHullPolygons      0000000180001640 f   Cooking.obj
 0001:00000650       PxComputeModelsMapping     0000000180001650 f   Cooking.obj
 0001:00000660       PxComputeSimulationData    0000000180001660 f   Cooking.obj
 0001:00000670       PxCookBVH                  0000000180001670 f   Cooking.obj
 0001:00000680       PxCookConvexMesh           0000000180001680 f   Cooking.obj
 0001:00000690       PxCookHeightField          0000000180001690 f   Cooking.obj
 0001:000006a0       PxCookSoftBodyMesh         00000001800016a0 f   Cooking.obj
 0001:000006b0       PxCookTetrahedronMesh      00000001800016b0 f   Cooking.obj
 0001:000006c0       PxCookTriangleMesh         00000001800016c0 f   Cooking.obj
 0001:000006d0       PxCreateBVH                00000001800016d0 f   Cooking.obj
 0001:000006e0       PxCreateBVHInternal        00000001800016e0 f   Cooking.obj
 0001:00000770       PxCreateConvexMesh         0000000180001770 f   Cooking.obj
 0001:00000780       PxCreateHeightField        0000000180001780 f   Cooking.obj
 0001:00000790       PxCreateSoftBodyMesh       0000000180001790 f   Cooking.obj
 0001:000007a0       PxCreateTetrahedronMesh    00000001800017a0 f   Cooking.obj
 0001:000007b0       PxCreateTriangleMesh       00000001800017b0 f   Cooking.obj
 0001:000007c0       PxCreateTriangleMeshInternal 00000001800017c0 f   Cooking.obj
 0001:00000850       PxGetStandaloneInsertionCallback 0000000180001850 f   Cooking.obj
 0001:00000860       PxValidateConvexMesh       0000000180001860 f   Cooking.obj
 0001:00000870       PxValidateTriangleMesh     0000000180001870 f   Cooking.obj
 0001:00000880       ?cookingDelayHook@@YAP6A_JXZIPEAUDelayLoadInfo@@@Z 0000000180001880 f   WindowsCookingDelayLoadHook.obj
 0001:00000960       PxSetPhysXCookingDelayLoadHook 0000000180001960 f   WindowsCookingDelayLoadHook.obj
 0001:00000968       __imp_load_getInsertionCallback 0000000180001968 f   PhysXCommon_64:PhysXCommon_64.dll
 0001:00000974       getInsertionCallback       0000000180001974 f   PhysXCommon_64:PhysXCommon_64.dll
 0001:0000097a       __tailMerge_physxcommon_64_dll 000000018000197a     PhysXCommon_64:PhysXCommon_64.dll
 0001:000009f3       __imp_load_cookBVH         00000001800019f3 f   PhysXCommon_64:PhysXCommon_64.dll
 0001:000009ff       cookBVH                    00000001800019ff f   PhysXCommon_64:PhysXCommon_64.dll
 0001:00000a05       __imp_load_createBVH       0000000180001a05 f   PhysXCommon_64:PhysXCommon_64.dll
 0001:00000a11       createBVH                  0000000180001a11 f   PhysXCommon_64:PhysXCommon_64.dll
 0001:00000a17       __imp_load_cookHeightField 0000000180001a17 f   PhysXCommon_64:PhysXCommon_64.dll
 0001:00000a23       cookHeightField            0000000180001a23 f   PhysXCommon_64:PhysXCommon_64.dll
 0001:00000a29       __imp_load_createHeightField 0000000180001a29 f   PhysXCommon_64:PhysXCommon_64.dll
 0001:00000a35       createHeightField          0000000180001a35 f   PhysXCommon_64:PhysXCommon_64.dll
 0001:00000a3b       __imp_load_cookConvexMesh  0000000180001a3b f   PhysXCommon_64:PhysXCommon_64.dll
 0001:00000a47       cookConvexMesh             0000000180001a47 f   PhysXCommon_64:PhysXCommon_64.dll
 0001:00000a4d       __imp_load_createConvexMesh 0000000180001a4d f   PhysXCommon_64:PhysXCommon_64.dll
 0001:00000a59       createConvexMesh           0000000180001a59 f   PhysXCommon_64:PhysXCommon_64.dll
 0001:00000a5f       __imp_load_validateConvexMesh 0000000180001a5f f   PhysXCommon_64:PhysXCommon_64.dll
 0001:00000a6b       validateConvexMesh         0000000180001a6b f   PhysXCommon_64:PhysXCommon_64.dll
 0001:00000a71       __imp_load_computeHullPolygons 0000000180001a71 f   PhysXCommon_64:PhysXCommon_64.dll
 0001:00000a7d       computeHullPolygons        0000000180001a7d f   PhysXCommon_64:PhysXCommon_64.dll
 0001:00000a83       __imp_load_validateTriangleMesh 0000000180001a83 f   PhysXCommon_64:PhysXCommon_64.dll
 0001:00000a8f       validateTriangleMesh       0000000180001a8f f   PhysXCommon_64:PhysXCommon_64.dll
 0001:00000a95       __imp_load_createTriangleMesh 0000000180001a95 f   PhysXCommon_64:PhysXCommon_64.dll
 0001:00000aa1       createTriangleMesh         0000000180001aa1 f   PhysXCommon_64:PhysXCommon_64.dll
 0001:00000aa7       __imp_load_cookTriangleMesh 0000000180001aa7 f   PhysXCommon_64:PhysXCommon_64.dll
 0001:00000ab3       cookTriangleMesh           0000000180001ab3 f   PhysXCommon_64:PhysXCommon_64.dll
 0001:00000ab9       __imp_load_cookTetrahedronMesh 0000000180001ab9 f   PhysXCommon_64:PhysXCommon_64.dll
 0001:00000ac5       cookTetrahedronMesh        0000000180001ac5 f   PhysXCommon_64:PhysXCommon_64.dll
 0001:00000acb       __imp_load_createTetrahedronMesh 0000000180001acb f   PhysXCommon_64:PhysXCommon_64.dll
 0001:00000ad7       createTetrahedronMesh      0000000180001ad7 f   PhysXCommon_64:PhysXCommon_64.dll
 0001:00000add       __imp_load_cookSoftBodyMesh 0000000180001add f   PhysXCommon_64:PhysXCommon_64.dll
 0001:00000ae9       cookSoftBodyMesh           0000000180001ae9 f   PhysXCommon_64:PhysXCommon_64.dll
 0001:00000aef       __imp_load_createSoftBodyMesh 0000000180001aef f   PhysXCommon_64:PhysXCommon_64.dll
 0001:00000afb       createSoftBodyMesh         0000000180001afb f   PhysXCommon_64:PhysXCommon_64.dll
 0001:00000b01       __imp_load_computeModelsMapping 0000000180001b01 f   PhysXCommon_64:PhysXCommon_64.dll
 0001:00000b0d       computeModelsMapping       0000000180001b0d f   PhysXCommon_64:PhysXCommon_64.dll
 0001:00000b13       __imp_load_computeCollisionData 0000000180001b13 f   PhysXCommon_64:PhysXCommon_64.dll
 0001:00000b1f       computeCollisionData       0000000180001b1f f   PhysXCommon_64:PhysXCommon_64.dll
 0001:00000b25       __imp_load_computeSimulationData 0000000180001b25 f   PhysXCommon_64:PhysXCommon_64.dll
 0001:00000b31       computeSimulationData      0000000180001b31 f   PhysXCommon_64:PhysXCommon_64.dll
 0001:00000b37       __imp_load_assembleSoftBodyMesh 0000000180001b37 f   PhysXCommon_64:PhysXCommon_64.dll
 0001:00000b43       assembleSoftBodyMesh       0000000180001b43 f   PhysXCommon_64:PhysXCommon_64.dll
 0001:00000b49       __imp_load_assembleSoftBodyMesh_Sim 0000000180001b49 f   PhysXCommon_64:PhysXCommon_64.dll
 0001:00000b55       assembleSoftBodyMesh_Sim   0000000180001b55 f   PhysXCommon_64:PhysXCommon_64.dll
 0001:00000b5b       __imp_load_?release@AABBTreeBounds@Gu@physx@@QEAAXXZ 0000000180001b5b f   PhysXCommon_64:PhysXCommon_64.dll
 0001:00000b67       ?release@AABBTreeBounds@Gu@physx@@QEAAXXZ 0000000180001b67 f   PhysXCommon_64:PhysXCommon_64.dll
 0001:00000b6d       __imp_load_??0BVH@Gu@physx@@QEAA@AEBUPxBVHInternalData@2@@Z 0000000180001b6d f   PhysXCommon_64:PhysXCommon_64.dll
 0001:00000b79       ??0BVH@Gu@physx@@QEAA@AEBUPxBVHInternalData@2@@Z 0000000180001b79 f   PhysXCommon_64:PhysXCommon_64.dll
 0001:00000b7f       __imp_load_??0BV4TriangleMesh@Gu@physx@@QEAA@AEBUPxTriangleMeshInternalData@2@@Z 0000000180001b7f f   PhysXCommon_64:PhysXCommon_64.dll
 0001:00000b8b       ??0BV4TriangleMesh@Gu@physx@@QEAA@AEBUPxTriangleMeshInternalData@2@@Z 0000000180001b8b f   PhysXCommon_64:PhysXCommon_64.dll
 0001:00000b91       __imp_load_PxGetBroadcastAllocator 0000000180001b91 f   PhysXFoundation_64:PhysXFoundation_64.dll
 0001:00000b9d       PxGetBroadcastAllocator    0000000180001b9d f   PhysXFoundation_64:PhysXFoundation_64.dll
 0001:00000ba3       __tailMerge_physxfoundation_64_dll 0000000180001ba3     PhysXFoundation_64:PhysXFoundation_64.dll
 0001:00000c1c       ?DloadAcquireSectionWriteAccess@@YAXXZ 0000000180001c1c f i Delayimp:delayhlp.obj
 0001:00000cc8       ?DloadGetSRWLockFunctionPointers@@YAEXZ 0000000180001cc8 f i Delayimp:delayhlp.obj
 0001:00000d68       ?DloadMakePermanentImageCommit@@YAXPEAX_K@Z 0000000180001d68 f i Delayimp:delayhlp.obj
 0001:00000e00       ?DloadObtainSection@@YAPEAXPEAK0@Z 0000000180001e00 f i Delayimp:delayhlp.obj
 0001:00000e9c       ?DloadProtectSection@@YAXKPEAK@Z 0000000180001e9c f i Delayimp:delayhlp.obj
 0001:00000f2c       ?DloadReleaseSectionWriteAccess@@YAXXZ 0000000180001f2c f i Delayimp:delayhlp.obj
 0001:00000fc0       __delayLoadHelper2         0000000180001fc0 f   Delayimp:delayhlp.obj
 0001:00001298       ??3@YAXPEAX@Z              0000000180002298 f   MSVCRT:delete_scalar.obj
 0001:000012a0       ??3@YAXPEAX_K@Z            00000001800022a0 f   MSVCRT:delete_scalar_size.obj
 0001:000012a0       ??_V@YAXPEAX@Z             00000001800022a0 f   MSVCRT:delete_array.obj
 0001:000012a8       ??_V@YAXPEAX_K@Z           00000001800022a8 f   MSVCRT:delete_array_size.obj
 0001:000012b0       ??_Etype_info@@UEAAPEAXI@Z 00000001800022b0 f i MSVCRT:std_type_info_static.obj
 0001:000012b0       ??_Gtype_info@@UEAAPEAXI@Z 00000001800022b0 f i MSVCRT:std_type_info_static.obj
 0001:000012dc       ?__scrt_initialize_type_info@@YAXXZ 00000001800022dc f   MSVCRT:tncleanup.obj
 0001:000012ec       ?__scrt_uninitialize_type_info@@YAXXZ 00000001800022ec f   MSVCRT:tncleanup.obj
 0001:00001618       _DllMainCRTStartup         0000000180002618 f   MSVCRT:dll_dllmain.obj
 0001:00001658       __security_init_cookie     0000000180002658 f   MSVCRT:gs_support.obj
 0001:00001704       DllMain                    0000000180002704 f   MSVCRT:dll_dllmain_stub.obj
 0001:00001728       __local_stdio_printf_options 0000000180002728 f i MSVCRT:default_local_stdio_options.obj
 0001:00001730       __local_stdio_scanf_options 0000000180002730 f i MSVCRT:default_local_stdio_options.obj
 0001:00001738       __scrt_initialize_default_local_stdio_options 0000000180002738 f   MSVCRT:default_local_stdio_options.obj
 0001:00001754       __scrt_acquire_startup_lock 0000000180002754 f   MSVCRT:utility.obj
 0001:00001790       __scrt_dllmain_after_initialize_c 0000000180002790 f   MSVCRT:utility.obj
 0001:000017c4       __scrt_dllmain_before_initialize_c 00000001800027c4 f   MSVCRT:utility.obj
 0001:000017dc       __scrt_dllmain_crt_thread_attach 00000001800027dc f   MSVCRT:utility.obj
 0001:00001804       __scrt_dllmain_crt_thread_detach 0000000180002804 f   MSVCRT:utility.obj
 0001:0000181c       __scrt_dllmain_exception_filter 000000018000281c f   MSVCRT:utility.obj
 0001:0000187c       __scrt_dllmain_uninitialize_c 000000018000287c f   MSVCRT:utility.obj
 0001:000018ac       __scrt_dllmain_uninitialize_critical 00000001800028ac f   MSVCRT:utility.obj
 0001:000018c0       __scrt_initialize_crt      00000001800028c0 f   MSVCRT:utility.obj
 0001:0000190c       __scrt_initialize_onexit_tables 000000018000290c f   MSVCRT:utility.obj
 0001:00001998       __scrt_is_nonwritable_in_current_image 0000000180002998 f   MSVCRT:utility.obj
 0001:00001a30       __scrt_release_startup_lock 0000000180002a30 f   MSVCRT:utility.obj
 0001:00001a54       __scrt_uninitialize_crt    0000000180002a54 f   MSVCRT:utility.obj
 0001:00001a80       __scrt_get_dyn_tls_init_callback 0000000180002a80 f   MSVCRT:dyn_tls_init.obj
 0001:00001a88       __crt_debugger_hook        0000000180002a88 f   MSVCRT:utility_desktop.obj
 0001:00001a90       __scrt_fastfail            0000000180002a90 f   MSVCRT:utility_desktop.obj
 0001:00001bdc       _RTC_Initialize            0000000180002bdc f   MSVCRT:initsect.obj
 0001:00001c18       _RTC_Terminate             0000000180002c18 f   MSVCRT:initsect.obj
 0001:00001c60       __isa_available_init       0000000180002c60 f   MSVCRT:cpu_disp.obj
 0001:00001e0c       _get_startup_argv_mode     0000000180002e0c f   MSVCRT:argv_mode.obj
 0001:00001e14       __scrt_is_ucrt_dll_in_use  0000000180002e14 f   MSVCRT:ucrt_detection.obj
 0001:00001e20       _purecall                  0000000180002e20 f   vcruntime:VCRUNTIME140.dll
 0001:00001e26       __std_type_info_name       0000000180002e26 f   vcruntime:VCRUNTIME140.dll
 0001:00001e2c       strstr                     0000000180002e2c f   vcruntime:VCRUNTIME140.dll
 0001:00001e32       __std_type_info_destroy_list 0000000180002e32 f   vcruntime:VCRUNTIME140.dll
 0001:00001e38       __C_specific_handler       0000000180002e38 f   vcruntime:VCRUNTIME140.dll
 0001:00001e3e       memset                     0000000180002e3e f   vcruntime:VCRUNTIME140.dll
 0001:00001e44       memcpy                     0000000180002e44 f   vcruntime:VCRUNTIME140.dll
 0001:00001e4a       free                       0000000180002e4a f   ucrt:api-ms-win-crt-heap-l1-1-0.dll
 0001:00001e50       _initterm                  0000000180002e50 f   ucrt:api-ms-win-crt-runtime-l1-1-0.dll
 0001:00001e56       _initterm_e                0000000180002e56 f   ucrt:api-ms-win-crt-runtime-l1-1-0.dll
 0001:00001e5c       _seh_filter_dll            0000000180002e5c f   ucrt:api-ms-win-crt-runtime-l1-1-0.dll
 0001:00001e62       _configure_narrow_argv     0000000180002e62 f   ucrt:api-ms-win-crt-runtime-l1-1-0.dll
 0001:00001e68       _initialize_narrow_environment 0000000180002e68 f   ucrt:api-ms-win-crt-runtime-l1-1-0.dll
 0001:00001e6e       _initialize_onexit_table   0000000180002e6e f   ucrt:api-ms-win-crt-runtime-l1-1-0.dll
 0001:00001e74       _execute_onexit_table      0000000180002e74 f   ucrt:api-ms-win-crt-runtime-l1-1-0.dll
 0001:00001e7a       _cexit                     0000000180002e7a f   ucrt:api-ms-win-crt-runtime-l1-1-0.dll
 0001:00001e80       __acrt_initialize          0000000180002e80 f   MSVCRT:ucrt_stubs.obj
 0001:00001e80       __acrt_thread_attach       0000000180002e80 f   MSVCRT:ucrt_stubs.obj
 0001:00001e80       __acrt_thread_detach       0000000180002e80 f   MSVCRT:ucrt_stubs.obj
 0001:00001e80       __acrt_uninitialize        0000000180002e80 f   MSVCRT:ucrt_stubs.obj
 0001:00001e80       __acrt_uninitialize_critical 0000000180002e80 f   MSVCRT:ucrt_stubs.obj
 0001:00001e80       __scrt_stub_for_acrt_initialize 0000000180002e80 f   MSVCRT:ucrt_stubs.obj
 0001:00001e80       __scrt_stub_for_acrt_thread_attach 0000000180002e80 f   MSVCRT:ucrt_stubs.obj
 0001:00001e80       __scrt_stub_for_acrt_thread_detach 0000000180002e80 f   MSVCRT:ucrt_stubs.obj
 0001:00001e80       __scrt_stub_for_acrt_uninitialize 0000000180002e80 f   MSVCRT:ucrt_stubs.obj
 0001:00001e80       __scrt_stub_for_acrt_uninitialize_critical 0000000180002e80 f   MSVCRT:ucrt_stubs.obj
 0001:00001e80       __vcrt_initialize          0000000180002e80 f   MSVCRT:ucrt_stubs.obj
 0001:00001e80       __vcrt_thread_attach       0000000180002e80 f   MSVCRT:ucrt_stubs.obj
 0001:00001e80       __vcrt_thread_detach       0000000180002e80 f   MSVCRT:ucrt_stubs.obj
 0001:00001e80       __vcrt_uninitialize        0000000180002e80 f   MSVCRT:ucrt_stubs.obj
 0001:00001e80       __vcrt_uninitialize_critical 0000000180002e80 f   MSVCRT:ucrt_stubs.obj
 0001:00001e84       __scrt_stub_for_is_c_termination_complete 0000000180002e84 f   MSVCRT:ucrt_stubs.obj
 0001:00001e84       _is_c_termination_complete 0000000180002e84 f   MSVCRT:ucrt_stubs.obj
 0001:00001ea0       _guard_dispatch_icall_nop  0000000180002ea0 f   MSVCRT:guard_dispatch.obj
 0001:00001ec0       _guard_xfg_dispatch_icall_nop 0000000180002ec0 f   MSVCRT:guard_xfg_dispatch.obj
 0002:00000000       __imp_LoadLibraryA         0000000180003000     kernel32:KERNEL32.dll
 0002:00000008       __imp_SetUnhandledExceptionFilter 0000000180003008     kernel32:KERNEL32.dll
 0002:00000010       __imp_UnhandledExceptionFilter 0000000180003010     kernel32:KERNEL32.dll
 0002:00000018       __imp_IsDebuggerPresent    0000000180003018     kernel32:KERNEL32.dll
 0002:00000020       __imp_RtlVirtualUnwind     0000000180003020     kernel32:KERNEL32.dll
 0002:00000028       __imp_RtlLookupFunctionEntry 0000000180003028     kernel32:KERNEL32.dll
 0002:00000030       __imp_RtlCaptureContext    0000000180003030     kernel32:KERNEL32.dll
 0002:00000038       __imp_DisableThreadLibraryCalls 0000000180003038     kernel32:KERNEL32.dll
 0002:00000040       __imp_GetSystemTimeAsFileTime 0000000180003040     kernel32:KERNEL32.dll
 0002:00000048       __imp_GetCurrentThreadId   0000000180003048     kernel32:KERNEL32.dll
 0002:00000050       __imp_GetCurrentProcessId  0000000180003050     kernel32:KERNEL32.dll
 0002:00000058       __imp_QueryPerformanceCounter 0000000180003058     kernel32:KERNEL32.dll
 0002:00000060       __imp_InitializeSListHead  0000000180003060     kernel32:KERNEL32.dll
 0002:00000068       __imp_LoadLibraryExA       0000000180003068     kernel32:KERNEL32.dll
 0002:00000070       __imp_GetProcAddress       0000000180003070     kernel32:KERNEL32.dll
 0002:00000078       __imp_GetModuleHandleW     0000000180003078     kernel32:KERNEL32.dll
 0002:00000080       __imp_FreeLibrary          0000000180003080     kernel32:KERNEL32.dll
 0002:00000088       __imp_VirtualQuery         0000000180003088     kernel32:KERNEL32.dll
 0002:00000090       __imp_VirtualProtect       0000000180003090     kernel32:KERNEL32.dll
 0002:00000098       __imp_GetSystemInfo        0000000180003098     kernel32:KERNEL32.dll
 0002:000000a0       __imp_GetLastError         00000001800030a0     kernel32:KERNEL32.dll
 0002:000000a8       __imp_RaiseException       00000001800030a8     kernel32:KERNEL32.dll
 0002:000000b0       __imp_IsProcessorFeaturePresent 00000001800030b0     kernel32:KERNEL32.dll
 0002:000000b8       \177KERNEL32_NULL_THUNK_DATA 00000001800030b8     kernel32:KERNEL32.dll
 0002:000000c0       __imp___C_specific_handler 00000001800030c0     vcruntime:VCRUNTIME140.dll
 0002:000000c8       __imp__purecall            00000001800030c8     vcruntime:VCRUNTIME140.dll
 0002:000000d0       __imp___std_type_info_name 00000001800030d0     vcruntime:VCRUNTIME140.dll
 0002:000000d8       __imp_strstr               00000001800030d8     vcruntime:VCRUNTIME140.dll
 0002:000000e0       __imp___std_type_info_destroy_list 00000001800030e0     vcruntime:VCRUNTIME140.dll
 0002:000000e8       __imp_memset               00000001800030e8     vcruntime:VCRUNTIME140.dll
 0002:000000f0       __imp_memcpy               00000001800030f0     vcruntime:VCRUNTIME140.dll
 0002:000000f8       \177VCRUNTIME140_NULL_THUNK_DATA 00000001800030f8     vcruntime:VCRUNTIME140.dll
 0002:00000100       __imp_free                 0000000180003100     ucrt:api-ms-win-crt-heap-l1-1-0.dll
 0002:00000108       \177api-ms-win-crt-heap-l1-1-0_NULL_THUNK_DATA 0000000180003108     ucrt:api-ms-win-crt-heap-l1-1-0.dll
 0002:00000110       __imp__initterm            0000000180003110     ucrt:api-ms-win-crt-runtime-l1-1-0.dll
 0002:00000118       __imp__initterm_e          0000000180003118     ucrt:api-ms-win-crt-runtime-l1-1-0.dll
 0002:00000120       __imp__seh_filter_dll      0000000180003120     ucrt:api-ms-win-crt-runtime-l1-1-0.dll
 0002:00000128       __imp__configure_narrow_argv 0000000180003128     ucrt:api-ms-win-crt-runtime-l1-1-0.dll
 0002:00000130       __imp__initialize_narrow_environment 0000000180003130     ucrt:api-ms-win-crt-runtime-l1-1-0.dll
 0002:00000138       __imp__initialize_onexit_table 0000000180003138     ucrt:api-ms-win-crt-runtime-l1-1-0.dll
 0002:00000140       __imp__execute_onexit_table 0000000180003140     ucrt:api-ms-win-crt-runtime-l1-1-0.dll
 0002:00000148       __imp__cexit               0000000180003148     ucrt:api-ms-win-crt-runtime-l1-1-0.dll
 0002:00000150       \177api-ms-win-crt-runtime-l1-1-0_NULL_THUNK_DATA 0000000180003150     ucrt:api-ms-win-crt-runtime-l1-1-0.dll
 0002:00000158       __guard_check_icall_fptr   0000000180003158     MSVCRT:guard_support.obj
 0002:00000160       __guard_xfg_check_icall_fptr 0000000180003160     MSVCRT:guard_support.obj
 0002:00000168       __guard_dispatch_icall_fptr 0000000180003168     MSVCRT:guard_support.obj
 0002:00000170       __guard_xfg_dispatch_icall_fptr 0000000180003170     MSVCRT:guard_support.obj
 0002:00000178       __guard_xfg_table_dispatch_icall_fptr 0000000180003178     MSVCRT:guard_support.obj
 0002:00000180       __castguard_check_failure_os_handled_fptr 0000000180003180     MSVCRT:guard_support.obj
 0002:00000188       __guard_memcpy_fptr        0000000180003188     vcruntime:softmemtag.obj
 0002:00000190       __xc_a                     0000000180003190     MSVCRT:initializers.obj
 0002:000001c8       __xc_z                     00000001800031c8     MSVCRT:initializers.obj
 0002:000001d0       __xi_a                     00000001800031d0     MSVCRT:initializers.obj
 0002:000001d8       __xi_z                     00000001800031d8     MSVCRT:initializers.obj
 0002:000001e0       __xp_a                     00000001800031e0     MSVCRT:initializers.obj
 0002:000001e8       __xp_z                     00000001800031e8     MSVCRT:initializers.obj
 0002:000001f0       __xt_a                     00000001800031f0     MSVCRT:initializers.obj
 0002:000001f8       __xt_z                     00000001800031f8     MSVCRT:initializers.obj
 0002:00000220       ??_7PxFoundation@physx@@6B@ 0000000180003220     Cooking.obj
 0002:00000290       ??_C@_0EK@HIIKNEID@D?3?2Code?2PhysX?9105?41?9blast?95?40?43@ 0000000180003290     Cooking.obj
 0002:000002e0       ??_C@_0ED@IKEFEBLJ@D?3?2Code?2PhysX?9105?41?9blast?95?40?43@ 00000001800032e0     Cooking.obj
 0002:00000328       ??_C@_0BM@OIFKLHDN@?$DMallocation?5names?5disabled?$DO@ 0000000180003328     Cooking.obj
 0002:00000350       __xmm@000000003a83126f3a83126f3a83126f 0000000180003350     Cooking.obj
 0002:00000360       __xmm@00000000ba83126fba83126fba83126f 0000000180003360     Cooking.obj
 0002:00000370       __xmm@3a83126f3a83126f3a83126f3a83126f 0000000180003370     Cooking.obj
 0002:00000380       __xmm@ba83126fba83126fba83126fba83126f 0000000180003380     Cooking.obj
 0002:00000390       ??_C@_0BA@EGLNOO@PhysXFoundation@ 0000000180003390     WindowsCookingDelayLoadHook.obj
 0002:000003a0       ??_C@_0M@ILKNCJKN@PhysXCommon@ 00000001800033a0     WindowsCookingDelayLoadHook.obj
 0002:000003b0       __sz_PhysXCommon_64_dll    00000001800033b0     PhysXCommon_64:PhysXCommon_64.dll
 0002:000003d0       __sz_PhysXFoundation_64_dll 00000001800033d0     PhysXFoundation_64:PhysXFoundation_64.dll
 0002:000003e8       ??_C@_1BK@DBDEIDLH@?$AAK?$AAE?$AAR?$AAN?$AAE?$AAL?$AA3?$AA2?$AA?4?$AAD?$AAL?$AAL@ 00000001800033e8     Delayimp:delayhlp.obj
 0002:00000408       ??_C@_0BI@OMNLIJDB@AcquireSRWLockExclusive@ 0000000180003408     Delayimp:delayhlp.obj
 0002:00000420       ??_C@_0BI@HMIEPCNJ@ReleaseSRWLockExclusive@ 0000000180003420     Delayimp:delayhlp.obj
 0002:00000438       __pfnDliFailureHook2       0000000180003438     Delayimp:delayhk1.obj
 0002:00000448       ??_7type_info@@6B@         0000000180003448     MSVCRT:std_type_info_static.obj
 0002:00000450       _pDefaultRawDllMain        0000000180003450     MSVCRT:dll_dllmain.obj
 0002:00000450       _pRawDllMain               0000000180003450     MSVCRT:dll_dllmain.obj
 0002:00000460       _load_config_used          0000000180003460     MSVCRT:loadcfg.obj
 0002:000005a0       __xmm@ffffffffffffffffffffffffffffffff 00000001800035a0     MSVCRT:utility.obj
 0002:00000680       ??_R4type_info@@6B@        0000000180003680     MSVCRT:std_type_info_static.obj
 0002:000006a8       ??_R3type_info@@8          00000001800036a8     MSVCRT:std_type_info_static.obj
 0002:000006c0       ??_R2type_info@@8          00000001800036c0     MSVCRT:std_type_info_static.obj
 0002:000006d0       ??_R1A@?0A@EA@type_info@@8 00000001800036d0     MSVCRT:std_type_info_static.obj
 0002:000006f4       __volatile_metadata        00000001800036f4     <linker-defined>
 0002:00000b30       __rtc_iaa                  0000000180003b30     MSVCRT:initsect.obj
 0002:00000b38       __rtc_izz                  0000000180003b38     MSVCRT:initsect.obj
 0002:00000b40       __rtc_taa                  0000000180003b40     MSVCRT:initsect.obj
 0002:00000b48       __rtc_tzz                  0000000180003b48     MSVCRT:initsect.obj
 0002:00000e0c       __DELAY_IMPORT_DESCRIPTOR_physxcommon_64_dll 0000000180003e0c     PhysXCommon_64:PhysXCommon_64.dll
 0002:00000e2c       __DELAY_IMPORT_DESCRIPTOR_physxfoundation_64_dll 0000000180003e2c     PhysXFoundation_64:PhysXFoundation_64.dll
 0002:00000e4c       __NULL_DELAY_IMPORT_DESCRIPTOR 0000000180003e4c     PhysXCommon_64:PhysXCommon_64.dll
 0002:00000f30       \177PhysXCommon_64_NULL_THUNK_DATA_DLN 0000000180003f30     PhysXCommon_64:PhysXCommon_64.dll
 0002:00000f40       \177PhysXFoundation_64_NULL_THUNK_DATA_DLN 0000000180003f40     PhysXFoundation_64:PhysXFoundation_64.dll
 0002:000011d0       \177PhysXCommon_64_NULL_THUNK_DATA_DLB 00000001800041d0     PhysXCommon_64:PhysXCommon_64.dll
 0002:00001298       \177PhysXFoundation_64_NULL_THUNK_DATA_DLB 0000000180004298     PhysXFoundation_64:PhysXFoundation_64.dll
 0002:00001da4       __IMPORT_DESCRIPTOR_KERNEL32 0000000180004da4     kernel32:KERNEL32.dll
 0002:00001db8       __IMPORT_DESCRIPTOR_VCRUNTIME140 0000000180004db8     vcruntime:VCRUNTIME140.dll
 0002:00001dcc       __IMPORT_DESCRIPTOR_api-ms-win-crt-heap-l1-1-0 0000000180004dcc     ucrt:api-ms-win-crt-heap-l1-1-0.dll
 0002:00001de0       __IMPORT_DESCRIPTOR_api-ms-win-crt-runtime-l1-1-0 0000000180004de0     ucrt:api-ms-win-crt-runtime-l1-1-0.dll
 0002:00001df4       __NULL_IMPORT_DESCRIPTOR   0000000180004df4     kernel32:KERNEL32.dll
 0003:00000000       __pfnDliNotifyHook2        0000000180006000     WindowsCookingDelayLoadHook.obj
 0003:00000008       _fltused                   0000000180006008     MSVCRT:fltused.obj
 0003:0000000c       __scrt_native_dllmain_reason 000000018000600c     MSVCRT:utility.obj
 0003:00000010       __security_cookie_complement 0000000180006010     MSVCRT:gs_cookie.obj
 0003:00000018       __security_cookie          0000000180006018     MSVCRT:gs_cookie.obj
 0003:00000020       __isa_available            0000000180006020     MSVCRT:cpu_disp.obj
 0003:00000024       __isa_enabled              0000000180006024     MSVCRT:cpu_disp.obj
 0003:00000028       __memset_fast_string_threshold 0000000180006028     MSVCRT:cpu_disp.obj
 0003:00000030       __memset_nt_threshold      0000000180006030     MSVCRT:cpu_disp.obj
 0003:00000038       __scrt_ucrt_dll_is_in_use  0000000180006038     MSVCRT:ucrt_stubs.obj
 0003:00000040       ??_R0?AVBVH@Gu@physx@@@8   0000000180006040     Cooking.obj
 0003:00000068       ??_R0?AVBV4TriangleMesh@Gu@physx@@@8 0000000180006068     Cooking.obj
 0003:00000098       ??_R0?AUSlab@NodeAllocator@Gu@physx@@@8 0000000180006098     Cooking.obj
 0003:000000d0       ??_R0?AVtype_info@@@8      00000001800060d0     MSVCRT:std_type_info_static.obj
 0003:000000f0       __imp_getInsertionCallback 00000001800060f0     PhysXCommon_64:PhysXCommon_64.dll
 0003:000000f8       __imp_??0BV4TriangleMesh@Gu@physx@@QEAA@AEBUPxTriangleMeshInternalData@2@@Z 00000001800060f8     PhysXCommon_64:PhysXCommon_64.dll
 0003:00000100       __imp_cookBVH              0000000180006100     PhysXCommon_64:PhysXCommon_64.dll
 0003:00000108       __imp_createBVH            0000000180006108     PhysXCommon_64:PhysXCommon_64.dll
 0003:00000110       __imp_cookHeightField      0000000180006110     PhysXCommon_64:PhysXCommon_64.dll
 0003:00000118       __imp_createHeightField    0000000180006118     PhysXCommon_64:PhysXCommon_64.dll
 0003:00000120       __imp_cookConvexMesh       0000000180006120     PhysXCommon_64:PhysXCommon_64.dll
 0003:00000128       __imp_createConvexMesh     0000000180006128     PhysXCommon_64:PhysXCommon_64.dll
 0003:00000130       __imp_validateConvexMesh   0000000180006130     PhysXCommon_64:PhysXCommon_64.dll
 0003:00000138       __imp_computeHullPolygons  0000000180006138     PhysXCommon_64:PhysXCommon_64.dll
 0003:00000140       __imp_validateTriangleMesh 0000000180006140     PhysXCommon_64:PhysXCommon_64.dll
 0003:00000148       __imp_createTriangleMesh   0000000180006148     PhysXCommon_64:PhysXCommon_64.dll
 0003:00000150       __imp_cookTriangleMesh     0000000180006150     PhysXCommon_64:PhysXCommon_64.dll
 0003:00000158       __imp_cookTetrahedronMesh  0000000180006158     PhysXCommon_64:PhysXCommon_64.dll
 0003:00000160       __imp_createTetrahedronMesh 0000000180006160     PhysXCommon_64:PhysXCommon_64.dll
 0003:00000168       __imp_cookSoftBodyMesh     0000000180006168     PhysXCommon_64:PhysXCommon_64.dll
 0003:00000170       __imp_createSoftBodyMesh   0000000180006170     PhysXCommon_64:PhysXCommon_64.dll
 0003:00000178       __imp_computeModelsMapping 0000000180006178     PhysXCommon_64:PhysXCommon_64.dll
 0003:00000180       __imp_computeCollisionData 0000000180006180     PhysXCommon_64:PhysXCommon_64.dll
 0003:00000188       __imp_computeSimulationData 0000000180006188     PhysXCommon_64:PhysXCommon_64.dll
 0003:00000190       __imp_assembleSoftBodyMesh 0000000180006190     PhysXCommon_64:PhysXCommon_64.dll
 0003:00000198       __imp_assembleSoftBodyMesh_Sim 0000000180006198     PhysXCommon_64:PhysXCommon_64.dll
 0003:000001a0       __imp_?release@AABBTreeBounds@Gu@physx@@QEAAXXZ 00000001800061a0     PhysXCommon_64:PhysXCommon_64.dll
 0003:000001a8       __imp_??0BVH@Gu@physx@@QEAA@AEBUPxBVHInternalData@2@@Z 00000001800061a8     PhysXCommon_64:PhysXCommon_64.dll
 0003:000001b0       \177PhysXCommon_64_NULL_THUNK_DATA_DLA 00000001800061b0     PhysXCommon_64:PhysXCommon_64.dll
 0003:000001b8       __imp_PxGetBroadcastAllocator 00000001800061b8     PhysXFoundation_64:PhysXFoundation_64.dll
 0003:000001c0       \177PhysXFoundation_64_NULL_THUNK_DATA_DLA 00000001800061c0     PhysXFoundation_64:PhysXFoundation_64.dll
 0003:00000238       __hmod__PhysXCommon_64_dll 0000000180006238     PhysXCommon_64:PhysXCommon_64.dll
 0003:00000240       __hmod__PhysXFoundation_64_dll 0000000180006240     PhysXFoundation_64:PhysXFoundation_64.dll
 0003:00000248       ?DloadKernel32@@3PEAUHINSTANCE__@@EA 0000000180006248     Delayimp:delayhlp.obj
 0003:00000250       ?DloadAcquireSRWLockExclusive@@3P6AXPEA_K@ZEA 0000000180006250     Delayimp:delayhlp.obj
 0003:00000258       ?DloadReleaseSRWLockExclusive@@3P6AXPEA_K@ZEA 0000000180006258     Delayimp:delayhlp.obj
 0003:00000260       ?DloadSrwLock@@3_KA        0000000180006260     Delayimp:delayhlp.obj
 0003:00000268       ?DloadSectionLockCount@@3KA 0000000180006268     Delayimp:delayhlp.obj
 0003:0000026c       ?DloadSectionOldProtection@@3KA 000000018000626c     Delayimp:delayhlp.obj
 0003:00000270       ?DloadSectionCommitPermanent@@3KA 0000000180006270     Delayimp:delayhlp.obj
 0003:00000280       ?__type_info_root_node@@3U__type_info_node@@A 0000000180006280     MSVCRT:tncleanup.obj
 0003:00000298       ?_OptionsStorage@?1??__local_stdio_printf_options@@9@4_KA 0000000180006298     MSVCRT:default_local_stdio_options.obj
 0003:000002a0       ?_OptionsStorage@?1??__local_stdio_scanf_options@@9@4_KA 00000001800062a0     MSVCRT:default_local_stdio_options.obj
 0003:000002a8       __scrt_current_native_startup_state 00000001800062a8     MSVCRT:utility.obj
 0003:000002b0       __scrt_native_startup_lock 00000001800062b0     MSVCRT:utility.obj
 0003:000002f0       __scrt_debugger_hook_flag  00000001800062f0     MSVCRT:utility_desktop.obj
 0003:000002f4       __favor                    00000001800062f4     MSVCRT:cpu_disp.obj
 0003:000002f8       __dyn_tls_init_callback    00000001800062f8     <common>

 entry point at        0001:00001618

 Static symbols

 0000:ffff6000       .debug$S                   0000000180000000     PhysXCooking_64.exp
 0000:ffff6000       .debug$S                   0000000180000000     ucrt:api-ms-win-crt-heap-l1-1-0.dll
 0000:ffff6000       .debug$S                   0000000180000000     ucrt:api-ms-win-crt-runtime-l1-1-0.dll
 0000:ffff6000       .debug$S                   0000000180000000     ucrt:api-ms-win-crt-runtime-l1-1-0.dll
 0000:ffff6000       .debug$S                   0000000180000000     ucrt:api-ms-win-crt-runtime-l1-1-0.dll
 0000:ffff6000       .debug$S                   0000000180000000     ucrt:api-ms-win-crt-runtime-l1-1-0.dll
 0000:ffff6000       .debug$S                   0000000180000000     ucrt:api-ms-win-crt-runtime-l1-1-0.dll
 0000:ffff6000       .debug$S                   0000000180000000     ucrt:api-ms-win-crt-runtime-l1-1-0.dll
 0000:ffff6000       .debug$S                   0000000180000000     ucrt:api-ms-win-crt-runtime-l1-1-0.dll
 0000:ffff6000       .debug$S                   0000000180000000     ucrt:api-ms-win-crt-runtime-l1-1-0.dll
 0000:ffff6000       .debug$S                   0000000180000000     ucrt:api-ms-win-crt-runtime-l1-1-0.dll
 0000:ffff6000       .debug$S                   0000000180000000     ucrt:api-ms-win-crt-runtime-l1-1-0.dll
 0000:ffff6000       .debug$S                   0000000180000000     ucrt:api-ms-win-crt-runtime-l1-1-0.dll
 0000:ffff6000       .debug$S                   0000000180000000     ucrt:api-ms-win-crt-runtime-l1-1-0.dll
 0000:ffff6000       .debug$S                   0000000180000000     kernel32:KERNEL32.dll
 0000:ffff6000       .debug$S                   0000000180000000     kernel32:KERNEL32.dll
 0000:ffff6000       .debug$S                   0000000180000000     kernel32:KERNEL32.dll
 0000:ffff6000       .debug$S                   0000000180000000     kernel32:KERNEL32.dll
 0000:ffff6000       .debug$S                   0000000180000000     kernel32:KERNEL32.dll
 0000:ffff6000       .debug$S                   0000000180000000     kernel32:KERNEL32.dll
 0000:ffff6000       .debug$S                   0000000180000000     kernel32:KERNEL32.dll
 0000:ffff6000       .debug$S                   0000000180000000     kernel32:KERNEL32.dll
 0000:ffff6000       .debug$S                   0000000180000000     kernel32:KERNEL32.dll
 0000:ffff6000       .debug$S                   0000000180000000     kernel32:KERNEL32.dll
 0000:ffff6000       .debug$S                   0000000180000000     kernel32:KERNEL32.dll
 0000:ffff6000       .debug$S                   0000000180000000     kernel32:KERNEL32.dll
 0000:ffff6000       .debug$S                   0000000180000000     kernel32:KERNEL32.dll
 0000:ffff6000       .debug$S                   0000000180000000     kernel32:KERNEL32.dll
 0000:ffff6000       .debug$S                   0000000180000000     kernel32:KERNEL32.dll
 0000:ffff6000       .debug$S                   0000000180000000     kernel32:KERNEL32.dll
 0000:ffff6000       .debug$S                   0000000180000000     kernel32:KERNEL32.dll
 0000:ffff6000       .debug$S                   0000000180000000     kernel32:KERNEL32.dll
 0000:ffff6000       .debug$S                   0000000180000000     kernel32:KERNEL32.dll
 0000:ffff6000       .debug$S                   0000000180000000     kernel32:KERNEL32.dll
 0000:ffff6000       .debug$S                   0000000180000000     kernel32:KERNEL32.dll
 0000:ffff6000       .debug$S                   0000000180000000     kernel32:KERNEL32.dll
 0000:ffff6000       .debug$S                   0000000180000000     kernel32:KERNEL32.dll
 0000:ffff6000       .debug$S                   0000000180000000     kernel32:KERNEL32.dll
 0000:ffff6000       .debug$S                   0000000180000000     vcruntime:VCRUNTIME140.dll
 0000:ffff6000       .debug$S                   0000000180000000     vcruntime:VCRUNTIME140.dll
 0000:ffff6000       .debug$S                   0000000180000000     vcruntime:VCRUNTIME140.dll
 0000:ffff6000       .debug$S                   0000000180000000     vcruntime:VCRUNTIME140.dll
 0000:ffff6000       .debug$S                   0000000180000000     vcruntime:VCRUNTIME140.dll
 0000:ffff6000       .debug$S                   0000000180000000     vcruntime:VCRUNTIME140.dll
 0000:ffff6000       .debug$S                   0000000180000000     vcruntime:VCRUNTIME140.dll
 0000:ffff6000       .debug$S                   0000000180000000     vcruntime:VCRUNTIME140.dll
 0000:ffff6000       .debug$S                   0000000180000000     vcruntime:VCRUNTIME140.dll
 0000:ffff6000       .debug$S                   0000000180000000     PhysXCommon_64:PhysXCommon_64.dll
 0000:ffff6000       .debug$S                   0000000180000000     PhysXCommon_64:PhysXCommon_64.dll
 0000:ffff6000       .debug$S                   0000000180000000     PhysXCommon_64:PhysXCommon_64.dll
 0000:ffff6000       .debug$S                   0000000180000000     PhysXCommon_64:PhysXCommon_64.dll
 0000:ffff6000       .debug$S                   0000000180000000     PhysXCommon_64:PhysXCommon_64.dll
 0000:ffff6000       .debug$S                   0000000180000000     PhysXCommon_64:PhysXCommon_64.dll
 0000:ffff6000       .debug$S                   0000000180000000     PhysXCommon_64:PhysXCommon_64.dll
 0000:ffff6000       .debug$S                   0000000180000000     PhysXCommon_64:PhysXCommon_64.dll
 0000:ffff6000       .debug$S                   0000000180000000     PhysXCommon_64:PhysXCommon_64.dll
 0000:ffff6000       .debug$S                   0000000180000000     PhysXCommon_64:PhysXCommon_64.dll
 0000:ffff6000       .debug$S                   0000000180000000     PhysXCommon_64:PhysXCommon_64.dll
 0000:ffff6000       .debug$S                   0000000180000000     PhysXCommon_64:PhysXCommon_64.dll
 0000:ffff6000       .debug$S                   0000000180000000     PhysXCommon_64:PhysXCommon_64.dll
 0000:ffff6000       .debug$S                   0000000180000000     PhysXCommon_64:PhysXCommon_64.dll
 0000:ffff6000       .debug$S                   0000000180000000     PhysXCommon_64:PhysXCommon_64.dll
 0000:ffff6000       .debug$S                   0000000180000000     PhysXCommon_64:PhysXCommon_64.dll
 0000:ffff6000       .debug$S                   0000000180000000     PhysXCommon_64:PhysXCommon_64.dll
 0000:ffff6000       .debug$S                   0000000180000000     PhysXCommon_64:PhysXCommon_64.dll
 0000:ffff6000       .debug$S                   0000000180000000     PhysXCommon_64:PhysXCommon_64.dll
 0000:ffff6000       .debug$S                   0000000180000000     PhysXCommon_64:PhysXCommon_64.dll
 0000:ffff6000       .debug$S                   0000000180000000     PhysXCommon_64:PhysXCommon_64.dll
 0000:ffff6000       .debug$S                   0000000180000000     PhysXCommon_64:PhysXCommon_64.dll
 0000:ffff6000       .debug$S                   0000000180000000     PhysXCommon_64:PhysXCommon_64.dll
 0000:ffff6000       .debug$S                   0000000180000000     PhysXCommon_64:PhysXCommon_64.dll
 0000:ffff6000       .debug$S                   0000000180000000     PhysXFoundation_64:PhysXFoundation_64.dll
 0001:00000000       ??__EmaxFError@vecMathTests@aos@physx@@YAXXZ 0000000180001000 f   Cooking.obj
 0001:00000020       ??__EmaxV3Error@vecMathTests@aos@physx@@YAXXZ 0000000180001020 f   Cooking.obj
 0001:00000040       ??__EmaxV4Error@vecMathTests@aos@physx@@YAXXZ 0000000180001040 f   Cooking.obj
 0001:00000060       ??__EminFError@vecMathTests@aos@physx@@YAXXZ 0000000180001060 f   Cooking.obj
 0001:00000080       ??__EminV3Error@vecMathTests@aos@physx@@YAXXZ 0000000180001080 f   Cooking.obj
 0001:000000a0       ??__EminV4Error@vecMathTests@aos@physx@@YAXXZ 00000001800010a0 f   Cooking.obj
 0001:00000940       $LN24                      0000000180001940     WindowsCookingDelayLoadHook.obj
 0001:000012f8       ?dllmain_crt_dispatch@@YAHQEAUHINSTANCE__@@KQEAX@Z 00000001800022f8 f   MSVCRT:dll_dllmain.obj
 0001:00001348       ?dllmain_crt_process_attach@@YAHQEAUHINSTANCE__@@QEAX@Z 0000000180002348 f   MSVCRT:dll_dllmain.obj
 0001:00001460       ?dllmain_crt_process_detach@@YAH_N@Z 0000000180002460 f   MSVCRT:dll_dllmain.obj
 0001:000014e4       ?dllmain_dispatch@@YAHQEAUHINSTANCE__@@KQEAX@Z 00000001800024e4 f   MSVCRT:dll_dllmain.obj
 0001:00001e90       $$000000                   0000000180002e90     MSVCRT:guard_dispatch.obj
 0001:00001eb0       $$000000                   0000000180002eb0     MSVCRT:guard_xfg_dispatch.obj
 0001:00001ec6       ?fin$0@?0??dllmain_crt_process_attach@@YAHQEAUHINSTANCE__@@QEAX@Z@4HA 0000000180002ec6 f   MSVCRT:dll_dllmain.obj
 0001:00001edd       ?fin$0@?0??dllmain_crt_process_detach@@YAH_N@Z@4HA 0000000180002edd f   MSVCRT:dll_dllmain.obj
 0001:00001ef6       ?fin$1@?0??dllmain_crt_process_detach@@YAH_N@Z@4HA 0000000180002ef6 f   MSVCRT:dll_dllmain.obj
 0001:00001f0a       ?filt$0@?0??dllmain_dispatch@@YAHQEAUHINSTANCE__@@KQEAX@Z@4HA 0000000180002f0a f   MSVCRT:dll_dllmain.obj
 0001:00001f40       __scrt_is_nonwritable_in_current_image$filt$0 0000000180002f40 f   MSVCRT:utility.obj
 0002:00000198       ?minFError$initializer$@vecMathTests@aos@physx@@3P6AXXZEA 0000000180003198     Cooking.obj
 0002:000001a0       ?maxFError$initializer$@vecMathTests@aos@physx@@3P6AXXZEA 00000001800031a0     Cooking.obj
 0002:000001a8       ?minV3Error$initializer$@vecMathTests@aos@physx@@3P6AXXZEA 00000001800031a8     Cooking.obj
 0002:000001b0       ?maxV3Error$initializer$@vecMathTests@aos@physx@@3P6AXXZEA 00000001800031b0     Cooking.obj
 0002:000001b8       ?minV4Error$initializer$@vecMathTests@aos@physx@@3P6AXXZEA 00000001800031b8     Cooking.obj
 0002:000001c0       ?maxV4Error$initializer$@vecMathTests@aos@physx@@3P6AXXZEA 00000001800031c0     Cooking.obj
 0002:00000200       ?minus1w@?A0x11be1cf4@aos@physx@@3QBMB 0000000180003200     Cooking.obj
 0002:00000210       ?gMaskXYZ@internalWindowsSimd@aos@physx@@3QBIB 0000000180003210     Cooking.obj
 0002:00000b50       $unwind$??_EPxFoundation@physx@@MEAAPEAXI@Z 0000000180003b50     Cooking.obj
 0002:00000b50       $unwind$?DloadAcquireSectionWriteAccess@@YAXXZ 0000000180003b50     Delayimp:delayhlp.obj
 0002:00000b50       $unwind$??_Gtype_info@@UEAAPEAXI@Z 0000000180003b50     MSVCRT:std_type_info_static.obj
 0002:00000b50       $unwind$__scrt_initialize_crt 0000000180003b50     MSVCRT:utility.obj
 0002:00000b50       $unwind$__scrt_initialize_onexit_tables 0000000180003b50     MSVCRT:utility.obj
 0002:00000b50       $unwind$__scrt_release_startup_lock 0000000180003b50     MSVCRT:utility.obj
 0002:00000b50       $unwind$__scrt_uninitialize_crt 0000000180003b50     MSVCRT:utility.obj
 0002:00000b58       $chain$0$??_EPxFoundation@physx@@MEAAPEAXI@Z 0000000180003b58     Cooking.obj
 0002:00000b6c       $chain$1$??_EPxFoundation@physx@@MEAAPEAXI@Z 0000000180003b6c     Cooking.obj
 0002:00000b7c       $unwind$??1AABBTreeBuildParams@Gu@physx@@QEAA@XZ 0000000180003b7c     Cooking.obj
 0002:00000b7c       $unwind$?reset@AABBTreeBuildParams@Gu@physx@@QEAAXXZ 0000000180003b7c     Cooking.obj
 0002:00000b7c       $unwind$_DllMainCRTStartup 0000000180003b7c     MSVCRT:dll_dllmain.obj
 0002:00000b8c       $unwind$?allocate@?$PxArray@USlab@NodeAllocator@Gu@physx@@V?$PxReflectionAllocator@USlab@NodeAllocator@Gu@physx@@@4@@physx@@IEAAPEAUSlab@NodeAllocator@Gu@2@I@Z 0000000180003b8c     Cooking.obj
 0002:00000b94       $chain$0$?allocate@?$PxArray@USlab@NodeAllocator@Gu@physx@@V?$PxReflectionAllocator@USlab@NodeAllocator@Gu@physx@@@4@@physx@@IEAAPEAUSlab@NodeAllocator@Gu@2@I@Z 0000000180003b94     Cooking.obj
 0002:00000ba8       $chain$3$?allocate@?$PxArray@USlab@NodeAllocator@Gu@physx@@V?$PxReflectionAllocator@USlab@NodeAllocator@Gu@physx@@@4@@physx@@IEAAPEAUSlab@NodeAllocator@Gu@2@I@Z 0000000180003ba8     Cooking.obj
 0002:00000bc0       $chain$4$?allocate@?$PxArray@USlab@NodeAllocator@Gu@physx@@V?$PxReflectionAllocator@USlab@NodeAllocator@Gu@physx@@@4@@physx@@IEAAPEAUSlab@NodeAllocator@Gu@2@I@Z 0000000180003bc0     Cooking.obj
 0002:00000bd0       $unwind$?recreate@?$PxArray@USlab@NodeAllocator@Gu@physx@@V?$PxReflectionAllocator@USlab@NodeAllocator@Gu@physx@@@4@@physx@@IEAAXI@Z 0000000180003bd0     Cooking.obj
 0002:00000be0       $chain$0$?recreate@?$PxArray@USlab@NodeAllocator@Gu@physx@@V?$PxReflectionAllocator@USlab@NodeAllocator@Gu@physx@@@4@@physx@@IEAAXI@Z 0000000180003be0     Cooking.obj
 0002:00000bf4       $chain$1$?recreate@?$PxArray@USlab@NodeAllocator@Gu@physx@@V?$PxReflectionAllocator@USlab@NodeAllocator@Gu@physx@@@4@@physx@@IEAAXI@Z 0000000180003bf4     Cooking.obj
 0002:00000c04       $unwind$??$copy@V?$PxReflectionAllocator@USlab@NodeAllocator@Gu@physx@@@physx@@@?$PxArray@USlab@NodeAllocator@Gu@physx@@V?$PxReflectionAllocator@USlab@NodeAllocator@Gu@physx@@@4@@physx@@IEAAXAEBV01@@Z 0000000180003c04     Cooking.obj
 0002:00000c04       $unwind$??0NodeAllocator@Gu@physx@@QEAA@AEBV012@@Z 0000000180003c04     Cooking.obj
 0002:00000c04       $unwind$?DloadGetSRWLockFunctionPointers@@YAEXZ 0000000180003c04     Delayimp:delayhlp.obj
 0002:00000c04       $unwind$_RTC_Initialize    0000000180003c04     MSVCRT:initsect.obj
 0002:00000c04       $unwind$_RTC_Terminate     0000000180003c04     MSVCRT:initsect.obj
 0002:00000c10       $unwind$??4NodeAllocator@Gu@physx@@QEAAAEAV012@AEBV012@@Z 0000000180003c10     Cooking.obj
 0002:00000c24       $unwind$PxCreateBVHInternal 0000000180003c24     Cooking.obj
 0002:00000c24       $unwind$PxCreateTriangleMeshInternal 0000000180003c24     Cooking.obj
 0002:00000c30       $unwind$?cookingDelayHook@@YAP6A_JXZIPEAUDelayLoadInfo@@@Z 0000000180003c30     WindowsCookingDelayLoadHook.obj
 0002:00000c30       $unwind$?DloadReleaseSectionWriteAccess@@YAXXZ 0000000180003c30     Delayimp:delayhlp.obj
 0002:00000c30       $unwind$__scrt_initialize_default_local_stdio_options 0000000180003c30     MSVCRT:default_local_stdio_options.obj
 0002:00000c30       $unwind$?dllmain_crt_dispatch@@YAHQEAUHINSTANCE__@@KQEAX@Z 0000000180003c30     MSVCRT:dll_dllmain.obj
 0002:00000c30       $unwind$DllMain            0000000180003c30     MSVCRT:dll_dllmain_stub.obj
 0002:00000c30       $unwind$__scrt_acquire_startup_lock 0000000180003c30     MSVCRT:utility.obj
 0002:00000c30       $unwind$__scrt_dllmain_after_initialize_c 0000000180003c30     MSVCRT:utility.obj
 0002:00000c30       $unwind$__scrt_dllmain_before_initialize_c 0000000180003c30     MSVCRT:utility.obj
 0002:00000c30       $unwind$__scrt_dllmain_crt_thread_attach 0000000180003c30     MSVCRT:utility.obj
 0002:00000c30       $unwind$__scrt_dllmain_crt_thread_detach 0000000180003c30     MSVCRT:utility.obj
 0002:00000c30       $unwind$__scrt_dllmain_uninitialize_c 0000000180003c30     MSVCRT:utility.obj
 0002:00000c30       $unwind$__scrt_dllmain_uninitialize_critical 0000000180003c30     MSVCRT:utility.obj
 0002:00000c38       $chain$1$?cookingDelayHook@@YAP6A_JXZIPEAUDelayLoadInfo@@@Z 0000000180003c38     WindowsCookingDelayLoadHook.obj
 0002:00000c50       $chain$3$?cookingDelayHook@@YAP6A_JXZIPEAUDelayLoadInfo@@@Z 0000000180003c50     WindowsCookingDelayLoadHook.obj
 0002:00000c50       $chain$5$?cookingDelayHook@@YAP6A_JXZIPEAUDelayLoadInfo@@@Z 0000000180003c50     WindowsCookingDelayLoadHook.obj
 0002:00000c68       $chain$6$?cookingDelayHook@@YAP6A_JXZIPEAUDelayLoadInfo@@@Z 0000000180003c68     WindowsCookingDelayLoadHook.obj
 0002:00000c78       xdata                      0000000180003c78     PhysXCommon_64:PhysXCommon_64.dll
 0002:00000c80       xdata                      0000000180003c80     PhysXFoundation_64:PhysXFoundation_64.dll
 0002:00000c88       $unwind$?DloadObtainSection@@YAPEAXPEAK0@Z 0000000180003c88     Delayimp:delayhlp.obj
 0002:00000c98       $unwind$?DloadMakePermanentImageCommit@@YAXPEAX_K@Z 0000000180003c98     Delayimp:delayhlp.obj
 0002:00000ca4       $unwind$?DloadProtectSection@@YAXKPEAK@Z 0000000180003ca4     Delayimp:delayhlp.obj
 0002:00000cb4       $unwind$__delayLoadHelper2 0000000180003cb4     Delayimp:delayhlp.obj
 0002:00000cd0       $unwind$?dllmain_crt_process_attach@@YAHQEAUHINSTANCE__@@QEAX@Z 0000000180003cd0     MSVCRT:dll_dllmain.obj
 0002:00000d0c       $unwind$?fin$0@?0??dllmain_crt_process_attach@@YAHQEAUHINSTANCE__@@QEAX@Z@4HA 0000000180003d0c     MSVCRT:dll_dllmain.obj
 0002:00000d0c       $unwind$?fin$0@?0??dllmain_crt_process_detach@@YAH_N@Z@4HA 0000000180003d0c     MSVCRT:dll_dllmain.obj
 0002:00000d0c       $unwind$?fin$1@?0??dllmain_crt_process_detach@@YAH_N@Z@4HA 0000000180003d0c     MSVCRT:dll_dllmain.obj
 0002:00000d14       $unwind$?dllmain_crt_process_detach@@YAH_N@Z 0000000180003d14     MSVCRT:dll_dllmain.obj
 0002:00000d68       $unwind$?dllmain_dispatch@@YAHQEAUHINSTANCE__@@KQEAX@Z 0000000180003d68     MSVCRT:dll_dllmain.obj
 0002:00000d90       $unwind$?filt$0@?0??dllmain_dispatch@@YAHQEAUHINSTANCE__@@KQEAX@Z@4HA 0000000180003d90     MSVCRT:dll_dllmain.obj
 0002:00000d98       $unwind$__security_init_cookie 0000000180003d98     MSVCRT:gs_support.obj
 0002:00000da4       $unwind$__scrt_is_nonwritable_in_current_image 0000000180003da4     MSVCRT:utility.obj
 0002:00000dc4       $unwind$__scrt_is_nonwritable_in_current_image$filt$0 0000000180003dc4     MSVCRT:utility.obj
 0002:00000dcc       $unwind$__scrt_dllmain_exception_filter 0000000180003dcc     MSVCRT:utility.obj
 0002:00000de0       $unwind$__scrt_fastfail    0000000180003de0     MSVCRT:utility_desktop.obj
 0002:00000df0       $xdatasym                  0000000180003df0     MSVCRT:guard_dispatch.obj
 0002:00000df8       $xdatasym                  0000000180003df8     MSVCRT:guard_xfg_dispatch.obj
 0002:00000dfc       $unwind$__isa_available_init 0000000180003dfc     MSVCRT:cpu_disp.obj
 0002:000012a0       .edata                     00000001800042a0     PhysXCooking_64.exp
 0002:000012c8       rgpv                       00000001800042c8     PhysXCooking_64.exp
 0002:000013b0       rgszName                   00000001800043b0     PhysXCooking_64.exp
 0002:00001498       rgwOrd                     0000000180004498     PhysXCooking_64.exp
 0002:0000150c       szName                     000000018000450c     PhysXCooking_64.exp
 0002:00001520       $N00001                    0000000180004520     PhysXCooking_64.exp
 0002:00001544       $N00002                    0000000180004544     PhysXCooking_64.exp
 0002:00001573       $N00003                    0000000180004573     PhysXCooking_64.exp
 0002:0000159a       $N00004                    000000018000459a     PhysXCooking_64.exp
 0002:000015f1       $N00005                    00000001800045f1     PhysXCooking_64.exp
 0002:0000161c       $N00006                    000000018000461c     PhysXCooking_64.exp
 0002:00001642       $N00007                    0000000180004642     PhysXCooking_64.exp
 0002:00001661       $N00008                    0000000180004661     PhysXCooking_64.exp
 0002:00001685       $N00009                    0000000180004685     PhysXCooking_64.exp
 0002:000016ac       $N00010                    00000001800046ac     PhysXCooking_64.exp
 0002:000016d5       $N00011                    00000001800046d5     PhysXCooking_64.exp
 0002:000016f4       $N00012                    00000001800046f4     PhysXCooking_64.exp
 0002:00001727       $N00013                    0000000180004727     PhysXCooking_64.exp
 0002:0000175d       $N00014                    000000018000475d     PhysXCooking_64.exp
 0002:00001795       $N00015                    0000000180004795     PhysXCooking_64.exp
 0002:000017c7       $N00016                    00000001800047c7     PhysXCooking_64.exp
 0002:000017f3       $N00017                    00000001800047f3     PhysXCooking_64.exp
 0002:0000180f       $N00018                    000000018000480f     PhysXCooking_64.exp
 0002:00001839       $N00019                    0000000180004839     PhysXCooking_64.exp
 0002:00001875       $N00020                    0000000180004875     PhysXCooking_64.exp
 0002:000018b0       $N00021                    00000001800048b0     PhysXCooking_64.exp
 0002:000018eb       $N00022                    00000001800048eb     PhysXCooking_64.exp
 0002:00001920       $N00023                    0000000180004920     PhysXCooking_64.exp
 0002:0000195c       $N00024                    000000018000495c     PhysXCooking_64.exp
 0002:0000198f       $N00025                    000000018000498f     PhysXCooking_64.exp
 0002:000019c2       $N00026                    00000001800049c2     PhysXCooking_64.exp
 0002:000019fc       $N00027                    00000001800049fc     PhysXCooking_64.exp
 0002:00001a36       $N00028                    0000000180004a36     PhysXCooking_64.exp
 0002:00001a63       $N00029                    0000000180004a63     PhysXCooking_64.exp
 0002:00001a96       $N00030                    0000000180004a96     PhysXCooking_64.exp
 0002:00001ac4       $N00031                    0000000180004ac4     PhysXCooking_64.exp
 0002:00001af1       $N00032                    0000000180004af1     PhysXCooking_64.exp
 0002:00001b2d       $N00033                    0000000180004b2d     PhysXCooking_64.exp
 0002:00001b6a       $N00034                    0000000180004b6a     PhysXCooking_64.exp
 0002:00001b9a       $N00035                    0000000180004b9a     PhysXCooking_64.exp
 0002:00001bb1       $N00036                    0000000180004bb1     PhysXCooking_64.exp
 0002:00001bcc       $N00037                    0000000180004bcc     PhysXCooking_64.exp
 0002:00001be3       $N00038                    0000000180004be3     PhysXCooking_64.exp
 0002:00001bf9       $N00039                    0000000180004bf9     PhysXCooking_64.exp
 0002:00001c10       $N00040                    0000000180004c10     PhysXCooking_64.exp
 0002:00001c28       $N00041                    0000000180004c28     PhysXCooking_64.exp
 0002:00001c32       $N00042                    0000000180004c32     PhysXCooking_64.exp
 0002:00001c43       $N00043                    0000000180004c43     PhysXCooking_64.exp
 0002:00001c55       $N00044                    0000000180004c55     PhysXCooking_64.exp
 0002:00001c68       $N00045                    0000000180004c68     PhysXCooking_64.exp
 0002:00001c7e       $N00046                    0000000180004c7e     PhysXCooking_64.exp
 0002:00001c91       $N00047                    0000000180004c91     PhysXCooking_64.exp
 0002:00001c9d       $N00048                    0000000180004c9d     PhysXCooking_64.exp
 0002:00001cb1       $N00049                    0000000180004cb1     PhysXCooking_64.exp
 0002:00001cc4       $N00050                    0000000180004cc4     PhysXCooking_64.exp
 0002:00001cd8       $N00051                    0000000180004cd8     PhysXCooking_64.exp
 0002:00001ced       $N00052                    0000000180004ced     PhysXCooking_64.exp
 0002:00001d05       $N00053                    0000000180004d05     PhysXCooking_64.exp
 0002:00001d1a       $N00054                    0000000180004d1a     PhysXCooking_64.exp
 0002:00001d37       $N00055                    0000000180004d37     PhysXCooking_64.exp
 0002:00001d58       $N00056                    0000000180004d58     PhysXCooking_64.exp
 0002:00001d77       $N00057                    0000000180004d77     PhysXCooking_64.exp
 0002:00001d8c       $N00058                    0000000180004d8c     PhysXCooking_64.exp
 0002:00001f70       .idata$6                   0000000180004f70     kernel32:KERNEL32.dll
 0002:00001fee       .idata$6                   0000000180004fee     vcruntime:VCRUNTIME140.dll
 0002:000020b8       .idata$6                   00000001800050b8     ucrt:api-ms-win-crt-heap-l1-1-0.dll
 0002:000020d8       .idata$6                   00000001800050d8     ucrt:api-ms-win-crt-runtime-l1-1-0.dll
 0003:000001d0       ?maxV3Error@vecMathTests@aos@physx@@3T__m128@@B 00000001800061d0     Cooking.obj
 0003:000001e0       ?minFError@vecMathTests@aos@physx@@3T__m128@@B 00000001800061e0     Cooking.obj
 0003:000001f0       ?maxV4Error@vecMathTests@aos@physx@@3T__m128@@B 00000001800061f0     Cooking.obj
 0003:00000200       ?minV4Error@vecMathTests@aos@physx@@3T__m128@@B 0000000180006200     Cooking.obj
 0003:00000210       ?minV3Error@vecMathTests@aos@physx@@3T__m128@@B 0000000180006210     Cooking.obj
 0003:00000220       ?maxFError@vecMathTests@aos@physx@@3T__m128@@B 0000000180006220     Cooking.obj
 0003:00000230       ?gCookingDelayLoadHook@@3PEBVPxDelayLoadHook@physx@@EB 0000000180006230     WindowsCookingDelayLoadHook.obj
 0003:00000290       ?__proc_attached@@3HA      0000000180006290     MSVCRT:dll_dllmain.obj
 0003:000002b8       ?is_initialized_as_dll@@3_NA 00000001800062b8     MSVCRT:utility.obj
 0003:000002b9       ?module_local_atexit_table_initialized@@3_NA 00000001800062b9     MSVCRT:utility.obj
 0003:000002c0       ?module_local_atexit_table@@3U_onexit_table_t@@A 00000001800062c0     MSVCRT:utility.obj
 0003:000002d8       ?module_local_at_quick_exit_table@@3U_onexit_table_t@@A 00000001800062d8     MSVCRT:utility.obj
 0005:000000a0       $R000000                   00000001800080a0     PhysXCooking.res
 0005:000003d0       $R000330                   00000001800083d0     PhysXCooking.res
