 PhysXCooking_64

 Timestamp is 65593e97 (Sun Nov 19 00:45:43 2023)

 Preferred load address is 0000000180000000

 Start         Length     Name                   Class
 0001:00000000 00000120H .text$di                CODE
 0001:00000120 00005cf0H .text$mn                CODE
 0001:00005e10 00000040H .text$mn$00             CODE
 0001:00005e50 00000100H .text$x                 CODE
 0002:00000000 00000220H .idata$5                DATA
 0002:00000220 00000038H .00cfg                  DATA
 0002:00000258 00000008H .CRT$XCA                DATA
 0002:00000260 00000030H .CRT$XCU                DATA
 0002:00000290 00000008H .CRT$XCZ                DATA
 0002:00000298 00000008H .CRT$XIA                DATA
 0002:000002a0 00000008H .CRT$XIZ                DATA
 0002:000002a8 00000008H .CRT$XPA                DATA
 0002:000002b0 00000008H .CRT$XPZ                DATA
 0002:000002b8 00000008H .CRT$XTA                DATA
 0002:000002c0 00000010H .CRT$XTZ                DATA
 0002:000002c8 00000000H .gehcont$y              DATA
 0002:000002c8 00000000H .gfids$y                DATA
 0002:000002d0 00000db0H .rdata                  DATA
 0002:00001080 00000080H .rdata$CastGuardVftablesA DATA
 0002:00001100 00000080H .rdata$CastGuardVftablesC DATA
 0002:00001180 00000074H .rdata$r                DATA
 0002:000011f4 000000d4H .rdata$voltmd           DATA
 0002:000012c8 00000428H .rdata$zzzdbg           DATA
 0002:000016f0 00000008H .rtc$IAA                DATA
 0002:000016f8 00000010H .rtc$IMZ                DATA
 0002:00001708 00000008H .rtc$IZZ                DATA
 0002:00001710 00000008H .rtc$TAA                DATA
 0002:00001718 00000010H .rtc$TMZ                DATA
 0002:00001728 00000008H .rtc$TZZ                DATA
 0002:00001730 00000804H .xdata                  DATA
 0002:00001f34 00000040H .didat$2                DATA
 0002:00001f74 00000024H .didat$3                DATA
 0002:00001f98 000000e0H .didat$4                DATA
 0002:00002078 000002a8H .didat$6                DATA
 0002:00002320 000000e0H .didat$7                DATA
 0002:00002400 00000b04H .edata                  DATA
 0002:00002f04 0000003cH .idata$2                DATA
 0002:00002f40 00000018H .idata$3                DATA
 0002:00002f58 00000220H .idata$4                DATA
 0002:00003178 00000542H .idata$6                DATA
 0003:00000000 00000058H .data                   DATA
 0003:00000058 00000090H .data$r                 DATA
 0003:000000e8 00000020H .data$rs                DATA
 0003:00000108 000000e8H .didat$5                DATA
 0003:000001f0 000006c8H .bss                    DATA
 0004:00000000 00000960H .pdata                  DATA
 0005:00000000 000000a0H .rsrc$01                DATA
 0005:000000a0 000004b0H .rsrc$02                DATA

  Address         Publics by Value              Rva+Base               Lib:Object

 0000:00000000       __AbsoluteZero             0000000000000000     <absolute>
 0000:00000000       ___safe_se_handler_count   0000000000000000     <absolute>
 0000:00000000       ___safe_se_handler_table   0000000000000000     <absolute>
 0000:00000000       __arm64x_extra_rfe_table   0000000000000000     <absolute>
 0000:00000000       __arm64x_extra_rfe_table_size 0000000000000000     <absolute>
 0000:00000000       __arm64x_native_entrypoint 0000000000000000     <absolute>
 0000:00000000       __arm64x_redirection_metadata 0000000000000000     <absolute>
 0000:00000000       __arm64x_redirection_metadata_count 0000000000000000     <absolute>
 0000:00000000       __dynamic_value_reloc_table 0000000000000000     <absolute>
 0000:00000000       __enclave_config           0000000000000000     <absolute>
 0000:00000000       __guard_check_icall_a64n_fptr 0000000000000000     <absolute>
 0000:00000000       __guard_eh_cont_count      0000000000000000     <absolute>
 0000:00000000       __guard_eh_cont_table      0000000000000000     <absolute>
 0000:00000000       __guard_fids_count         0000000000000000     <absolute>
 0000:00000000       __guard_fids_table         0000000000000000     <absolute>
 0000:00000000       __guard_iat_count          0000000000000000     <absolute>
 0000:00000000       __guard_iat_table          0000000000000000     <absolute>
 0000:00000000       __guard_longjmp_count      0000000000000000     <absolute>
 0000:00000000       __guard_longjmp_table      0000000000000000     <absolute>
 0000:00000000       __hybrid_auxiliary_delayload_iat 0000000000000000     <absolute>
 0000:00000000       __hybrid_auxiliary_delayload_iat_copy 0000000000000000     <absolute>
 0000:00000000       __hybrid_auxiliary_iat     0000000000000000     <absolute>
 0000:00000000       __hybrid_auxiliary_iat_copy 0000000000000000     <absolute>
 0000:00000000       __hybrid_code_map          0000000000000000     <absolute>
 0000:00000000       __hybrid_code_map_count    0000000000000000     <absolute>
 0000:00000000       __hybrid_image_info_bitfield 0000000000000000     <absolute>
 0000:00000000       __x64_code_ranges_to_entry_points 0000000000000000     <absolute>
 0000:00000000       __x64_code_ranges_to_entry_points_count 0000000000000000     <absolute>
 0000:00000100       __guard_flags              0000000000000100     <absolute>
 0000:00000000       __ImageBase                0000000180000000     <linker-defined>
 0001:00000120       PxGetStandaloneInsertionCallback 0000000180001120 f   Cooking.obj
 0001:00000140       PxCookBVH                  0000000180001140 f   Cooking.obj
 0001:00000170       PxCreateBVH                0000000180001170 f   Cooking.obj
 0001:000001a0       PxCookHeightField          00000001800011a0 f   Cooking.obj
 0001:000001d0       PxCreateHeightField        00000001800011d0 f   Cooking.obj
 0001:00000200       PxCookConvexMesh           0000000180001200 f   Cooking.obj
 0001:00000240       PxCreateConvexMesh         0000000180001240 f   Cooking.obj
 0001:00000280       PxValidateConvexMesh       0000000180001280 f   Cooking.obj
 0001:000002b0       PxComputeHullPolygons      00000001800012b0 f   Cooking.obj
 0001:00000330       PxValidateTriangleMesh     0000000180001330 f   Cooking.obj
 0001:00000360       PxCookTriangleMesh         0000000180001360 f   Cooking.obj
 0001:000003a0       PxCreateTriangleMesh       00000001800013a0 f   Cooking.obj
 0001:000003e0       PxCookTetrahedronMesh      00000001800013e0 f   Cooking.obj
 0001:00000420       PxCreateTetrahedronMesh    0000000180001420 f   Cooking.obj
 0001:00000460       PxCookSoftBodyMesh         0000000180001460 f   Cooking.obj
 0001:000004b0       PxCreateSoftBodyMesh       00000001800014b0 f   Cooking.obj
 0001:00000500       PxComputeModelsMapping     0000000180001500 f   Cooking.obj
 0001:00000550       PxComputeCollisionData     0000000180001550 f   Cooking.obj
 0001:00000580       PxComputeSimulationData    0000000180001580 f   Cooking.obj
 0001:000005b0       PxAssembleSoftBodyMesh     00000001800015b0 f   Cooking.obj
 0001:00000600       PxAssembleSoftBodyMesh_Sim 0000000180001600 f   Cooking.obj
 0001:00000640       PxCreateTriangleMeshInternal 0000000180001640 f   Cooking.obj
 0001:000006e0       PxCreateBVHInternal        00000001800016e0 f   Cooking.obj
 0001:00000780       ??$?4V?$PxReflectionAllocator@USlab@NodeAllocator@Gu@physx@@@physx@@@?$PxArray@USlab@NodeAllocator@Gu@physx@@V?$PxReflectionAllocator@USlab@NodeAllocator@Gu@physx@@@4@@physx@@QEAAAEAV01@AEBV01@@Z 0000000180001780 f i Cooking.obj
 0001:00000810       ??$copy@V?$PxReflectionAllocator@USlab@NodeAllocator@Gu@physx@@@physx@@@?$PxArray@USlab@NodeAllocator@Gu@physx@@V?$PxReflectionAllocator@USlab@NodeAllocator@Gu@physx@@@4@@physx@@IEAAXAEBV01@@Z 0000000180001810 f i Cooking.obj
 0001:000008d0       ??0?$PxArray@USlab@NodeAllocator@Gu@physx@@V?$PxReflectionAllocator@USlab@NodeAllocator@Gu@physx@@@4@@physx@@QEAA@AEBV01@AEBV?$PxReflectionAllocator@USlab@NodeAllocator@Gu@physx@@@1@@Z 00000001800018d0 f i Cooking.obj
 0001:00000910       ??0?$PxReflectionAllocator@USlab@NodeAllocator@Gu@physx@@@physx@@QEAA@AEBV01@@Z 0000000180001910 f i Cooking.obj
 0001:00000920       ??0?$PxReflectionAllocator@USlab@NodeAllocator@Gu@physx@@@physx@@QEAA@PEBD@Z 0000000180001920 f i Cooking.obj
 0001:00000930       ??0?$PxReflectionAllocator@VBV4TriangleMesh@Gu@physx@@@physx@@QEAA@PEBD@Z 0000000180001930 f i Cooking.obj
 0001:00000940       ??0?$PxReflectionAllocator@VBVH@Gu@physx@@@physx@@QEAA@PEBD@Z 0000000180001940 f i Cooking.obj
 0001:00000950       ??0?$PxVec3T@M@physx@@QEAA@XZ 0000000180001950 f i Cooking.obj
 0001:00000960       ??0AABBTreeBounds@Gu@physx@@QEAA@XZ 0000000180001960 f i Cooking.obj
 0001:00000990       ??0AABBTreeBuildNode@Gu@physx@@QEAA@AEBV012@@Z 0000000180001990 f i Cooking.obj
 0001:000009f0       ??0AABBTreeBuildNode@Gu@physx@@QEAA@XZ 00000001800019f0 f i Cooking.obj
 0001:00000a10       ??0AABBTreeBuildParams@Gu@physx@@QEAA@IIPEBVAABBTreeBounds@12@W4BVHBuildStrategy@12@@Z 0000000180001a10 f i Cooking.obj
 0001:00000a70       ??0NodeAllocator@Gu@physx@@QEAA@AEBV012@@Z 0000000180001a70 f i Cooking.obj
 0001:00000af0       ??0PxAllocator@physx@@QEAA@PEBD@Z 0000000180001af0 f i Cooking.obj
 0001:00000b00       ??0PxBounds3@physx@@QEAA@AEBV01@@Z 0000000180001b00 f i Cooking.obj
 0001:00000b70       ??0PxBounds3@physx@@QEAA@XZ 0000000180001b70 f i Cooking.obj
 0001:00000bb0       ??0PxFoundation@physx@@QEAA@AEBV01@@Z 0000000180001bb0 f i Cooking.obj
 0001:00000bd0       ??0PxFoundation@physx@@QEAA@XZ 0000000180001bd0 f i Cooking.obj
 0001:00000bf0       ??1AABBTreeBounds@Gu@physx@@QEAA@XZ 0000000180001bf0 f i Cooking.obj
 0001:00000c10       ??1AABBTreeBuildNode@Gu@physx@@QEAA@XZ 0000000180001c10 f i Cooking.obj
 0001:00000c20       ??1AABBTreeBuildParams@Gu@physx@@QEAA@XZ 0000000180001c20 f i Cooking.obj
 0001:00000c40       ??1PxFoundation@physx@@MEAA@XZ 0000000180001c40 f i Cooking.obj
 0001:00000c60       ??2@YAPEAX_KPEAX@Z         0000000180001c60 f i Cooking.obj
 0001:00000c70       ??2PxUserAllocated@physx@@SAPEAX_KPEAX@Z 0000000180001c70 f i Cooking.obj
 0001:00000c80       ??4?$PxArray@USlab@NodeAllocator@Gu@physx@@V?$PxReflectionAllocator@USlab@NodeAllocator@Gu@physx@@@4@@physx@@QEAAAEAV01@AEBV01@@Z 0000000180001c80 f i Cooking.obj
 0001:00000cb0       ??4?$PxVec3T@M@physx@@QEAAAEAV01@AEBV01@@Z 0000000180001cb0 f i Cooking.obj
 0001:00000d00       ??4AABBTreeBounds@Gu@physx@@QEAAAEAV012@AEBV012@@Z 0000000180001d00 f i Cooking.obj
 0001:00000d30       ??4AABBTreeBuildNode@Gu@physx@@QEAAAEAV012@AEBV012@@Z 0000000180001d30 f i Cooking.obj
 0001:00000d90       ??4AABBTreeBuildParams@Gu@physx@@QEAAAEAV012@AEBV012@@Z 0000000180001d90 f i Cooking.obj
 0001:00000dc0       ??4NodeAllocator@Gu@physx@@QEAAAEAV012@AEBV012@@Z 0000000180001dc0 f i Cooking.obj
 0001:00000e30       ??4PxBounds3@physx@@QEAAXAEBV01@@Z 0000000180001e30 f i Cooking.obj
 0001:00000e70       ??4PxFoundation@physx@@QEAAAEAV01@AEBV01@@Z 0000000180001e70 f i Cooking.obj
 0001:00000e80       ??_EPxFoundation@physx@@MEAAPEAXI@Z 0000000180001e80 f i Cooking.obj
 0001:00000f20       ??_FAABBTreeBuildParams@Gu@physx@@QEAAXXZ 0000000180001f20 f i Cooking.obj
 0001:00000f50       ??_GPxFoundation@physx@@MEAAPEAXI@Z 0000000180001f50 f i Cooking.obj
 0001:00000f90       ??_H@YAXPEAX_K1P6APEAX0@Z@Z 0000000180001f90 f i Cooking.obj
 0001:00001010       ??_I@YAXPEAX_K1P6AX0@Z@Z   0000000180002010 f i Cooking.obj
 0001:000010a0       ?FLoad@aos@physx@@YA?AT__m128@@M@Z 00000001800020a0 f i Cooking.obj
 0001:000010d0       ?PxMarkSerializedMemory@physx@@YAXPEAXI@Z 00000001800020d0 f i Cooking.obj
 0001:00001100       ?PxMemSet@physx@@YAPEAXPEAXHI@Z 0000000180002100 f i Cooking.obj
 0001:00001130       ?V3Load@aos@physx@@YA?AT__m128@@M@Z 0000000180002130 f i Cooking.obj
 0001:00001170       ?V4Load@aos@physx@@YA?AT__m128@@M@Z 0000000180002170 f i Cooking.obj
 0001:000011a0       ?__empty_global_delete@@YAXPEAX@Z 00000001800021a0 f i Cooking.obj
 0001:000011b0       ?__empty_global_delete@@YAXPEAX_K@Z 00000001800021b0 f i Cooking.obj
 0001:000011c0       ?__global_array_delete@@YAXPEAX@Z 00000001800021c0 f i Cooking.obj
 0001:000011e0       ?__global_array_delete@@YAXPEAX_K@Z 00000001800021e0 f i Cooking.obj
 0001:00001210       ?__global_delete@@YAXPEAX@Z 0000000180002210 f i Cooking.obj
 0001:00001230       ?__global_delete@@YAXPEAX_K@Z 0000000180002230 f i Cooking.obj
 0001:00001260       ?allocate@?$PxArray@USlab@NodeAllocator@Gu@physx@@V?$PxReflectionAllocator@USlab@NodeAllocator@Gu@physx@@@4@@physx@@IEAAPEAUSlab@NodeAllocator@Gu@2@I@Z 0000000180002260 f i Cooking.obj
 0001:000012c0       ?allocate@?$PxReflectionAllocator@USlab@NodeAllocator@Gu@physx@@@physx@@QEAAPEAX_KPEBDH@Z 00000001800022c0 f i Cooking.obj
 0001:00001340       ?allocate@?$PxReflectionAllocator@VBV4TriangleMesh@Gu@physx@@@physx@@QEAAPEAX_KPEBDH@Z 0000000180002340 f i Cooking.obj
 0001:000013c0       ?allocate@?$PxReflectionAllocator@VBVH@Gu@physx@@@physx@@QEAAPEAX_KPEBDH@Z 00000001800023c0 f i Cooking.obj
 0001:00001440       ?begin@?$PxArray@USlab@NodeAllocator@Gu@physx@@V?$PxReflectionAllocator@USlab@NodeAllocator@Gu@physx@@@4@@physx@@QEBAPEBUSlab@NodeAllocator@Gu@2@XZ 0000000180002440 f i Cooking.obj
 0001:00001450       ?capacity@?$PxArray@USlab@NodeAllocator@Gu@physx@@V?$PxReflectionAllocator@USlab@NodeAllocator@Gu@physx@@@4@@physx@@QEBAIXZ 0000000180002450 f i Cooking.obj
 0001:00001470       ?clear@?$PxArray@USlab@NodeAllocator@Gu@physx@@V?$PxReflectionAllocator@USlab@NodeAllocator@Gu@physx@@@4@@physx@@QEAAXXZ 0000000180002470 f i Cooking.obj
 0001:000014b0       ?copy@?$PxArray@USlab@NodeAllocator@Gu@physx@@V?$PxReflectionAllocator@USlab@NodeAllocator@Gu@physx@@@4@@physx@@KAXPEAUSlab@NodeAllocator@Gu@2@0PEBU3452@@Z 00000001800024b0 f i Cooking.obj
 0001:00001530       ?deallocate@?$PxArray@USlab@NodeAllocator@Gu@physx@@V?$PxReflectionAllocator@USlab@NodeAllocator@Gu@physx@@@4@@physx@@IEAAXPEAX@Z 0000000180002530 f i Cooking.obj
 0001:00001560       ?deallocate@?$PxReflectionAllocator@USlab@NodeAllocator@Gu@physx@@@physx@@QEAAXPEAX@Z 0000000180002560 f i Cooking.obj
 0001:000015a0       ?deallocate@PxAllocator@physx@@QEAAXPEAX@Z 00000001800025a0 f i Cooking.obj
 0001:000015e0       ?destroy@?$PxArray@USlab@NodeAllocator@Gu@physx@@V?$PxReflectionAllocator@USlab@NodeAllocator@Gu@physx@@@4@@physx@@KAXPEAUSlab@NodeAllocator@Gu@2@0@Z 00000001800025e0 f i Cooking.obj
 0001:00001610       ?empty@?$PxArray@USlab@NodeAllocator@Gu@physx@@V?$PxReflectionAllocator@USlab@NodeAllocator@Gu@physx@@@4@@physx@@QEBA_NXZ 0000000180002610 f i Cooking.obj
 0001:00001640       ?getAABB@AABBTreeBuildNode@Gu@physx@@QEBAAEBVPxBounds3@3@XZ 0000000180002640 f i Cooking.obj
 0001:00001650       ?getBounds@AABBTreeBounds@Gu@physx@@QEAAPEAVPxBounds3@3@XZ 0000000180002650 f i Cooking.obj
 0001:00001660       ?getBounds@AABBTreeBounds@Gu@physx@@QEBAPEBVPxBounds3@3@XZ 0000000180002660 f i Cooking.obj
 0001:00001670       ?getName@?$PxReflectionAllocator@USlab@NodeAllocator@Gu@physx@@@physx@@CAPEBD_N@Z 0000000180002670 f i Cooking.obj
 0001:000016a0       ?getName@?$PxReflectionAllocator@VBV4TriangleMesh@Gu@physx@@@physx@@CAPEBD_N@Z 00000001800026a0 f i Cooking.obj
 0001:000016d0       ?getName@?$PxReflectionAllocator@VBVH@Gu@physx@@@physx@@CAPEBD_N@Z 00000001800026d0 f i Cooking.obj
 0001:00001700       ?getNbPrimitives@AABBTreeBuildNode@Gu@physx@@QEBAIXZ 0000000180002700 f i Cooking.obj
 0001:00001710       ?getNbRuntimePrimitives@AABBTreeBuildNode@Gu@physx@@QEBAIXZ 0000000180002710 f i Cooking.obj
 0001:00001720       ?getNeg@AABBTreeBuildNode@Gu@physx@@QEBAPEBV123@XZ 0000000180002720 f i Cooking.obj
 0001:00001760       ?getPos@AABBTreeBuildNode@Gu@physx@@QEBAPEBV123@XZ 0000000180002760 f i Cooking.obj
 0001:00001770       ?getPrimitives@AABBTreeBuildNode@Gu@physx@@QEAAPEAIPEAI@Z 0000000180002770 f i Cooking.obj
 0001:00001790       ?getPrimitives@AABBTreeBuildNode@Gu@physx@@QEBAPEBIPEBI@Z 0000000180002790 f i Cooking.obj
 0001:000017b0       ?grow@?$PxArray@USlab@NodeAllocator@Gu@physx@@V?$PxReflectionAllocator@USlab@NodeAllocator@Gu@physx@@@4@@physx@@IEAAXI@Z 00000001800027b0 f i Cooking.obj
 0001:00001810       ?isInUserMemory@?$PxArray@USlab@NodeAllocator@Gu@physx@@V?$PxReflectionAllocator@USlab@NodeAllocator@Gu@physx@@@4@@physx@@QEBAIXZ 0000000180002810 f i Cooking.obj
 0001:00001830       ?isLeaf@AABBTreeBuildNode@Gu@physx@@QEBA_NXZ 0000000180002830 f i Cooking.obj
 0001:00001870       ?memSet@intrinsics@physx@@YAPEAXPEAXHI@Z 0000000180002870 f i Cooking.obj
 0001:000018a0       ?moveFrom@AABBTreeBounds@Gu@physx@@QEAAXAEAV123@@Z 00000001800028a0 f i Cooking.obj
 0001:000018d0       ?name@type_info@@QEBAPEBDXZ 00000001800028d0 f i Cooking.obj
 0001:00001900       ?ownsMemory@AABBTreeBounds@Gu@physx@@QEBA_NXZ 0000000180002900 f i Cooking.obj
 0001:00001930       ?recreate@?$PxArray@USlab@NodeAllocator@Gu@physx@@V?$PxReflectionAllocator@USlab@NodeAllocator@Gu@physx@@@4@@physx@@IEAAXI@Z 0000000180002930 f i Cooking.obj
 0001:00001a30       ?reserve@?$PxArray@USlab@NodeAllocator@Gu@physx@@V?$PxReflectionAllocator@USlab@NodeAllocator@Gu@physx@@@4@@physx@@QEAAXI@Z 0000000180002a30 f i Cooking.obj
 0001:00001a60       ?reset@AABBTreeBuildParams@Gu@physx@@QEAAXXZ 0000000180002a60 f i Cooking.obj
 0001:00001ad0       ?setBounds@AABBTreeBounds@Gu@physx@@QEAAXPEAVPxBounds3@3@@Z 0000000180002ad0 f i Cooking.obj
 0001:00001b00       ?setNbRunTimePrimitives@AABBTreeBuildNode@Gu@physx@@QEAAXI@Z 0000000180002b00 f i Cooking.obj
 0001:00001b20       ?size@?$PxArray@USlab@NodeAllocator@Gu@physx@@V?$PxReflectionAllocator@USlab@NodeAllocator@Gu@physx@@@4@@physx@@QEBAIXZ 0000000180002b20 f i Cooking.obj
 0001:00001b30       ?takeOwnership@AABBTreeBounds@Gu@physx@@QEAAXXZ 0000000180002b30 f i Cooking.obj
 0001:00001b50       PxSetPhysXCookingDelayLoadHook 0000000180002b50 f   WindowsCookingDelayLoadHook.obj
 0001:00001b70       ?cookingDelayHook@@YAP6A_JXZIPEAUDelayLoadInfo@@@Z 0000000180002b70 f   WindowsCookingDelayLoadHook.obj
 0001:00001bf0       ?loadLibrary@Cm@physx@@YAPEAUHINSTANCE__@@PEBD@Z 0000000180002bf0 f i WindowsCookingDelayLoadHook.obj
 0001:00001c10       ?physXCommonDliNotePreLoadLibrary@Cm@physx@@YAP6A_JXZPEBDPEBVPxDelayLoadHook@2@@Z 0000000180002c10 f i WindowsCookingDelayLoadHook.obj
 0001:00001c9b       __imp_load_getInsertionCallback 0000000180002c9b f   PhysXCommon_64:PhysXCommon_64.dll
 0001:00001ca7       getInsertionCallback       0000000180002ca7 f   PhysXCommon_64:PhysXCommon_64.dll
 0001:00001cad       __tailMerge_physxcommon_64_dll 0000000180002cad     PhysXCommon_64:PhysXCommon_64.dll
 0001:00001d26       __imp_load_cookBVH         0000000180002d26 f   PhysXCommon_64:PhysXCommon_64.dll
 0001:00001d32       cookBVH                    0000000180002d32 f   PhysXCommon_64:PhysXCommon_64.dll
 0001:00001d38       __imp_load_createBVH       0000000180002d38 f   PhysXCommon_64:PhysXCommon_64.dll
 0001:00001d44       createBVH                  0000000180002d44 f   PhysXCommon_64:PhysXCommon_64.dll
 0001:00001d4a       __imp_load_cookHeightField 0000000180002d4a f   PhysXCommon_64:PhysXCommon_64.dll
 0001:00001d56       cookHeightField            0000000180002d56 f   PhysXCommon_64:PhysXCommon_64.dll
 0001:00001d5c       __imp_load_createHeightField 0000000180002d5c f   PhysXCommon_64:PhysXCommon_64.dll
 0001:00001d68       createHeightField          0000000180002d68 f   PhysXCommon_64:PhysXCommon_64.dll
 0001:00001d6e       __imp_load_cookConvexMesh  0000000180002d6e f   PhysXCommon_64:PhysXCommon_64.dll
 0001:00001d7a       cookConvexMesh             0000000180002d7a f   PhysXCommon_64:PhysXCommon_64.dll
 0001:00001d80       __imp_load_createConvexMesh 0000000180002d80 f   PhysXCommon_64:PhysXCommon_64.dll
 0001:00001d8c       createConvexMesh           0000000180002d8c f   PhysXCommon_64:PhysXCommon_64.dll
 0001:00001d92       __imp_load_validateConvexMesh 0000000180002d92 f   PhysXCommon_64:PhysXCommon_64.dll
 0001:00001d9e       validateConvexMesh         0000000180002d9e f   PhysXCommon_64:PhysXCommon_64.dll
 0001:00001da4       __imp_load_computeHullPolygons 0000000180002da4 f   PhysXCommon_64:PhysXCommon_64.dll
 0001:00001db0       computeHullPolygons        0000000180002db0 f   PhysXCommon_64:PhysXCommon_64.dll
 0001:00001db6       __imp_load_validateTriangleMesh 0000000180002db6 f   PhysXCommon_64:PhysXCommon_64.dll
 0001:00001dc2       validateTriangleMesh       0000000180002dc2 f   PhysXCommon_64:PhysXCommon_64.dll
 0001:00001dc8       __imp_load_createTriangleMesh 0000000180002dc8 f   PhysXCommon_64:PhysXCommon_64.dll
 0001:00001dd4       createTriangleMesh         0000000180002dd4 f   PhysXCommon_64:PhysXCommon_64.dll
 0001:00001dda       __imp_load_cookTriangleMesh 0000000180002dda f   PhysXCommon_64:PhysXCommon_64.dll
 0001:00001de6       cookTriangleMesh           0000000180002de6 f   PhysXCommon_64:PhysXCommon_64.dll
 0001:00001dec       __imp_load_cookTetrahedronMesh 0000000180002dec f   PhysXCommon_64:PhysXCommon_64.dll
 0001:00001df8       cookTetrahedronMesh        0000000180002df8 f   PhysXCommon_64:PhysXCommon_64.dll
 0001:00001dfe       __imp_load_createTetrahedronMesh 0000000180002dfe f   PhysXCommon_64:PhysXCommon_64.dll
 0001:00001e0a       createTetrahedronMesh      0000000180002e0a f   PhysXCommon_64:PhysXCommon_64.dll
 0001:00001e10       __imp_load_cookSoftBodyMesh 0000000180002e10 f   PhysXCommon_64:PhysXCommon_64.dll
 0001:00001e1c       cookSoftBodyMesh           0000000180002e1c f   PhysXCommon_64:PhysXCommon_64.dll
 0001:00001e22       __imp_load_createSoftBodyMesh 0000000180002e22 f   PhysXCommon_64:PhysXCommon_64.dll
 0001:00001e2e       createSoftBodyMesh         0000000180002e2e f   PhysXCommon_64:PhysXCommon_64.dll
 0001:00001e34       __imp_load_computeModelsMapping 0000000180002e34 f   PhysXCommon_64:PhysXCommon_64.dll
 0001:00001e40       computeModelsMapping       0000000180002e40 f   PhysXCommon_64:PhysXCommon_64.dll
 0001:00001e46       __imp_load_computeCollisionData 0000000180002e46 f   PhysXCommon_64:PhysXCommon_64.dll
 0001:00001e52       computeCollisionData       0000000180002e52 f   PhysXCommon_64:PhysXCommon_64.dll
 0001:00001e58       __imp_load_computeSimulationData 0000000180002e58 f   PhysXCommon_64:PhysXCommon_64.dll
 0001:00001e64       computeSimulationData      0000000180002e64 f   PhysXCommon_64:PhysXCommon_64.dll
 0001:00001e6a       __imp_load_assembleSoftBodyMesh 0000000180002e6a f   PhysXCommon_64:PhysXCommon_64.dll
 0001:00001e76       assembleSoftBodyMesh       0000000180002e76 f   PhysXCommon_64:PhysXCommon_64.dll
 0001:00001e7c       __imp_load_assembleSoftBodyMesh_Sim 0000000180002e7c f   PhysXCommon_64:PhysXCommon_64.dll
 0001:00001e88       assembleSoftBodyMesh_Sim   0000000180002e88 f   PhysXCommon_64:PhysXCommon_64.dll
 0001:00001e8e       __imp_load_?release@AABBTreeBounds@Gu@physx@@QEAAXXZ 0000000180002e8e f   PhysXCommon_64:PhysXCommon_64.dll
 0001:00001e9a       ?release@AABBTreeBounds@Gu@physx@@QEAAXXZ 0000000180002e9a f   PhysXCommon_64:PhysXCommon_64.dll
 0001:00001ea0       __imp_load_??0BVH@Gu@physx@@QEAA@AEBUPxBVHInternalData@2@@Z 0000000180002ea0 f   PhysXCommon_64:PhysXCommon_64.dll
 0001:00001eac       ??0BVH@Gu@physx@@QEAA@AEBUPxBVHInternalData@2@@Z 0000000180002eac f   PhysXCommon_64:PhysXCommon_64.dll
 0001:00001eb2       __imp_load_??0BV4TriangleMesh@Gu@physx@@QEAA@AEBUPxTriangleMeshInternalData@2@@Z 0000000180002eb2 f   PhysXCommon_64:PhysXCommon_64.dll
 0001:00001ebe       ??0BV4TriangleMesh@Gu@physx@@QEAA@AEBUPxTriangleMeshInternalData@2@@Z 0000000180002ebe f   PhysXCommon_64:PhysXCommon_64.dll
 0001:00001ec4       __imp_load_?PxAssert@physx@@YAXPEBD0HAEA_N@Z 0000000180002ec4 f   PhysXFoundation_64:PhysXFoundation_64.dll
 0001:00001ed0       ?PxAssert@physx@@YAXPEBD0HAEA_N@Z 0000000180002ed0 f   PhysXFoundation_64:PhysXFoundation_64.dll
 0001:00001ed6       __tailMerge_physxfoundation_64_dll 0000000180002ed6     PhysXFoundation_64:PhysXFoundation_64.dll
 0001:00001f4f       __imp_load_PxGetBroadcastAllocator 0000000180002f4f f   PhysXFoundation_64:PhysXFoundation_64.dll
 0001:00001f5b       PxGetBroadcastAllocator    0000000180002f5b f   PhysXFoundation_64:PhysXFoundation_64.dll
 0001:00001f61       LoadLibraryA               0000000180002f61 f   kernel32:KERNEL32.dll
 0001:00001f68       ??$PFromRva@PEAP6A_JXZ@@YAPEAP6A_JXZK@Z 0000000180002f68 f i Delayimp:delayhlp.obj
 0001:00001f78       ??$PFromRva@PEAPEAUHINSTANCE__@@@@YAPEAPEAUHINSTANCE__@@K@Z 0000000180002f78 f i Delayimp:delayhlp.obj
 0001:00001f88       ??$PFromRva@PEAU_IMAGE_IMPORT_BY_NAME@@@@YAPEAU_IMAGE_IMPORT_BY_NAME@@K@Z 0000000180002f88 f i Delayimp:delayhlp.obj
 0001:00001f98       ??$PFromRva@PEAU_IMAGE_THUNK_DATA64@@@@YAPEAU_IMAGE_THUNK_DATA64@@K@Z 0000000180002f98 f i Delayimp:delayhlp.obj
 0001:00001fa8       ??$PFromRva@PEBD@@YAPEBDK@Z 0000000180002fa8 f i Delayimp:delayhlp.obj
 0001:00001fb8       ??$PFromRva@PEBUImgDelayDescr@@@@YAPEBUImgDelayDescr@@K@Z 0000000180002fb8 f i Delayimp:delayhlp.obj
 0001:00001fc8       ??$PFromRva@PEBU_IMAGE_THUNK_DATA64@@@@YAPEBU_IMAGE_THUNK_DATA64@@K@Z 0000000180002fc8 f i Delayimp:delayhlp.obj
 0001:00001fd8       ?CountOfImports@@YAIPEBU_IMAGE_THUNK_DATA64@@@Z 0000000180002fd8 f i Delayimp:delayhlp.obj
 0001:00001fec       ?DloadAcquireSectionWriteAccess@@YAXXZ 0000000180002fec f i Delayimp:delayhlp.obj
 0001:00002098       ?DloadGetSRWLockFunctionPointers@@YAEXZ 0000000180003098 f i Delayimp:delayhlp.obj
 0001:00002138       ?DloadLock@@YAXXZ          0000000180003138 f i Delayimp:delayhlp.obj
 0001:00002180       ?DloadMakePermanentImageCommit@@YAXPEAX_K@Z 0000000180003180 f i Delayimp:delayhlp.obj
 0001:00002218       ?DloadObtainSection@@YAPEAXPEAK0@Z 0000000180003218 f i Delayimp:delayhlp.obj
 0001:000022b4       ?DloadProtectSection@@YAXKPEAK@Z 00000001800032b4 f i Delayimp:delayhlp.obj
 0001:00002344       ?DloadReleaseSectionWriteAccess@@YAXXZ 0000000180003344 f i Delayimp:delayhlp.obj
 0001:000023d8       ?DloadUnlock@@YAXXZ        00000001800033d8 f i Delayimp:delayhlp.obj
 0001:00002418       ?IndexFromPImgThunkData@@YAIPEBU_IMAGE_THUNK_DATA64@@0@Z 0000000180003418 f i Delayimp:delayhlp.obj
 0001:00002560       HRESULT_FROM_WIN32         0000000180003560 f i Delayimp:delayhlp.obj
 0001:00002570       ReadAcquire64              0000000180003570 f i Delayimp:delayhlp.obj
 0001:00002574       ReadPointerAcquire         0000000180003574 f i Delayimp:delayhlp.obj
 0001:00002578       WritePointerRelease        0000000180003578 f i Delayimp:delayhlp.obj
 0001:0000257c       WriteRelease64             000000018000357c f i Delayimp:delayhlp.obj
 0001:00002580       __FUnloadDelayLoadedDLL2   0000000180003580 f   Delayimp:delayhlp.obj
 0001:0000263c       __HrLoadAllImportsForDll   000000018000363c f   Delayimp:delayhlp.obj
 0001:000026b0       __delayLoadHelper2         00000001800036b0 f   Delayimp:delayhlp.obj
 0001:00002990       ??3@YAXPEAX@Z              0000000180003990 f   MSVCRTD:delete_scalar.obj
 0001:000029b0       ??3@YAXPEAX_K@Z            00000001800039b0 f   MSVCRTD:delete_scalar_size.obj
 0001:000029d0       ??_V@YAXPEAX@Z             00000001800039d0 f   MSVCRTD:delete_array.obj
 0001:000029f0       ??_V@YAXPEAX_K@Z           00000001800039f0 f   MSVCRTD:delete_array_size.obj
 0001:00002a10       _CRT_RTC_INIT              0000000180003a10 f   MSVCRTD:init.obj
 0001:00002a20       _CRT_RTC_INITW             0000000180003a20 f   MSVCRTD:init.obj
 0001:00002a30       _RTC_InitBase              0000000180003a30 f   MSVCRTD:init.obj
 0001:00002a70       _RTC_Shutdown              0000000180003a70 f   MSVCRTD:init.obj
 0001:00002aa0       ??1type_info@@UEAA@XZ      0000000180003aa0 f   MSVCRTD:std_type_info_static.obj
 0001:00002ac0       ??_Etype_info@@UEAAPEAXI@Z 0000000180003ac0 f i MSVCRTD:std_type_info_static.obj
 0001:00002ac0       ??_Gtype_info@@UEAAPEAXI@Z 0000000180003ac0 f i MSVCRTD:std_type_info_static.obj
 0001:00002b00       ?__scrt_initialize_type_info@@YAXXZ 0000000180003b00 f   MSVCRTD:tncleanup.obj
 0001:00002b20       ?__scrt_uninitialize_type_info@@YAXXZ 0000000180003b20 f   MSVCRTD:tncleanup.obj
 0001:00002f50       _CRT_INIT                  0000000180003f50 f   MSVCRTD:dll_dllmain.obj
 0001:00002f80       _DllMainCRTStartup         0000000180003f80 f   MSVCRTD:dll_dllmain.obj
 0001:00002fc0       _guard_check_icall_nop     0000000180003fc0 f i MSVCRTD:guard_support.obj
 0001:00002fd0       ReadNoFence64              0000000180003fd0 f i MSVCRTD:guard_support.obj
 0001:00002ff0       ReadPointerNoFence         0000000180003ff0 f i MSVCRTD:guard_support.obj
 0001:00003010       __castguard_check_failure_debugbreak 0000000180004010 f i MSVCRTD:guard_support.obj
 0001:00003030       __castguard_check_failure_fastfail 0000000180004030 f i MSVCRTD:guard_support.obj
 0001:00003060       __castguard_check_failure_nop 0000000180004060 f i MSVCRTD:guard_support.obj
 0001:00003070       __castguard_check_failure_os_handled 0000000180004070 f i MSVCRTD:guard_support.obj
 0001:000030d0       __castguard_check_failure_user_handled 00000001800040d0 f i MSVCRTD:guard_support.obj
 0001:000031b0       __castguard_set_user_handler 00000001800041b0 f i MSVCRTD:guard_support.obj
 0001:000031e0       __castguard_slow_path_check_debugbreak 00000001800041e0 f i MSVCRTD:guard_support.obj
 0001:00003220       __castguard_slow_path_check_fastfail 0000000180004220 f i MSVCRTD:guard_support.obj
 0001:00003270       __castguard_slow_path_check_nop 0000000180004270 f i MSVCRTD:guard_support.obj
 0001:00003280       __castguard_slow_path_check_os_handled 0000000180004280 f i MSVCRTD:guard_support.obj
 0001:000032d0       __castguard_slow_path_check_user_handled 00000001800042d0 f i MSVCRTD:guard_support.obj
 0001:00003390       _guard_icall_checks_enforced 0000000180004390 f i MSVCRTD:guard_support.obj
 0001:000033d0       _guard_rf_checks_enforced  00000001800043d0 f i MSVCRTD:guard_support.obj
 0001:000033e0       ?_RTC_GetErrorFunc@@YAP6AHHPEBDH00ZZPEBX@Z 00000001800043e0 f   MSVCRTD:userapi.obj
 0001:000033f0       ?_RTC_GetErrorFuncW@@YAP6AHHPEB_WH00ZZPEBX@Z 00000001800043f0 f   MSVCRTD:userapi.obj
 0001:00003400       _RTC_GetErrDesc            0000000180004400 f   MSVCRTD:userapi.obj
 0001:00003420       _RTC_NumErrors             0000000180004420 f   MSVCRTD:userapi.obj
 0001:00003430       _RTC_SetErrorFunc          0000000180004430 f   MSVCRTD:userapi.obj
 0001:00003450       _RTC_SetErrorFuncW         0000000180004450 f   MSVCRTD:userapi.obj
 0001:00003470       _RTC_SetErrorType          0000000180004470 f   MSVCRTD:userapi.obj
 0001:00003550       __security_init_cookie     0000000180004550 f   MSVCRTD:gs_support.obj
 0001:000035d0       DllMain                    00000001800045d0 f   MSVCRTD:dll_dllmain_stub.obj
 0001:00003610       __local_stdio_printf_options 0000000180004610 f i MSVCRTD:default_local_stdio_options.obj
 0001:00003620       __local_stdio_scanf_options 0000000180004620 f i MSVCRTD:default_local_stdio_options.obj
 0001:00003630       __scrt_initialize_default_local_stdio_options 0000000180004630 f   MSVCRTD:default_local_stdio_options.obj
 0001:00003680       ?configure_argv@__scrt_narrow_argv_policy@@SAHXZ 0000000180004680 f i MSVCRTD:utility.obj
 0001:00003770       ?initialize_environment@__scrt_narrow_environment_policy@@SAHXZ 0000000180004770 f i MSVCRTD:utility.obj
 0001:00003810       NtCurrentTeb               0000000180004810 f i MSVCRTD:utility.obj
 0001:00003820       __scrt_acquire_startup_lock 0000000180004820 f   MSVCRTD:utility.obj
 0001:00003890       __scrt_dllmain_after_initialize_c 0000000180004890 f   MSVCRTD:utility.obj
 0001:000038c0       __scrt_dllmain_before_initialize_c 00000001800048c0 f   MSVCRTD:utility.obj
 0001:000038e0       __scrt_dllmain_crt_thread_attach 00000001800048e0 f   MSVCRTD:utility.obj
 0001:00003910       __scrt_dllmain_crt_thread_detach 0000000180004910 f   MSVCRTD:utility.obj
 0001:00003930       __scrt_dllmain_exception_filter 0000000180004930 f   MSVCRTD:utility.obj
 0001:000039a0       __scrt_dllmain_uninitialize_c 00000001800049a0 f   MSVCRTD:utility.obj
 0001:000039d0       __scrt_dllmain_uninitialize_critical 00000001800049d0 f   MSVCRTD:utility.obj
 0001:000039f0       __scrt_initialize_crt      00000001800049f0 f   MSVCRTD:utility.obj
 0001:00003a40       __scrt_initialize_onexit_tables 0000000180004a40 f   MSVCRTD:utility.obj
 0001:00003b50       __scrt_is_nonwritable_in_current_image 0000000180004b50 f   MSVCRTD:utility.obj
 0001:00003be0       __scrt_release_startup_lock 0000000180004be0 f   MSVCRTD:utility.obj
 0001:00003c10       __scrt_uninitialize_crt    0000000180004c10 f   MSVCRTD:utility.obj
 0001:00003c50       _onexit                    0000000180004c50 f   MSVCRTD:utility.obj
 0001:00003cd0       at_quick_exit              0000000180004cd0 f   MSVCRTD:utility.obj
 0001:00003d20       atexit                     0000000180004d20 f   MSVCRTD:utility.obj
 0001:00003d60       __scrt_get_dyn_tls_init_callback 0000000180004d60 f   MSVCRTD:dyn_tls_init.obj
 0001:00003d70       __crt_debugger_hook        0000000180004d70 f   MSVCRTD:utility_desktop.obj
 0001:00003d80       __scrt_fastfail            0000000180004d80 f   MSVCRTD:utility_desktop.obj
 0001:00003f20       __scrt_get_show_window_mode 0000000180004f20 f   MSVCRTD:utility_desktop.obj
 0001:00003f80       __scrt_initialize_mta      0000000180004f80 f   MSVCRTD:utility_desktop.obj
 0001:00003f90       __scrt_initialize_winrt    0000000180004f90 f   MSVCRTD:utility_desktop.obj
 0001:00003fa0       __scrt_is_managed_app      0000000180004fa0 f   MSVCRTD:utility_desktop.obj
 0001:00004050       __scrt_set_unhandled_exception_filter 0000000180005050 f   MSVCRTD:utility_desktop.obj
 0001:00004070       __scrt_exe_initialize_mta  0000000180005070 f   MSVCRTD:utility_desktop.obj
 0001:00004070       __scrt_stub_for_initialize_mta 0000000180005070 f   MSVCRTD:utility_desktop.obj
 0001:00004080       __scrt_unhandled_exception_filter 0000000180005080 f   MSVCRTD:utility_desktop.obj
 0001:00004120       _RTC_Initialize            0000000180005120 f   MSVCRTD:initsect.obj
 0001:00004170       _RTC_Terminate             0000000180005170 f   MSVCRTD:initsect.obj
 0001:00004250       ?_RTC_AllocaFailure@@YAXPEAXPEAU_RTC_ALLOCA_NODE@@H@Z 0000000180005250 f   MSVCRTD:error.obj
 0001:000043b0       ?_RTC_Failure@@YAXPEAXH@Z  00000001800053b0 f   MSVCRTD:error.obj
 0001:00004400       ?_RTC_StackFailure@@YAXPEAXPEBD@Z 0000000180005400 f   MSVCRTD:error.obj
 0001:00004830       _RTC_UninitUse             0000000180005830 f   MSVCRTD:error.obj
 0001:00004900       _vsprintf_s_l              0000000180005900 f i MSVCRTD:error.obj
 0001:00004970       sprintf_s                  0000000180005970 f i MSVCRTD:error.obj
 0001:000049a0       __isa_available_init       00000001800059a0 f   MSVCRTD:cpu_disp.obj
 0001:00004d50       _get_startup_argv_mode     0000000180005d50 f   MSVCRTD:argv_mode.obj
 0001:00004d60       __scrt_is_ucrt_dll_in_use  0000000180005d60 f   MSVCRTD:ucrt_detection.obj
 0001:000052a0       ?_RTC_GetSrcLine@@YAHPEAEPEA_WKPEAH1K@Z 00000001800062a0 f   MSVCRTD:pdblkup.obj
 0001:00005670       __GSHandlerCheck           0000000180006670 f   MSVCRTD:gshandler.obj
 0001:000056b0       __GSHandlerCheckCommon     00000001800066b0 f   MSVCRTD:gshandler.obj
 0001:000057c0       __security_check_cookie    00000001800067c0 f   MSVCRTD:amdsecgs.obj
 0001:000057e0       __raise_securityfailure    00000001800067e0 f   MSVCRTD:gs_report.obj
 0001:00005820       __report_gsfailure         0000000180006820 f   MSVCRTD:gs_report.obj
 0001:00005900       __report_rangecheckfailure 0000000180006900 f   MSVCRTD:gs_report.obj
 0001:00005920       __report_securityfailure   0000000180006920 f   MSVCRTD:gs_report.obj
 0001:000059c0       __report_securityfailureEx 00000001800069c0 f   MSVCRTD:gs_report.obj
 0001:00005c22       _purecall                  0000000180006c22 f   vcruntimed:VCRUNTIME140D.dll
 0001:00005c28       memset                     0000000180006c28 f   vcruntimed:VCRUNTIME140D.dll
 0001:00005c2e       __std_type_info_name       0000000180006c2e f   vcruntimed:VCRUNTIME140D.dll
 0001:00005c34       strstr                     0000000180006c34 f   vcruntimed:VCRUNTIME140D.dll
 0001:00005c3a       __std_type_info_destroy_list 0000000180006c3a f   vcruntimed:VCRUNTIME140D.dll
 0001:00005c40       __C_specific_handler       0000000180006c40 f   vcruntimed:VCRUNTIME140D.dll
 0001:00005c46       __current_exception        0000000180006c46 f   vcruntimed:VCRUNTIME140D.dll
 0001:00005c4c       __current_exception_context 0000000180006c4c f   vcruntimed:VCRUNTIME140D.dll
 0001:00005c52       __C_specific_handler_noexcept 0000000180006c52 f   vcruntimed:VCRUNTIME140D.dll
 0001:00005c58       __vcrt_GetModuleFileNameW  0000000180006c58 f   vcruntimed:VCRUNTIME140D.dll
 0001:00005c5e       __vcrt_GetModuleHandleW    0000000180006c5e f   vcruntimed:VCRUNTIME140D.dll
 0001:00005c64       __vcrt_LoadLibraryExW      0000000180006c64 f   vcruntimed:VCRUNTIME140D.dll
 0001:00005c6a       memcpy                     0000000180006c6a f   vcruntimed:VCRUNTIME140D.dll
 0001:00005c70       _free_dbg                  0000000180006c70 f   ucrtd:ucrtbased.dll
 0001:00005c76       _CrtDbgReport              0000000180006c76 f   ucrtd:ucrtbased.dll
 0001:00005c7c       _CrtDbgReportW             0000000180006c7c f   ucrtd:ucrtbased.dll
 0001:00005c82       _initterm                  0000000180006c82 f   ucrtd:ucrtbased.dll
 0001:00005c88       _initterm_e                0000000180006c88 f   ucrtd:ucrtbased.dll
 0001:00005c8e       _seh_filter_dll            0000000180006c8e f   ucrtd:ucrtbased.dll
 0001:00005c94       _configure_narrow_argv     0000000180006c94 f   ucrtd:ucrtbased.dll
 0001:00005c9a       _initialize_narrow_environment 0000000180006c9a f   ucrtd:ucrtbased.dll
 0001:00005ca0       _initialize_onexit_table   0000000180006ca0 f   ucrtd:ucrtbased.dll
 0001:00005ca6       _register_onexit_function  0000000180006ca6 f   ucrtd:ucrtbased.dll
 0001:00005cac       _execute_onexit_table      0000000180006cac f   ucrtd:ucrtbased.dll
 0001:00005cb2       _crt_atexit                0000000180006cb2 f   ucrtd:ucrtbased.dll
 0001:00005cb8       _crt_at_quick_exit         0000000180006cb8 f   ucrtd:ucrtbased.dll
 0001:00005cbe       _cexit                     0000000180006cbe f   ucrtd:ucrtbased.dll
 0001:00005cc4       terminate                  0000000180006cc4 f   ucrtd:ucrtbased.dll
 0001:00005cca       strcpy_s                   0000000180006cca f   ucrtd:ucrtbased.dll
 0001:00005cd0       strcat_s                   0000000180006cd0 f   ucrtd:ucrtbased.dll
 0001:00005cd6       __stdio_common_vsprintf_s  0000000180006cd6 f   ucrtd:ucrtbased.dll
 0001:00005cdc       _wmakepath_s               0000000180006cdc f   ucrtd:ucrtbased.dll
 0001:00005ce2       _wsplitpath_s              0000000180006ce2 f   ucrtd:ucrtbased.dll
 0001:00005ce8       wcscpy_s                   0000000180006ce8 f   ucrtd:ucrtbased.dll
 0001:00005cee       RaiseException             0000000180006cee f   kernel32:KERNEL32.dll
 0001:00005cf4       GetLastError               0000000180006cf4 f   kernel32:KERNEL32.dll
 0001:00005cfa       GetSystemInfo              0000000180006cfa f   kernel32:KERNEL32.dll
 0001:00005d00       VirtualProtect             0000000180006d00 f   kernel32:KERNEL32.dll
 0001:00005d06       VirtualQuery               0000000180006d06 f   kernel32:KERNEL32.dll
 0001:00005d0c       FreeLibrary                0000000180006d0c f   kernel32:KERNEL32.dll
 0001:00005d12       GetModuleHandleW           0000000180006d12 f   kernel32:KERNEL32.dll
 0001:00005d18       GetProcAddress             0000000180006d18 f   kernel32:KERNEL32.dll
 0001:00005d1e       LoadLibraryExA             0000000180006d1e f   kernel32:KERNEL32.dll
 0001:00005d24       InitializeSListHead        0000000180006d24 f   kernel32:KERNEL32.dll
 0001:00005d2a       QueryPerformanceCounter    0000000180006d2a f   kernel32:KERNEL32.dll
 0001:00005d30       GetCurrentProcessId        0000000180006d30 f   kernel32:KERNEL32.dll
 0001:00005d36       GetCurrentThreadId         0000000180006d36 f   kernel32:KERNEL32.dll
 0001:00005d3c       GetSystemTimeAsFileTime    0000000180006d3c f   kernel32:KERNEL32.dll
 0001:00005d42       DisableThreadLibraryCalls  0000000180006d42 f   kernel32:KERNEL32.dll
 0001:00005d48       RtlCaptureContext          0000000180006d48 f   kernel32:KERNEL32.dll
 0001:00005d4e       RtlLookupFunctionEntry     0000000180006d4e f   kernel32:KERNEL32.dll
 0001:00005d54       RtlVirtualUnwind           0000000180006d54 f   kernel32:KERNEL32.dll
 0001:00005d5a       IsDebuggerPresent          0000000180006d5a f   kernel32:KERNEL32.dll
 0001:00005d60       UnhandledExceptionFilter   0000000180006d60 f   kernel32:KERNEL32.dll
 0001:00005d66       SetUnhandledExceptionFilter 0000000180006d66 f   kernel32:KERNEL32.dll
 0001:00005d6c       GetStartupInfoW            0000000180006d6c f   kernel32:KERNEL32.dll
 0001:00005d72       IsProcessorFeaturePresent  0000000180006d72 f   kernel32:KERNEL32.dll
 0001:00005d78       MultiByteToWideChar        0000000180006d78 f   kernel32:KERNEL32.dll
 0001:00005d7e       WideCharToMultiByte        0000000180006d7e f   kernel32:KERNEL32.dll
 0001:00005d84       HeapAlloc                  0000000180006d84 f   kernel32:KERNEL32.dll
 0001:00005d8a       HeapFree                   0000000180006d8a f   kernel32:KERNEL32.dll
 0001:00005d90       GetProcessHeap             0000000180006d90 f   kernel32:KERNEL32.dll
 0001:00005d96       GetCurrentProcess          0000000180006d96 f   kernel32:KERNEL32.dll
 0001:00005d9c       TerminateProcess           0000000180006d9c f   kernel32:KERNEL32.dll
 0001:00005db0       __acrt_initialize          0000000180006db0 f   MSVCRTD:ucrt_stubs.obj
 0001:00005db0       __scrt_stub_for_acrt_initialize 0000000180006db0 f   MSVCRTD:ucrt_stubs.obj
 0001:00005db0       __vcrt_initialize          0000000180006db0 f   MSVCRTD:ucrt_stubs.obj
 0001:00005dc0       __acrt_thread_attach       0000000180006dc0 f   MSVCRTD:ucrt_stubs.obj
 0001:00005dc0       __scrt_stub_for_acrt_thread_attach 0000000180006dc0 f   MSVCRTD:ucrt_stubs.obj
 0001:00005dc0       __vcrt_thread_attach       0000000180006dc0 f   MSVCRTD:ucrt_stubs.obj
 0001:00005dd0       __acrt_thread_detach       0000000180006dd0 f   MSVCRTD:ucrt_stubs.obj
 0001:00005dd0       __scrt_stub_for_acrt_thread_detach 0000000180006dd0 f   MSVCRTD:ucrt_stubs.obj
 0001:00005dd0       __vcrt_thread_detach       0000000180006dd0 f   MSVCRTD:ucrt_stubs.obj
 0001:00005de0       __acrt_uninitialize        0000000180006de0 f   MSVCRTD:ucrt_stubs.obj
 0001:00005de0       __scrt_stub_for_acrt_uninitialize 0000000180006de0 f   MSVCRTD:ucrt_stubs.obj
 0001:00005de0       __vcrt_uninitialize        0000000180006de0 f   MSVCRTD:ucrt_stubs.obj
 0001:00005df0       __acrt_uninitialize_critical 0000000180006df0 f   MSVCRTD:ucrt_stubs.obj
 0001:00005df0       __scrt_stub_for_acrt_uninitialize_critical 0000000180006df0 f   MSVCRTD:ucrt_stubs.obj
 0001:00005df0       __vcrt_uninitialize_critical 0000000180006df0 f   MSVCRTD:ucrt_stubs.obj
 0001:00005e00       __scrt_stub_for_is_c_termination_complete 0000000180006e00 f   MSVCRTD:ucrt_stubs.obj
 0001:00005e00       _is_c_termination_complete 0000000180006e00 f   MSVCRTD:ucrt_stubs.obj
 0001:00005e20       _guard_dispatch_icall_nop  0000000180006e20 f   MSVCRTD:guard_dispatch.obj
 0001:00005e40       _guard_xfg_dispatch_icall_nop 0000000180006e40 f   MSVCRTD:guard_xfg_dispatch.obj
 0002:00000000       __imp_LoadLibraryA         0000000180007000     kernel32:KERNEL32.dll
 0002:00000008       __imp_GetCurrentProcess    0000000180007008     kernel32:KERNEL32.dll
 0002:00000010       __imp_GetProcessHeap       0000000180007010     kernel32:KERNEL32.dll
 0002:00000018       __imp_HeapFree             0000000180007018     kernel32:KERNEL32.dll
 0002:00000020       __imp_HeapAlloc            0000000180007020     kernel32:KERNEL32.dll
 0002:00000028       __imp_WideCharToMultiByte  0000000180007028     kernel32:KERNEL32.dll
 0002:00000030       __imp_MultiByteToWideChar  0000000180007030     kernel32:KERNEL32.dll
 0002:00000038       __imp_IsProcessorFeaturePresent 0000000180007038     kernel32:KERNEL32.dll
 0002:00000040       __imp_GetStartupInfoW      0000000180007040     kernel32:KERNEL32.dll
 0002:00000048       __imp_SetUnhandledExceptionFilter 0000000180007048     kernel32:KERNEL32.dll
 0002:00000050       __imp_UnhandledExceptionFilter 0000000180007050     kernel32:KERNEL32.dll
 0002:00000058       __imp_IsDebuggerPresent    0000000180007058     kernel32:KERNEL32.dll
 0002:00000060       __imp_RtlVirtualUnwind     0000000180007060     kernel32:KERNEL32.dll
 0002:00000068       __imp_RtlLookupFunctionEntry 0000000180007068     kernel32:KERNEL32.dll
 0002:00000070       __imp_RtlCaptureContext    0000000180007070     kernel32:KERNEL32.dll
 0002:00000078       __imp_DisableThreadLibraryCalls 0000000180007078     kernel32:KERNEL32.dll
 0002:00000080       __imp_GetSystemTimeAsFileTime 0000000180007080     kernel32:KERNEL32.dll
 0002:00000088       __imp_GetCurrentThreadId   0000000180007088     kernel32:KERNEL32.dll
 0002:00000090       __imp_GetCurrentProcessId  0000000180007090     kernel32:KERNEL32.dll
 0002:00000098       __imp_QueryPerformanceCounter 0000000180007098     kernel32:KERNEL32.dll
 0002:000000a0       __imp_InitializeSListHead  00000001800070a0     kernel32:KERNEL32.dll
 0002:000000a8       __imp_LoadLibraryExA       00000001800070a8     kernel32:KERNEL32.dll
 0002:000000b0       __imp_GetProcAddress       00000001800070b0     kernel32:KERNEL32.dll
 0002:000000b8       __imp_GetModuleHandleW     00000001800070b8     kernel32:KERNEL32.dll
 0002:000000c0       __imp_FreeLibrary          00000001800070c0     kernel32:KERNEL32.dll
 0002:000000c8       __imp_VirtualQuery         00000001800070c8     kernel32:KERNEL32.dll
 0002:000000d0       __imp_VirtualProtect       00000001800070d0     kernel32:KERNEL32.dll
 0002:000000d8       __imp_GetSystemInfo        00000001800070d8     kernel32:KERNEL32.dll
 0002:000000e0       __imp_GetLastError         00000001800070e0     kernel32:KERNEL32.dll
 0002:000000e8       __imp_RaiseException       00000001800070e8     kernel32:KERNEL32.dll
 0002:000000f0       __imp_TerminateProcess     00000001800070f0     kernel32:KERNEL32.dll
 0002:000000f8       \177KERNEL32_NULL_THUNK_DATA 00000001800070f8     kernel32:KERNEL32.dll
 0002:00000100       __imp_strstr               0000000180007100     vcruntimed:VCRUNTIME140D.dll
 0002:00000108       __imp___std_type_info_destroy_list 0000000180007108     vcruntimed:VCRUNTIME140D.dll
 0002:00000110       __imp___C_specific_handler 0000000180007110     vcruntimed:VCRUNTIME140D.dll
 0002:00000118       __imp___current_exception  0000000180007118     vcruntimed:VCRUNTIME140D.dll
 0002:00000120       __imp___std_type_info_name 0000000180007120     vcruntimed:VCRUNTIME140D.dll
 0002:00000128       __imp__purecall            0000000180007128     vcruntimed:VCRUNTIME140D.dll
 0002:00000130       __imp___current_exception_context 0000000180007130     vcruntimed:VCRUNTIME140D.dll
 0002:00000138       __imp___C_specific_handler_noexcept 0000000180007138     vcruntimed:VCRUNTIME140D.dll
 0002:00000140       __imp___vcrt_GetModuleFileNameW 0000000180007140     vcruntimed:VCRUNTIME140D.dll
 0002:00000148       __imp___vcrt_GetModuleHandleW 0000000180007148     vcruntimed:VCRUNTIME140D.dll
 0002:00000150       __imp___vcrt_LoadLibraryExW 0000000180007150     vcruntimed:VCRUNTIME140D.dll
 0002:00000158       __imp_memcpy               0000000180007158     vcruntimed:VCRUNTIME140D.dll
 0002:00000160       __imp_memset               0000000180007160     vcruntimed:VCRUNTIME140D.dll
 0002:00000168       \177VCRUNTIME140D_NULL_THUNK_DATA 0000000180007168     vcruntimed:VCRUNTIME140D.dll
 0002:00000170       __imp__initterm_e          0000000180007170     ucrtd:ucrtbased.dll
 0002:00000178       __imp__initialize_narrow_environment 0000000180007178     ucrtd:ucrtbased.dll
 0002:00000180       __imp__CrtDbgReportW       0000000180007180     ucrtd:ucrtbased.dll
 0002:00000188       __imp__CrtDbgReport        0000000180007188     ucrtd:ucrtbased.dll
 0002:00000190       __imp__free_dbg            0000000180007190     ucrtd:ucrtbased.dll
 0002:00000198       __imp__seh_filter_dll      0000000180007198     ucrtd:ucrtbased.dll
 0002:000001a0       __imp__configure_narrow_argv 00000001800071a0     ucrtd:ucrtbased.dll
 0002:000001a8       __imp__initialize_onexit_table 00000001800071a8     ucrtd:ucrtbased.dll
 0002:000001b0       __imp__register_onexit_function 00000001800071b0     ucrtd:ucrtbased.dll
 0002:000001b8       __imp__execute_onexit_table 00000001800071b8     ucrtd:ucrtbased.dll
 0002:000001c0       __imp__crt_atexit          00000001800071c0     ucrtd:ucrtbased.dll
 0002:000001c8       __imp__crt_at_quick_exit   00000001800071c8     ucrtd:ucrtbased.dll
 0002:000001d0       __imp__cexit               00000001800071d0     ucrtd:ucrtbased.dll
 0002:000001d8       __imp_wcscpy_s             00000001800071d8     ucrtd:ucrtbased.dll
 0002:000001e0       __imp__wsplitpath_s        00000001800071e0     ucrtd:ucrtbased.dll
 0002:000001e8       __imp_terminate            00000001800071e8     ucrtd:ucrtbased.dll
 0002:000001f0       __imp___stdio_common_vsprintf_s 00000001800071f0     ucrtd:ucrtbased.dll
 0002:000001f8       __imp_strcat_s             00000001800071f8     ucrtd:ucrtbased.dll
 0002:00000200       __imp__initterm            0000000180007200     ucrtd:ucrtbased.dll
 0002:00000208       __imp_strcpy_s             0000000180007208     ucrtd:ucrtbased.dll
 0002:00000210       __imp__wmakepath_s         0000000180007210     ucrtd:ucrtbased.dll
 0002:00000218       \177ucrtbased_NULL_THUNK_DATA 0000000180007218     ucrtd:ucrtbased.dll
 0002:00000220       __guard_check_icall_fptr   0000000180007220     MSVCRTD:guard_support.obj
 0002:00000228       __guard_xfg_check_icall_fptr 0000000180007228     MSVCRTD:guard_support.obj
 0002:00000230       __guard_dispatch_icall_fptr 0000000180007230     MSVCRTD:guard_support.obj
 0002:00000238       __guard_xfg_dispatch_icall_fptr 0000000180007238     MSVCRTD:guard_support.obj
 0002:00000240       __guard_xfg_table_dispatch_icall_fptr 0000000180007240     MSVCRTD:guard_support.obj
 0002:00000248       __castguard_check_failure_os_handled_fptr 0000000180007248     MSVCRTD:guard_support.obj
 0002:00000250       __guard_memcpy_fptr        0000000180007250     vcruntimed:softmemtag.obj
 0002:00000258       __xc_a                     0000000180007258     MSVCRTD:initializers.obj
 0002:00000290       __xc_z                     0000000180007290     MSVCRTD:initializers.obj
 0002:00000298       __xi_a                     0000000180007298     MSVCRTD:initializers.obj
 0002:000002a0       __xi_z                     00000001800072a0     MSVCRTD:initializers.obj
 0002:000002a8       __xp_a                     00000001800072a8     MSVCRTD:initializers.obj
 0002:000002b0       __xp_z                     00000001800072b0     MSVCRTD:initializers.obj
 0002:000002b8       __xt_a                     00000001800072b8     MSVCRTD:initializers.obj
 0002:000002c0       __xt_z                     00000001800072c0     MSVCRTD:initializers.obj
 0002:000002d0       ?g_PXSinCoefficients0@aos@physx@@3UPX_VECTORF32@12@B 00000001800072d0     Cooking.obj
 0002:000002e0       ?g_PXSinCoefficients1@aos@physx@@3UPX_VECTORF32@12@B 00000001800072e0     Cooking.obj
 0002:000002f0       ?g_PXSinCoefficients2@aos@physx@@3UPX_VECTORF32@12@B 00000001800072f0     Cooking.obj
 0002:00000300       ?g_PXCosCoefficients0@aos@physx@@3UPX_VECTORF32@12@B 0000000180007300     Cooking.obj
 0002:00000310       ?g_PXCosCoefficients1@aos@physx@@3UPX_VECTORF32@12@B 0000000180007310     Cooking.obj
 0002:00000320       ?g_PXCosCoefficients2@aos@physx@@3UPX_VECTORF32@12@B 0000000180007320     Cooking.obj
 0002:00000330       ?g_PXReciprocalTwoPi@aos@physx@@3UPX_VECTORF32@12@B 0000000180007330     Cooking.obj
 0002:00000340       ?g_PXTwoPi@aos@physx@@3UPX_VECTORF32@12@B 0000000180007340     Cooking.obj
 0002:00000370       ??_7PxFoundation@physx@@6B@ 0000000180007370     Cooking.obj
 0002:000003e0       ??_C@_0EK@HIIKNEID@D?3?2Code?2PhysX?9105?41?9blast?95?40?43@ 00000001800073e0     Cooking.obj
 0002:00000430       ??_C@_0BM@OIFKLHDN@?$DMallocation?5names?5disabled?$DO@ 0000000180007430     Cooking.obj
 0002:00000450       ??_C@_0ED@IKEFEBLJ@D?3?2Code?2PhysX?9105?41?9blast?95?40?43@ 0000000180007450     Cooking.obj
 0002:00000498       ??_C@_0BM@BMFMDKFG@this?9?$DOcapacity?$CI?$CJ?5?$DM?5capacity@ 0000000180007498     Cooking.obj
 0002:000004b8       ??_C@_0CP@CPGGIPKL@?$CI?$CBcapacity?$CJ?5?$HM?$HM?5?$CInewData?5?$CG?$CG?5?$CInew@ 00000001800074b8     Cooking.obj
 0002:000004e8       __real@3a83126f            00000001800074e8     Cooking.obj
 0002:000004ec       __real@ba83126f            00000001800074ec     Cooking.obj
 0002:000004f0       ??_C@_0BA@EGLNOO@PhysXFoundation@ 00000001800074f0     WindowsCookingDelayLoadHook.obj
 0002:00000500       ??_C@_0M@ILKNCJKN@PhysXCommon@ 0000000180007500     WindowsCookingDelayLoadHook.obj
 0002:00000510       __sz_PhysXCommon_64_dll    0000000180007510     PhysXCommon_64:PhysXCommon_64.dll
 0002:00000530       __sz_PhysXFoundation_64_dll 0000000180007530     PhysXFoundation_64:PhysXFoundation_64.dll
 0002:00000548       ??_C@_1BK@DBDEIDLH@?$AAK?$AAE?$AAR?$AAN?$AAE?$AAL?$AA3?$AA2?$AA?4?$AAD?$AAL?$AAL@ 0000000180007548     Delayimp:delayhlp.obj
 0002:00000568       ??_C@_0BI@OMNLIJDB@AcquireSRWLockExclusive@ 0000000180007568     Delayimp:delayhlp.obj
 0002:00000580       ??_C@_0BI@HMIEPCNJ@ReleaseSRWLockExclusive@ 0000000180007580     Delayimp:delayhlp.obj
 0002:00000598       __pfnDliFailureHook2       0000000180007598     Delayimp:delayhk1.obj
 0002:000005a8       ??_7type_info@@6B@         00000001800075a8     MSVCRTD:std_type_info_static.obj
 0002:000005b0       _pDefaultRawDllMain        00000001800075b0     MSVCRTD:dll_dllmain.obj
 0002:000005b0       _pRawDllMain               00000001800075b0     MSVCRTD:dll_dllmain.obj
 0002:000005c0       _load_config_used          00000001800075c0     MSVCRTD:loadcfg.obj
 0002:00000728       ??_C@_0BJ@HEGAHDFO@Stack?5pointer?5corruption@ 0000000180007728     MSVCRTD:userapi.obj
 0002:00000748       ??_C@_0CK@FEGOIOPB@Cast?5to?5smaller?5type?5causing?5lo@ 0000000180007748     MSVCRTD:userapi.obj
 0002:00000778       ??_C@_0BI@CIGMDCBH@Stack?5memory?5corruption@ 0000000180007778     MSVCRTD:userapi.obj
 0002:00000790       ??_C@_0CK@CNLNOEPB@Local?5variable?5used?5before?5init@ 0000000180007790     MSVCRTD:userapi.obj
 0002:000007c0       ??_C@_0BP@OGBCLIBO@Stack?5around?5_alloca?5corrupted@ 00000001800077c0     MSVCRTD:userapi.obj
 0002:000008a0       ??_C@_0NN@JMPELKLB@The?5value?5of?5ESP?5was?5not?5proper@ 00000001800078a0     MSVCRTD:error.obj
 0002:00000980       ??_C@_0BBN@ELNNILBE@A?5cast?5to?5a?5smaller?5data?5type?5h@ 0000000180007980     MSVCRTD:error.obj
 0002:00000aa0       ??_C@_0BN@BPOGFMJL@Stack?5memory?5was?5corrupted?$AN?6@ 0000000180007aa0     MSVCRTD:error.obj
 0002:00000ac0       ??_C@_0DG@DAJCDLPN@A?5local?5variable?5was?5used?5befor@ 0000000180007ac0     MSVCRTD:error.obj
 0002:00000af8       ??_C@_0CM@JMIDGKLA@Stack?5memory?5around?5_alloca?5was@ 0000000180007af8     MSVCRTD:error.obj
 0002:00000b28       ??_C@_0BO@CHIONIOI@Unknown?5Runtime?5Check?5Error?$AN?6@ 0000000180007b28     MSVCRTD:error.obj
 0002:00000b50       ??_C@_1GM@CNOOJIHC@?$AAR?$AAu?$AAn?$AAt?$AAi?$AAm?$AAe?$AA?5?$AAC?$AAh?$AAe?$AAc?$AAk?$AA?5?$AAE@ 0000000180007b50     MSVCRTD:error.obj
 0002:00000bc0       ??_C@_1EA@NFKNIFJP@?$AAR?$AAu?$AAn?$AA?9?$AAT?$AAi?$AAm?$AAe?$AA?5?$AAC?$AAh?$AAe?$AAc?$AAk?$AA?5@ 0000000180007bc0     MSVCRTD:error.obj
 0002:00000c00       ??_C@_0BB@PFFGGCJP@Unknown?5Filename@ 0000000180007c00     MSVCRTD:error.obj
 0002:00000c18       ??_C@_0BE@GNBOBNCK@Unknown?5Module?5Name@ 0000000180007c18     MSVCRTD:error.obj
 0002:00000c30       ??_C@_0CA@IODNCDPG@Run?9Time?5Check?5Failure?5?$CD?$CFd?5?9?5?$CFs@ 0000000180007c30     MSVCRTD:error.obj
 0002:00000c50       ??_C@_0CG@IAFNJNEE@Stack?5corrupted?5near?5unknown?5va@ 0000000180007c50     MSVCRTD:error.obj
 0002:00000c78       ??_C@_05MKKEDADM@?$CF?42X?5@ 0000000180007c78     MSVCRTD:error.obj
 0002:00000c80       ??_C@_0EJ@LJKNEOLN@Stack?5area?5around?5_alloca?5memor@ 0000000180007c80     MSVCRTD:error.obj
 0002:00000ccc       ??_C@_01EEMJAFIK@?6@       0000000180007ccc     MSVCRTD:error.obj
 0002:00000cd0       ??_C@_02LLMPMKNF@?$DO?5@   0000000180007cd0     MSVCRTD:error.obj
 0002:00000cd8       ??_C@_08OMAHNMHJ@?6Data?3?5?$DM@ 0000000180007cd8     MSVCRTD:error.obj
 0002:00000ce8       ??_C@_0CK@DKGBICFE@?6Allocation?5number?5within?5this?5@ 0000000180007ce8     MSVCRTD:error.obj
 0002:00000d18       ??_C@_07DFDJCKFN@?6Size?3?5@ 0000000180007d18     MSVCRTD:error.obj
 0002:00000d20       ??_C@_0N@MHFFIMFG@?6Address?3?50x@ 0000000180007d20     MSVCRTD:error.obj
 0002:00000d30       ??_C@_0EI@CLEPFNGI@Stack?5area?5around?5_alloca?5memor@ 0000000180007d30     MSVCRTD:error.obj
 0002:00000d78       ??_C@_0BK@ODNDAGKB@?$CFs?$CFs?$CFp?$CFs?$CFzd?$CFs?$CFd?$CFs?$CFs?$CFs?$CFs?$CFs@ 0000000180007d78     MSVCRTD:error.obj
 0002:00000d98       ??_C@_0DE@OHJBPMBP@A?5variable?5is?5being?5used?5withou@ 0000000180007d98     MSVCRTD:error.obj
 0002:00000e30       ??_C@_1EI@MLPKHBGE@?$AAa?$AAp?$AAi?$AA?9?$AAm?$AAs?$AA?9?$AAw?$AAi?$AAn?$AA?9?$AAc?$AAo?$AAr?$AAe@ 0000000180007e30     MSVCRTD:pdblkup.obj
 0002:00000e78       ??_C@_1BK@JHLNAEJL@?$AAa?$AAd?$AAv?$AAa?$AAp?$AAi?$AA3?$AA2?$AA?4?$AAd?$AAl?$AAl@ 0000000180007e78     MSVCRTD:pdblkup.obj
 0002:00000e98       ??_C@_0O@COHOBMLB@RegOpenKeyExW@ 0000000180007e98     MSVCRTD:pdblkup.obj
 0002:00000ea8       ??_C@_0BB@GLNAEDBD@RegQueryValueExW@ 0000000180007ea8     MSVCRTD:pdblkup.obj
 0002:00000ec0       ??_C@_0M@HLOHPNFA@RegCloseKey@ 0000000180007ec0     MSVCRTD:pdblkup.obj
 0002:00000ed0       ??_C@_1HE@EBEAGLFB@?$AAS?$AAO?$AAF?$AAT?$AAW?$AAA?$AAR?$AAE?$AA?2?$AAW?$AAo?$AAw?$AA6?$AA4?$AA3@ 0000000180007ed0     MSVCRTD:pdblkup.obj
 0002:00000f48       ??_C@_1BG@EABPBLLF@?$AAP?$AAr?$AAo?$AAd?$AAu?$AAc?$AAt?$AAD?$AAi?$AAr@ 0000000180007f48     MSVCRTD:pdblkup.obj
 0002:00000f80       ??_C@_1BC@JINFINNJ@?$AAM?$AAS?$AAP?$AAD?$AAB?$AA1?$AA4?$AA0@ 0000000180007f80     MSVCRTD:pdblkup.obj
 0002:00000f98       ??_C@_0BB@KCIACLNC@PDBOpenValidate5@ 0000000180007f98     MSVCRTD:pdblkup.obj
 0002:00000fac       ??_C@_01KDCPPGHE@r@        0000000180007fac     MSVCRTD:pdblkup.obj
 0002:00001080       __CastGuardVftablesStart   0000000180008080     MSVCRTD:guard_support.obj
 0002:00001100       __CastGuardVftablesEnd     0000000180008100     MSVCRTD:guard_support.obj
 0002:00001180       ??_R4type_info@@6B@        0000000180008180     MSVCRTD:std_type_info_static.obj
 0002:000011a8       ??_R3type_info@@8          00000001800081a8     MSVCRTD:std_type_info_static.obj
 0002:000011c0       ??_R2type_info@@8          00000001800081c0     MSVCRTD:std_type_info_static.obj
 0002:000011d0       ??_R1A@?0A@EA@type_info@@8 00000001800081d0     MSVCRTD:std_type_info_static.obj
 0002:000011f4       __volatile_metadata        00000001800081f4     <linker-defined>
 0002:000016f0       __rtc_iaa                  00000001800086f0     MSVCRTD:initsect.obj
 0002:00001708       __rtc_izz                  0000000180008708     MSVCRTD:initsect.obj
 0002:00001710       __rtc_taa                  0000000180008710     MSVCRTD:initsect.obj
 0002:00001728       __rtc_tzz                  0000000180008728     MSVCRTD:initsect.obj
 0002:00001f34       __DELAY_IMPORT_DESCRIPTOR_physxcommon_64_dll 0000000180008f34     PhysXCommon_64:PhysXCommon_64.dll
 0002:00001f54       __DELAY_IMPORT_DESCRIPTOR_physxfoundation_64_dll 0000000180008f54     PhysXFoundation_64:PhysXFoundation_64.dll
 0002:00001f74       __NULL_DELAY_IMPORT_DESCRIPTOR 0000000180008f74     PhysXCommon_64:PhysXCommon_64.dll
 0002:00002058       \177PhysXCommon_64_NULL_THUNK_DATA_DLN 0000000180009058     PhysXCommon_64:PhysXCommon_64.dll
 0002:00002070       \177PhysXFoundation_64_NULL_THUNK_DATA_DLN 0000000180009070     PhysXFoundation_64:PhysXFoundation_64.dll
 0002:00002328       \177PhysXCommon_64_NULL_THUNK_DATA_DLB 0000000180009328     PhysXCommon_64:PhysXCommon_64.dll
 0002:000023f0       \177PhysXFoundation_64_NULL_THUNK_DATA_DLB 00000001800093f0     PhysXFoundation_64:PhysXFoundation_64.dll
 0002:00002f04       __IMPORT_DESCRIPTOR_KERNEL32 0000000180009f04     kernel32:KERNEL32.dll
 0002:00002f18       __IMPORT_DESCRIPTOR_VCRUNTIME140D 0000000180009f18     vcruntimed:VCRUNTIME140D.dll
 0002:00002f2c       __IMPORT_DESCRIPTOR_ucrtbased 0000000180009f2c     ucrtd:ucrtbased.dll
 0002:00002f40       __NULL_IMPORT_DESCRIPTOR   0000000180009f40     kernel32:KERNEL32.dll
 0003:00000000       __pfnDliNotifyHook2        000000018000b000     WindowsCookingDelayLoadHook.obj
 0003:00000008       _fltused                   000000018000b008     MSVCRTD:fltused.obj
 0003:0000000c       __scrt_native_dllmain_reason 000000018000b00c     MSVCRTD:utility.obj
 0003:00000010       __security_cookie_complement 000000018000b010     MSVCRTD:gs_cookie.obj
 0003:00000018       __security_cookie          000000018000b018     MSVCRTD:gs_cookie.obj
 0003:00000020       ?_RTC_ErrorLevels@@3PAHA   000000018000b020     MSVCRTD:error.obj
 0003:00000038       __isa_available            000000018000b038     MSVCRTD:cpu_disp.obj
 0003:0000003c       __isa_enabled              000000018000b03c     MSVCRTD:cpu_disp.obj
 0003:00000040       __memset_fast_string_threshold 000000018000b040     MSVCRTD:cpu_disp.obj
 0003:00000048       __memset_nt_threshold      000000018000b048     MSVCRTD:cpu_disp.obj
 0003:00000050       __scrt_ucrt_dll_is_in_use  000000018000b050     MSVCRTD:ucrt_stubs.obj
 0003:00000058       ??_R0?AVBVH@Gu@physx@@@8   000000018000b058     Cooking.obj
 0003:00000080       ??_R0?AVBV4TriangleMesh@Gu@physx@@@8 000000018000b080     Cooking.obj
 0003:000000b0       ??_R0?AUSlab@NodeAllocator@Gu@physx@@@8 000000018000b0b0     Cooking.obj
 0003:000000e8       ??_R0?AVtype_info@@@8      000000018000b0e8     MSVCRTD:std_type_info_static.obj
 0003:00000108       __imp_getInsertionCallback 000000018000b108     PhysXCommon_64:PhysXCommon_64.dll
 0003:00000110       __imp_??0BV4TriangleMesh@Gu@physx@@QEAA@AEBUPxTriangleMeshInternalData@2@@Z 000000018000b110     PhysXCommon_64:PhysXCommon_64.dll
 0003:00000118       __imp_cookBVH              000000018000b118     PhysXCommon_64:PhysXCommon_64.dll
 0003:00000120       __imp_createBVH            000000018000b120     PhysXCommon_64:PhysXCommon_64.dll
 0003:00000128       __imp_cookHeightField      000000018000b128     PhysXCommon_64:PhysXCommon_64.dll
 0003:00000130       __imp_createHeightField    000000018000b130     PhysXCommon_64:PhysXCommon_64.dll
 0003:00000138       __imp_cookConvexMesh       000000018000b138     PhysXCommon_64:PhysXCommon_64.dll
 0003:00000140       __imp_createConvexMesh     000000018000b140     PhysXCommon_64:PhysXCommon_64.dll
 0003:00000148       __imp_validateConvexMesh   000000018000b148     PhysXCommon_64:PhysXCommon_64.dll
 0003:00000150       __imp_computeHullPolygons  000000018000b150     PhysXCommon_64:PhysXCommon_64.dll
 0003:00000158       __imp_validateTriangleMesh 000000018000b158     PhysXCommon_64:PhysXCommon_64.dll
 0003:00000160       __imp_createTriangleMesh   000000018000b160     PhysXCommon_64:PhysXCommon_64.dll
 0003:00000168       __imp_cookTriangleMesh     000000018000b168     PhysXCommon_64:PhysXCommon_64.dll
 0003:00000170       __imp_cookTetrahedronMesh  000000018000b170     PhysXCommon_64:PhysXCommon_64.dll
 0003:00000178       __imp_createTetrahedronMesh 000000018000b178     PhysXCommon_64:PhysXCommon_64.dll
 0003:00000180       __imp_cookSoftBodyMesh     000000018000b180     PhysXCommon_64:PhysXCommon_64.dll
 0003:00000188       __imp_createSoftBodyMesh   000000018000b188     PhysXCommon_64:PhysXCommon_64.dll
 0003:00000190       __imp_computeModelsMapping 000000018000b190     PhysXCommon_64:PhysXCommon_64.dll
 0003:00000198       __imp_computeCollisionData 000000018000b198     PhysXCommon_64:PhysXCommon_64.dll
 0003:000001a0       __imp_computeSimulationData 000000018000b1a0     PhysXCommon_64:PhysXCommon_64.dll
 0003:000001a8       __imp_assembleSoftBodyMesh 000000018000b1a8     PhysXCommon_64:PhysXCommon_64.dll
 0003:000001b0       __imp_assembleSoftBodyMesh_Sim 000000018000b1b0     PhysXCommon_64:PhysXCommon_64.dll
 0003:000001b8       __imp_?release@AABBTreeBounds@Gu@physx@@QEAAXXZ 000000018000b1b8     PhysXCommon_64:PhysXCommon_64.dll
 0003:000001c0       __imp_??0BVH@Gu@physx@@QEAA@AEBUPxBVHInternalData@2@@Z 000000018000b1c0     PhysXCommon_64:PhysXCommon_64.dll
 0003:000001c8       \177PhysXCommon_64_NULL_THUNK_DATA_DLA 000000018000b1c8     PhysXCommon_64:PhysXCommon_64.dll
 0003:000001d0       __imp_PxGetBroadcastAllocator 000000018000b1d0     PhysXFoundation_64:PhysXFoundation_64.dll
 0003:000001d8       __imp_?PxAssert@physx@@YAXPEBD0HAEA_N@Z 000000018000b1d8     PhysXFoundation_64:PhysXFoundation_64.dll
 0003:000001e0       \177PhysXFoundation_64_NULL_THUNK_DATA_DLA 000000018000b1e0     PhysXFoundation_64:PhysXFoundation_64.dll
 0003:00000250       ?_ignore@?2??grow@?$PxArray@USlab@NodeAllocator@Gu@physx@@V?$PxReflectionAllocator@USlab@NodeAllocator@Gu@physx@@@4@@physx@@IEAAXI@Z@4_NA 000000018000b250     Cooking.obj
 0003:00000251       ?_ignore@?2??recreate@?$PxArray@USlab@NodeAllocator@Gu@physx@@V?$PxReflectionAllocator@USlab@NodeAllocator@Gu@physx@@@4@@physx@@IEAAXI@Z@4_NA 000000018000b251     Cooking.obj
 0003:00000260       __hmod__PhysXCommon_64_dll 000000018000b260     PhysXCommon_64:PhysXCommon_64.dll
 0003:00000268       __hmod__PhysXFoundation_64_dll 000000018000b268     PhysXFoundation_64:PhysXFoundation_64.dll
 0003:00000270       ?DloadKernel32@@3PEAUHINSTANCE__@@EA 000000018000b270     Delayimp:delayhlp.obj
 0003:00000278       ?DloadAcquireSRWLockExclusive@@3P6AXPEA_K@ZEA 000000018000b278     Delayimp:delayhlp.obj
 0003:00000280       ?DloadReleaseSRWLockExclusive@@3P6AXPEA_K@ZEA 000000018000b280     Delayimp:delayhlp.obj
 0003:00000288       ?DloadSrwLock@@3_KA        000000018000b288     Delayimp:delayhlp.obj
 0003:00000290       ?DloadSectionLockCount@@3KA 000000018000b290     Delayimp:delayhlp.obj
 0003:00000294       ?DloadSectionOldProtection@@3KA 000000018000b294     Delayimp:delayhlp.obj
 0003:00000298       ?DloadSectionCommitPermanent@@3KA 000000018000b298     Delayimp:delayhlp.obj
 0003:000002a0       ?__type_info_root_node@@3U__type_info_node@@A 000000018000b2a0     MSVCRTD:tncleanup.obj
 0003:000002b8       __castguard_check_failure_user_handled_fptr 000000018000b2b8     MSVCRTD:guard_support.obj
 0003:000002d0       ?_OptionsStorage@?1??__local_stdio_printf_options@@9@4_KA 000000018000b2d0     MSVCRTD:default_local_stdio_options.obj
 0003:000002d8       ?_OptionsStorage@?1??__local_stdio_scanf_options@@9@4_KA 000000018000b2d8     MSVCRTD:default_local_stdio_options.obj
 0003:000002e0       __scrt_current_native_startup_state 000000018000b2e0     MSVCRTD:utility.obj
 0003:000002e8       __scrt_native_startup_lock 000000018000b2e8     MSVCRTD:utility.obj
 0003:00000328       __scrt_debugger_hook_flag  000000018000b328     MSVCRTD:utility_desktop.obj
 0003:0000032c       __favor                    000000018000b32c     MSVCRTD:cpu_disp.obj
 0003:000008b0       __dyn_tls_init_callback    000000018000b8b0     <common>

 entry point at        0001:00002f80

 Static symbols

 0000:ffff1000       .debug$S                   0000000180000000     PhysXCooking_64.exp
 0000:ffff1000       .debug$S                   0000000180000000     ucrtd:ucrtbased.dll
 0000:ffff1000       .debug$S                   0000000180000000     ucrtd:ucrtbased.dll
 0000:ffff1000       .debug$S                   0000000180000000     ucrtd:ucrtbased.dll
 0000:ffff1000       .debug$S                   0000000180000000     ucrtd:ucrtbased.dll
 0000:ffff1000       .debug$S                   0000000180000000     ucrtd:ucrtbased.dll
 0000:ffff1000       .debug$S                   0000000180000000     ucrtd:ucrtbased.dll
 0000:ffff1000       .debug$S                   0000000180000000     ucrtd:ucrtbased.dll
 0000:ffff1000       .debug$S                   0000000180000000     ucrtd:ucrtbased.dll
 0000:ffff1000       .debug$S                   0000000180000000     ucrtd:ucrtbased.dll
 0000:ffff1000       .debug$S                   0000000180000000     ucrtd:ucrtbased.dll
 0000:ffff1000       .debug$S                   0000000180000000     ucrtd:ucrtbased.dll
 0000:ffff1000       .debug$S                   0000000180000000     ucrtd:ucrtbased.dll
 0000:ffff1000       .debug$S                   0000000180000000     ucrtd:ucrtbased.dll
 0000:ffff1000       .debug$S                   0000000180000000     ucrtd:ucrtbased.dll
 0000:ffff1000       .debug$S                   0000000180000000     ucrtd:ucrtbased.dll
 0000:ffff1000       .debug$S                   0000000180000000     ucrtd:ucrtbased.dll
 0000:ffff1000       .debug$S                   0000000180000000     ucrtd:ucrtbased.dll
 0000:ffff1000       .debug$S                   0000000180000000     ucrtd:ucrtbased.dll
 0000:ffff1000       .debug$S                   0000000180000000     ucrtd:ucrtbased.dll
 0000:ffff1000       .debug$S                   0000000180000000     ucrtd:ucrtbased.dll
 0000:ffff1000       .debug$S                   0000000180000000     ucrtd:ucrtbased.dll
 0000:ffff1000       .debug$S                   0000000180000000     kernel32:KERNEL32.dll
 0000:ffff1000       .debug$S                   0000000180000000     kernel32:KERNEL32.dll
 0000:ffff1000       .debug$S                   0000000180000000     kernel32:KERNEL32.dll
 0000:ffff1000       .debug$S                   0000000180000000     kernel32:KERNEL32.dll
 0000:ffff1000       .debug$S                   0000000180000000     kernel32:KERNEL32.dll
 0000:ffff1000       .debug$S                   0000000180000000     kernel32:KERNEL32.dll
 0000:ffff1000       .debug$S                   0000000180000000     kernel32:KERNEL32.dll
 0000:ffff1000       .debug$S                   0000000180000000     kernel32:KERNEL32.dll
 0000:ffff1000       .debug$S                   0000000180000000     kernel32:KERNEL32.dll
 0000:ffff1000       .debug$S                   0000000180000000     kernel32:KERNEL32.dll
 0000:ffff1000       .debug$S                   0000000180000000     kernel32:KERNEL32.dll
 0000:ffff1000       .debug$S                   0000000180000000     kernel32:KERNEL32.dll
 0000:ffff1000       .debug$S                   0000000180000000     kernel32:KERNEL32.dll
 0000:ffff1000       .debug$S                   0000000180000000     kernel32:KERNEL32.dll
 0000:ffff1000       .debug$S                   0000000180000000     kernel32:KERNEL32.dll
 0000:ffff1000       .debug$S                   0000000180000000     kernel32:KERNEL32.dll
 0000:ffff1000       .debug$S                   0000000180000000     kernel32:KERNEL32.dll
 0000:ffff1000       .debug$S                   0000000180000000     kernel32:KERNEL32.dll
 0000:ffff1000       .debug$S                   0000000180000000     kernel32:KERNEL32.dll
 0000:ffff1000       .debug$S                   0000000180000000     kernel32:KERNEL32.dll
 0000:ffff1000       .debug$S                   0000000180000000     kernel32:KERNEL32.dll
 0000:ffff1000       .debug$S                   0000000180000000     kernel32:KERNEL32.dll
 0000:ffff1000       .debug$S                   0000000180000000     kernel32:KERNEL32.dll
 0000:ffff1000       .debug$S                   0000000180000000     kernel32:KERNEL32.dll
 0000:ffff1000       .debug$S                   0000000180000000     kernel32:KERNEL32.dll
 0000:ffff1000       .debug$S                   0000000180000000     kernel32:KERNEL32.dll
 0000:ffff1000       .debug$S                   0000000180000000     kernel32:KERNEL32.dll
 0000:ffff1000       .debug$S                   0000000180000000     kernel32:KERNEL32.dll
 0000:ffff1000       .debug$S                   0000000180000000     kernel32:KERNEL32.dll
 0000:ffff1000       .debug$S                   0000000180000000     kernel32:KERNEL32.dll
 0000:ffff1000       .debug$S                   0000000180000000     kernel32:KERNEL32.dll
 0000:00000000       _volmd                     0000000180000000     Delayimp:delayhlp.obj
 0000:00000000       _volmd                     0000000180000000     Delayimp:delayhlp.obj
 0000:00000000       _volmd                     0000000180000000     Delayimp:delayhlp.obj
 0000:00000000       _volmd                     0000000180000000     Delayimp:delayhlp.obj
 0000:00000000       _volmd                     0000000180000000     Delayimp:delayhlp.obj
 0000:00000000       _volmd                     0000000180000000     Delayimp:delayhlp.obj
 0000:00000000       _volmd                     0000000180000000     Delayimp:delayhlp.obj
 0000:00000000       _volmd                     0000000180000000     Delayimp:delayhlp.obj
 0000:00000000       _volmd                     0000000180000000     Delayimp:delayhlp.obj
 0000:00000000       _volmd                     0000000180000000     Delayimp:delayhlp.obj
 0000:00000000       _volmd                     0000000180000000     Delayimp:delayhlp.obj
 0000:00000000       _volmd                     0000000180000000     MSVCRTD:cpu_disp.obj
 0002:ffff9000       __guard_ehcont_?dllmain_dispatch@@YAHQEAUHINSTANCE__@@KQEAX@Z 0000000180000000     MSVCRTD:dll_dllmain.obj
 0002:ffff9000       __guard_fids_?dllmain_dispatch@@YAHQEAUHINSTANCE__@@KQEAX@Z 0000000180000000     MSVCRTD:dll_dllmain.obj
 0002:ffff9000       __guard_ehcont_?notify_debugger@@YAXAEBUtagEXCEPTION_VISUALCPP_DEBUG_INFO@@@Z 0000000180000000     MSVCRTD:error.obj
 0000:00000000       _volmd                     0000000180000000     MSVCRTD:gs_report.obj
 0000:00000000       _volmd                     0000000180000000     MSVCRTD:gs_report.obj
 0000:00000000       _volmd                     0000000180000000     MSVCRTD:gs_report.obj
 0002:ffff9000       __guard_fids__             0000000180000000     MSVCRTD:guard_support.obj
 0002:ffff9000       __guard_fids__             0000000180000000     MSVCRTD:guard_support.obj
 0002:ffff9000       __guard_fids__guard_icall_checks_enforced 0000000180000000     MSVCRTD:guard_support.obj
 0000:00000000       _volmd                     0000000180000000     MSVCRTD:guard_support.obj
 0000:00000000       _volmd                     0000000180000000     MSVCRTD:guard_support.obj
 0000:00000000       _volmd                     0000000180000000     MSVCRTD:guard_support.obj
 0000:00000000       _volmd                     0000000180000000     MSVCRTD:guard_support.obj
 0002:ffff9000       __guard_fids__CRT_RTC_INIT 0000000180000000     MSVCRTD:init.obj
 0002:ffff9000       __guard_fids__CRT_RTC_INITW 0000000180000000     MSVCRTD:init.obj
 0002:ffff9000       __guard_fids__             0000000180000000     MSVCRTD:std_type_info_static.obj
 0002:ffff9000       __guard_ehcont___scrt_is_nonwritable_in_current_image 0000000180000000     MSVCRTD:utility.obj
 0000:00000000       _volmd                     0000000180000000     MSVCRTD:utility.obj
 0000:00000000       _volmd                     0000000180000000     MSVCRTD:utility.obj
 0000:00000000       _volmd                     0000000180000000     MSVCRTD:utility.obj
 0002:ffff9000       __guard_fids___scrt_set_unhandled_exception_filter 0000000180000000     MSVCRTD:utility_desktop.obj
 0000:00000000       _volmd                     0000000180000000     MSVCRTD:utility_desktop.obj
 0002:ffff9000       __guard_fids__             0000000180000000     vcruntimed:softmemtag.obj
 0000:ffff1000       .debug$S                   0000000180000000     vcruntimed:VCRUNTIME140D.dll
 0000:ffff1000       .debug$S                   0000000180000000     vcruntimed:VCRUNTIME140D.dll
 0000:ffff1000       .debug$S                   0000000180000000     vcruntimed:VCRUNTIME140D.dll
 0000:ffff1000       .debug$S                   0000000180000000     vcruntimed:VCRUNTIME140D.dll
 0000:ffff1000       .debug$S                   0000000180000000     vcruntimed:VCRUNTIME140D.dll
 0000:ffff1000       .debug$S                   0000000180000000     vcruntimed:VCRUNTIME140D.dll
 0000:ffff1000       .debug$S                   0000000180000000     vcruntimed:VCRUNTIME140D.dll
 0000:ffff1000       .debug$S                   0000000180000000     vcruntimed:VCRUNTIME140D.dll
 0000:ffff1000       .debug$S                   0000000180000000     vcruntimed:VCRUNTIME140D.dll
 0000:ffff1000       .debug$S                   0000000180000000     vcruntimed:VCRUNTIME140D.dll
 0000:ffff1000       .debug$S                   0000000180000000     vcruntimed:VCRUNTIME140D.dll
 0000:ffff1000       .debug$S                   0000000180000000     vcruntimed:VCRUNTIME140D.dll
 0000:ffff1000       .debug$S                   0000000180000000     vcruntimed:VCRUNTIME140D.dll
 0000:ffff1000       .debug$S                   0000000180000000     PhysXCommon_64:PhysXCommon_64.dll
 0000:ffff1000       .debug$S                   0000000180000000     PhysXCommon_64:PhysXCommon_64.dll
 0000:ffff1000       .debug$S                   0000000180000000     PhysXCommon_64:PhysXCommon_64.dll
 0000:ffff1000       .debug$S                   0000000180000000     PhysXCommon_64:PhysXCommon_64.dll
 0000:ffff1000       .debug$S                   0000000180000000     PhysXCommon_64:PhysXCommon_64.dll
 0000:ffff1000       .debug$S                   0000000180000000     PhysXCommon_64:PhysXCommon_64.dll
 0000:ffff1000       .debug$S                   0000000180000000     PhysXCommon_64:PhysXCommon_64.dll
 0000:ffff1000       .debug$S                   0000000180000000     PhysXCommon_64:PhysXCommon_64.dll
 0000:ffff1000       .debug$S                   0000000180000000     PhysXCommon_64:PhysXCommon_64.dll
 0000:ffff1000       .debug$S                   0000000180000000     PhysXCommon_64:PhysXCommon_64.dll
 0000:ffff1000       .debug$S                   0000000180000000     PhysXCommon_64:PhysXCommon_64.dll
 0000:ffff1000       .debug$S                   0000000180000000     PhysXCommon_64:PhysXCommon_64.dll
 0000:ffff1000       .debug$S                   0000000180000000     PhysXCommon_64:PhysXCommon_64.dll
 0000:ffff1000       .debug$S                   0000000180000000     PhysXCommon_64:PhysXCommon_64.dll
 0000:ffff1000       .debug$S                   0000000180000000     PhysXCommon_64:PhysXCommon_64.dll
 0000:ffff1000       .debug$S                   0000000180000000     PhysXCommon_64:PhysXCommon_64.dll
 0000:ffff1000       .debug$S                   0000000180000000     PhysXCommon_64:PhysXCommon_64.dll
 0000:ffff1000       .debug$S                   0000000180000000     PhysXCommon_64:PhysXCommon_64.dll
 0000:ffff1000       .debug$S                   0000000180000000     PhysXCommon_64:PhysXCommon_64.dll
 0000:ffff1000       .debug$S                   0000000180000000     PhysXCommon_64:PhysXCommon_64.dll
 0000:ffff1000       .debug$S                   0000000180000000     PhysXCommon_64:PhysXCommon_64.dll
 0000:ffff1000       .debug$S                   0000000180000000     PhysXCommon_64:PhysXCommon_64.dll
 0000:ffff1000       .debug$S                   0000000180000000     PhysXCommon_64:PhysXCommon_64.dll
 0000:ffff1000       .debug$S                   0000000180000000     PhysXCommon_64:PhysXCommon_64.dll
 0000:ffff1000       .debug$S                   0000000180000000     PhysXFoundation_64:PhysXFoundation_64.dll
 0000:ffff1000       .debug$S                   0000000180000000     PhysXFoundation_64:PhysXFoundation_64.dll
 0001:00000000       ??__EmaxFError@vecMathTests@aos@physx@@YAXXZ 0000000180001000 f   Cooking.obj
 0001:00000030       ??__EmaxV3Error@vecMathTests@aos@physx@@YAXXZ 0000000180001030 f   Cooking.obj
[...]
 0002:00001a18       $unwind$?DloadLock@@YAXXZ  0000000180008a18     Delayimp:delayhlp.obj
 0002:00001a20       $unwind$?DloadUnlock@@YAXXZ 0000000180008a20     Delayimp:delayhlp.obj
 0002:00001a28       $unwind$?DloadObtainSection@@YAPEAXPEAK0@Z 0000000180008a28     Delayimp:delayhlp.obj
 0002:00001a38       $unwind$?DloadMakePermanentImageCommit@@YAXPEAX_K@Z 0000000180008a38     Delayimp:delayhlp.obj
 0002:00001a44       $unwind$?DloadProtectSection@@YAXKPEAK@Z 0000000180008a44     Delayimp:delayhlp.obj
 0002:00001a54       $unwind$?DloadAcquireSectionWriteAccess@@YAXXZ 0000000180008a54     Delayimp:delayhlp.obj
 0002:00001a5c       $unwind$?DloadReleaseSectionWriteAccess@@YAXXZ 0000000180008a5c     Delayimp:delayhlp.obj
 0002:00001a64       $unwind$?PiddFromDllName@@YAPEBUImgDelayDescr@@PEBD@Z 0000000180008a64     Delayimp:delayhlp.obj
 0002:00001a6c       $unwind$__delayLoadHelper2 0000000180008a6c     Delayimp:delayhlp.obj
 0002:00001a88       $unwind$??3@YAXPEAX@Z      0000000180008a88     MSVCRTD:delete_scalar.obj
 0002:00001a90       $unwind$??3@YAXPEAX_K@Z    0000000180008a90     MSVCRTD:delete_scalar_size.obj
 0002:00001a98       $unwind$??_V@YAXPEAX@Z     0000000180008a98     MSVCRTD:delete_array.obj
 0002:00001aa0       $unwind$??_V@YAXPEAX_K@Z   0000000180008aa0     MSVCRTD:delete_array_size.obj
 0002:00001aa8       $unwind$_RTC_Shutdown      0000000180008aa8     MSVCRTD:init.obj
 0002:00001ab0       $unwind$_RTC_InitBase      0000000180008ab0     MSVCRTD:init.obj
 0002:00001ab8       $unwind$??_Gtype_info@@UEAAPEAXI@Z 0000000180008ab8     MSVCRTD:std_type_info_static.obj
 0002:00001ac0       $unwind$?__scrt_initialize_type_info@@YAXXZ 0000000180008ac0     MSVCRTD:tncleanup.obj
 0002:00001ac8       $unwind$?__scrt_uninitialize_type_info@@YAXXZ 0000000180008ac8     MSVCRTD:tncleanup.obj
 0002:00001ad0       $unwind$?dllmain_crt_process_attach@@YAHQEAUHINSTANCE__@@QEAX@Z 0000000180008ad0     MSVCRTD:dll_dllmain.obj
 0002:00001af0       $unwind$?fin$0@?0??dllmain_crt_process_attach@@YAHQEAUHINSTANCE__@@QEAX@Z@4HA 0000000180008af0     MSVCRTD:dll_dllmain.obj
 0002:00001af8       $unwind$?dllmain_crt_process_detach@@YAH_N@Z 0000000180008af8     MSVCRTD:dll_dllmain.obj
 0002:00001b28       $unwind$?fin$0@?0??dllmain_crt_process_detach@@YAH_N@Z@4HA 0000000180008b28     MSVCRTD:dll_dllmain.obj
 0002:00001b30       $unwind$?fin$1@?0??dllmain_crt_process_detach@@YAH_N@Z@4HA 0000000180008b30     MSVCRTD:dll_dllmain.obj
 0002:00001b38       $unwind$?dllmain_crt_dispatch@@YAHQEAUHINSTANCE__@@KQEAX@Z 0000000180008b38     MSVCRTD:dll_dllmain.obj
 0002:00001b40       $unwind$_CRT_INIT          0000000180008b40     MSVCRTD:dll_dllmain.obj
 0002:00001b48       $unwind$?dllmain_raw@@YAHQEAUHINSTANCE__@@KQEAX@Z 0000000180008b48     MSVCRTD:dll_dllmain.obj
 0002:00001b50       $unwind$?dllmain_dispatch@@YAHQEAUHINSTANCE__@@KQEAX@Z 0000000180008b50     MSVCRTD:dll_dllmain.obj
 0002:00001b70       $unwind$?filt$0@?0??dllmain_dispatch@@YAHQEAUHINSTANCE__@@KQEAX@Z@4HA 0000000180008b70     MSVCRTD:dll_dllmain.obj
 0002:00001b78       $unwind$_DllMainCRTStartup 0000000180008b78     MSVCRTD:dll_dllmain.obj
 0002:00001b80       $unwind$ReadNoFence64      0000000180008b80     MSVCRTD:guard_support.obj
 0002:00001b88       $unwind$ReadPointerNoFence 0000000180008b88     MSVCRTD:guard_support.obj
 0002:00001b90       $unwind$__castguard_set_user_handler 0000000180008b90     MSVCRTD:guard_support.obj
 0002:00001b98       $unwind$_guard_icall_checks_enforced 0000000180008b98     MSVCRTD:guard_support.obj
 0002:00001ba0       $unwind$__castguard_compat_check 0000000180008ba0     MSVCRTD:guard_support.obj
 0002:00001ba8       $unwind$__castguard_check_failure_os_handled_wrapper 0000000180008ba8     MSVCRTD:guard_support.obj
 0002:00001bb0       $unwind$__castguard_check_failure_user_handled_wrapper 0000000180008bb0     MSVCRTD:guard_support.obj
 0002:00001bb8       $unwind$__castguard_check_failure_debugbreak 0000000180008bb8     MSVCRTD:guard_support.obj
 0002:00001bc0       $unwind$__castguard_check_failure_fastfail 0000000180008bc0     MSVCRTD:guard_support.obj
 0002:00001bc8       $unwind$__castguard_check_failure_os_handled 0000000180008bc8     MSVCRTD:guard_support.obj
 0002:00001bd0       $unwind$__castguard_check_failure_user_handled 0000000180008bd0     MSVCRTD:guard_support.obj
 0002:00001bd8       $unwind$__castguard_slow_path_compat_check 0000000180008bd8     MSVCRTD:guard_support.obj
 0002:00001be0       $unwind$__castguard_slow_path_check_debugbreak 0000000180008be0     MSVCRTD:guard_support.obj
 0002:00001be8       $unwind$__castguard_slow_path_check_fastfail 0000000180008be8     MSVCRTD:guard_support.obj
 0002:00001bf0       $unwind$__castguard_slow_path_check_os_handled 0000000180008bf0     MSVCRTD:guard_support.obj
 0002:00001bf8       $unwind$__castguard_slow_path_check_user_handled 0000000180008bf8     MSVCRTD:guard_support.obj
 0002:00001c00       $unwind$__security_init_cookie 0000000180008c00     MSVCRTD:gs_support.obj
 0002:00001c08       $unwind$__get_entropy      0000000180008c08     MSVCRTD:gs_support.obj
 0002:00001c10       $unwind$DllMain            0000000180008c10     MSVCRTD:dll_dllmain_stub.obj
 0002:00001c18       $unwind$__scrt_initialize_default_local_stdio_options 0000000180008c18     MSVCRTD:default_local_stdio_options.obj
 0002:00001c20       $unwind$atexit             0000000180008c20     MSVCRTD:utility.obj
 0002:00001c28       $unwind$_onexit            0000000180008c28     MSVCRTD:utility.obj
 0002:00001c30       $unwind$at_quick_exit      0000000180008c30     MSVCRTD:utility.obj
 0002:00001c38       $unwind$__scrt_is_nonwritable_in_current_image 0000000180008c38     MSVCRTD:utility.obj
 0002:00001c58       $unwind$__scrt_is_nonwritable_in_current_image$filt$0 0000000180008c58     MSVCRTD:utility.obj
 0002:00001c60       $unwind$__scrt_acquire_startup_lock 0000000180008c60     MSVCRTD:utility.obj
 0002:00001c68       $unwind$__scrt_release_startup_lock 0000000180008c68     MSVCRTD:utility.obj
 0002:00001c70       $unwind$__scrt_initialize_crt 0000000180008c70     MSVCRTD:utility.obj
 0002:00001c78       $unwind$__scrt_uninitialize_crt 0000000180008c78     MSVCRTD:utility.obj
 0002:00001c80       $unwind$__scrt_initialize_onexit_tables 0000000180008c80     MSVCRTD:utility.obj
 0002:00001c8c       $unwind$__scrt_dllmain_exception_filter 0000000180008c8c     MSVCRTD:utility.obj
 0002:00001c94       $unwind$__scrt_dllmain_before_initialize_c 0000000180008c94     MSVCRTD:utility.obj
 0002:00001c9c       $unwind$__scrt_dllmain_after_initialize_c 0000000180008c9c     MSVCRTD:utility.obj
 0002:00001ca4       $unwind$__scrt_dllmain_uninitialize_c 0000000180008ca4     MSVCRTD:utility.obj
 0002:00001cac       $unwind$__scrt_dllmain_uninitialize_critical 0000000180008cac     MSVCRTD:utility.obj
 0002:00001cb4       $unwind$__scrt_dllmain_crt_thread_attach 0000000180008cb4     MSVCRTD:utility.obj
 0002:00001cbc       $unwind$__scrt_dllmain_crt_thread_detach 0000000180008cbc     MSVCRTD:utility.obj
 0002:00001cc4       $unwind$?configure_argv@__scrt_narrow_argv_policy@@SAHXZ 0000000180008cc4     MSVCRTD:utility.obj
 0002:00001ccc       $unwind$?initialize_environment@__scrt_narrow_environment_policy@@SAHXZ 0000000180008ccc     MSVCRTD:utility.obj
 0002:00001cd4       $unwind$?is_potentially_valid_image_base@@YA_NQEAX@Z 0000000180008cd4     MSVCRTD:utility.obj
 0002:00001cdc       $unwind$?find_pe_section@@YAPEAU_IMAGE_SECTION_HEADER@@QEAE_K@Z 0000000180008cdc     MSVCRTD:utility.obj
 0002:00001ce4       $unwind$__scrt_get_show_window_mode 0000000180008ce4     MSVCRTD:utility_desktop.obj
 0002:00001cf0       $unwind$__scrt_is_managed_app 0000000180008cf0     MSVCRTD:utility_desktop.obj
 0002:00001cf8       $unwind$__scrt_initialize_mta 0000000180008cf8     MSVCRTD:utility_desktop.obj
 0002:00001d00       $unwind$__scrt_set_unhandled_exception_filter 0000000180008d00     MSVCRTD:utility_desktop.obj
 0002:00001d08       $unwind$__scrt_fastfail    0000000180008d08     MSVCRTD:utility_desktop.obj
 0002:00001d14       $unwind$__scrt_unhandled_exception_filter 0000000180008d14     MSVCRTD:utility_desktop.obj
 0002:00001d1c       $unwind$_RTC_Initialize    0000000180008d1c     MSVCRTD:initsect.obj
 0002:00001d28       $unwind$_RTC_Terminate     0000000180008d28     MSVCRTD:initsect.obj
 0002:00001d38       $xdatasym                  0000000180008d38     MSVCRTD:guard_dispatch.obj
 0002:00001d40       $xdatasym                  0000000180008d40     MSVCRTD:guard_xfg_dispatch.obj
 0002:00001d44       $unwind$_RTC_UninitUse     0000000180008d44     MSVCRTD:error.obj
 0002:00001d5c       $unwind$?_RTC_StackFailure@@YAXPEAXPEBD@Z 0000000180008d5c     MSVCRTD:error.obj
 0002:00001d78       $unwind$?_RTC_AllocaFailure@@YAXPEAXPEAU_RTC_ALLOCA_NODE@@H@Z 0000000180008d78     MSVCRTD:error.obj
 0002:00001d90       $chain$0$?_RTC_AllocaFailure@@YAXPEAXPEAU_RTC_ALLOCA_NODE@@H@Z 0000000180008d90     MSVCRTD:error.obj
 0002:00001da4       $chain$1$?_RTC_AllocaFailure@@YAXPEAXPEAU_RTC_ALLOCA_NODE@@H@Z 0000000180008da4     MSVCRTD:error.obj
 0002:00001db4       $unwind$_vsprintf_s_l      0000000180008db4     MSVCRTD:error.obj
 0002:00001dc8       $unwind$sprintf_s          0000000180008dc8     MSVCRTD:error.obj
 0002:00001dd0       $unwind$?notify_debugger@@YAXAEBUtagEXCEPTION_VISUALCPP_DEBUG_INFO@@@Z 0000000180008dd0     MSVCRTD:error.obj
 0002:00001df0       $unwind$?filt$0@?0??notify_debugger@@YAXAEBUtagEXCEPTION_VISUALCPP_DEBUG_INFO@@@Z@4HA 0000000180008df0     MSVCRTD:error.obj
 0002:00001df8       $unwind$?DebuggerProbe@@YA_NK@Z 0000000180008df8     MSVCRTD:error.obj
 0002:00001e00       $unwind$?DebuggerRuntime@@YA_NKHPEAXPEB_W@Z 0000000180008e00     MSVCRTD:error.obj
 0002:00001e08       $unwind$?failwithmessage@@YAXPEAXHHPEBD@Z 0000000180008e08     MSVCRTD:error.obj
 0002:00001e2c       $unwind$?_getMemBlockDataString@@YAXPEAD0PEBD_K@Z 0000000180008e2c     MSVCRTD:error.obj
 0002:00001e3c       $chain$3$?_getMemBlockDataString@@YAXPEAD0PEBD_K@Z 0000000180008e3c     MSVCRTD:error.obj
 0002:00001e5c       $chain$4$?_getMemBlockDataString@@YAXPEAD0PEBD_K@Z 0000000180008e5c     MSVCRTD:error.obj
 0002:00001e6c       $unwind$__isa_available_init 0000000180008e6c     MSVCRTD:cpu_disp.obj
 0002:00001e7c       $unwind$__scrt_is_ucrt_dll_in_use 0000000180008e7c     MSVCRTD:ucrt_detection.obj
 0002:00001e84       $unwind$?_RTC_GetSrcLine@@YAHPEAEPEA_WKPEAH1K@Z 0000000180008e84     MSVCRTD:pdblkup.obj
 0002:00001e9c       $unwind$?GetPdbDllFromInstallPath@@YAPEAUHINSTANCE__@@XZ 0000000180008e9c     MSVCRTD:pdblkup.obj
 0002:00001ec0       $unwind$?GetPdbDllPathFromFilePath@@YAHPEB_WPEA_W_K@Z 0000000180008ec0     MSVCRTD:pdblkup.obj
 0002:00001ed8       $unwind$?GetPdbDll@@YAPEAUHINSTANCE__@@XZ 0000000180008ed8     MSVCRTD:pdblkup.obj
 0002:00001ee8       $unwind$__GSHandlerCheckCommon 0000000180008ee8     MSVCRTD:gshandler.obj
 0002:00001ef0       $unwind$__GSHandlerCheck   0000000180008ef0     MSVCRTD:gshandler.obj
 0002:00001ef8       $xdatasym                  0000000180008ef8     MSVCRTD:amdsecgs.obj
 0002:00001efc       $unwind$__report_securityfailure 0000000180008efc     MSVCRTD:gs_report.obj
 0002:00001f04       $unwind$__report_securityfailureEx 0000000180008f04     MSVCRTD:gs_report.obj
 0002:00001f0c       $unwind$__report_rangecheckfailure 0000000180008f0c     MSVCRTD:gs_report.obj
 0002:00001f14       $unwind$__report_gsfailure 0000000180008f14     MSVCRTD:gs_report.obj
 0002:00001f1c       $unwind$capture_current_context 0000000180008f1c     MSVCRTD:gs_report.obj
 0002:00001f24       $unwind$capture_previous_context 0000000180008f24     MSVCRTD:gs_report.obj
 0002:00001f2c       $unwind$__raise_securityfailure 0000000180008f2c     MSVCRTD:gs_report.obj
 0002:00002400       .edata                     0000000180009400     PhysXCooking_64.exp
 0002:00002428       rgpv                       0000000180009428     PhysXCooking_64.exp
 0002:00002510       rgszName                   0000000180009510     PhysXCooking_64.exp
 0002:000025f8       rgwOrd                     00000001800095f8     PhysXCooking_64.exp
 0002:0000266c       szName                     000000018000966c     PhysXCooking_64.exp
 0002:00002680       $N00001                    0000000180009680     PhysXCooking_64.exp
 0002:000026a4       $N00002                    00000001800096a4     PhysXCooking_64.exp
 0002:000026d3       $N00003                    00000001800096d3     PhysXCooking_64.exp
 0002:000026fa       $N00004                    00000001800096fa     PhysXCooking_64.exp
 0002:00002751       $N00005                    0000000180009751     PhysXCooking_64.exp
 0002:0000277c       $N00006                    000000018000977c     PhysXCooking_64.exp
 0002:000027a2       $N00007                    00000001800097a2     PhysXCooking_64.exp
 0002:000027c1       $N00008                    00000001800097c1     PhysXCooking_64.exp
 0002:000027e5       $N00009                    00000001800097e5     PhysXCooking_64.exp
 0002:0000280c       $N00010                    000000018000980c     PhysXCooking_64.exp
 0002:00002835       $N00011                    0000000180009835     PhysXCooking_64.exp
 0002:00002854       $N00012                    0000000180009854     PhysXCooking_64.exp
 0002:00002887       $N00013                    0000000180009887     PhysXCooking_64.exp
 0002:000028bd       $N00014                    00000001800098bd     PhysXCooking_64.exp
 0002:000028f5       $N00015                    00000001800098f5     PhysXCooking_64.exp
 0002:00002927       $N00016                    0000000180009927     PhysXCooking_64.exp
 0002:00002953       $N00017                    0000000180009953     PhysXCooking_64.exp
 0002:0000296f       $N00018                    000000018000996f     PhysXCooking_64.exp
 0002:00002999       $N00019                    0000000180009999     PhysXCooking_64.exp
 0002:000029d5       $N00020                    00000001800099d5     PhysXCooking_64.exp
 0002:00002a10       $N00021                    0000000180009a10     PhysXCooking_64.exp
 0002:00002a4b       $N00022                    0000000180009a4b     PhysXCooking_64.exp
 0002:00002a80       $N00023                    0000000180009a80     PhysXCooking_64.exp
 0002:00002abc       $N00024                    0000000180009abc     PhysXCooking_64.exp
 0002:00002aef       $N00025                    0000000180009aef     PhysXCooking_64.exp
 0002:00002b22       $N00026                    0000000180009b22     PhysXCooking_64.exp
 0002:00002b5c       $N00027                    0000000180009b5c     PhysXCooking_64.exp
 0002:00002b96       $N00028                    0000000180009b96     PhysXCooking_64.exp
 0002:00002bc3       $N00029                    0000000180009bc3     PhysXCooking_64.exp
 0002:00002bf6       $N00030                    0000000180009bf6     PhysXCooking_64.exp
 0002:00002c24       $N00031                    0000000180009c24     PhysXCooking_64.exp
 0002:00002c51       $N00032                    0000000180009c51     PhysXCooking_64.exp
 0002:00002c8d       $N00033                    0000000180009c8d     PhysXCooking_64.exp
 0002:00002cca       $N00034                    0000000180009cca     PhysXCooking_64.exp
 0002:00002cfa       $N00035                    0000000180009cfa     PhysXCooking_64.exp
 0002:00002d11       $N00036                    0000000180009d11     PhysXCooking_64.exp
 0002:00002d2c       $N00037                    0000000180009d2c     PhysXCooking_64.exp
 0002:00002d43       $N00038                    0000000180009d43     PhysXCooking_64.exp
 0002:00002d59       $N00039                    0000000180009d59     PhysXCooking_64.exp
 0002:00002d70       $N00040                    0000000180009d70     PhysXCooking_64.exp
 0002:00002d88       $N00041                    0000000180009d88     PhysXCooking_64.exp
 0002:00002d92       $N00042                    0000000180009d92     PhysXCooking_64.exp
 0002:00002da3       $N00043                    0000000180009da3     PhysXCooking_64.exp
 0002:00002db5       $N00044                    0000000180009db5     PhysXCooking_64.exp
 0002:00002dc8       $N00045                    0000000180009dc8     PhysXCooking_64.exp
 0002:00002dde       $N00046                    0000000180009dde     PhysXCooking_64.exp
 0002:00002df1       $N00047                    0000000180009df1     PhysXCooking_64.exp
 0002:00002dfd       $N00048                    0000000180009dfd     PhysXCooking_64.exp
 0002:00002e11       $N00049                    0000000180009e11     PhysXCooking_64.exp
 0002:00002e24       $N00050                    0000000180009e24     PhysXCooking_64.exp
 0002:00002e38       $N00051                    0000000180009e38     PhysXCooking_64.exp
 0002:00002e4d       $N00052                    0000000180009e4d     PhysXCooking_64.exp
 0002:00002e65       $N00053                    0000000180009e65     PhysXCooking_64.exp
 0002:00002e7a       $N00054                    0000000180009e7a     PhysXCooking_64.exp
 0002:00002e97       $N00055                    0000000180009e97     PhysXCooking_64.exp
 0002:00002eb8       $N00056                    0000000180009eb8     PhysXCooking_64.exp
 0002:00002ed7       $N00057                    0000000180009ed7     PhysXCooking_64.exp
 0002:00002eec       $N00058                    0000000180009eec     PhysXCooking_64.exp
 0002:00003188       .idata$6                   000000018000a188     kernel32:KERNEL32.dll
 0002:000032a8       .idata$6                   000000018000a2a8     vcruntimed:VCRUNTIME140D.dll
 0002:00003444       .idata$6                   000000018000a444     ucrtd:ucrtbased.dll
 0003:000001f0       ?maxV3Error@vecMathTests@aos@physx@@3T__m128@@B 000000018000b1f0     Cooking.obj
 0003:00000200       ?minFError@vecMathTests@aos@physx@@3T__m128@@B 000000018000b200     Cooking.obj
 0003:00000210       ?maxV4Error@vecMathTests@aos@physx@@3T__m128@@B 000000018000b210     Cooking.obj
 0003:00000220       ?minV4Error@vecMathTests@aos@physx@@3T__m128@@B 000000018000b220     Cooking.obj
 0003:00000230       ?minV3Error@vecMathTests@aos@physx@@3T__m128@@B 000000018000b230     Cooking.obj
 0003:00000240       ?maxFError@vecMathTests@aos@physx@@3T__m128@@B 000000018000b240     Cooking.obj
 0003:00000258       ?gCookingDelayLoadHook@@3PEBVPxDelayLoadHook@physx@@EB 000000018000b258     WindowsCookingDelayLoadHook.obj
 0003:0000029c       ?init@?1??_RTC_InitBase@@9@4_NA 000000018000b29c     MSVCRTD:init.obj
 0003:000002b0       ?__proc_attached@@3HA      000000018000b2b0     MSVCRTD:dll_dllmain.obj
 0003:000002c0       ?_RTC_ErrorReportFunc@@3P6AHHPEBDH00ZZEA 000000018000b2c0     MSVCRTD:userapi.obj
 0003:000002c8       ?_RTC_ErrorReportFuncW@@3P6AHHPEB_WH00ZZEA 000000018000b2c8     MSVCRTD:userapi.obj
 0003:000002f0       ?is_initialized_as_dll@@3_NA 000000018000b2f0     MSVCRTD:utility.obj
 0003:000002f1       ?module_local_atexit_table_initialized@@3_NA 000000018000b2f1     MSVCRTD:utility.obj
 0003:000002f8       ?module_local_atexit_table@@3U_onexit_table_t@@A 000000018000b2f8     MSVCRTD:utility.obj
 0003:00000310       ?module_local_at_quick_exit_table@@3U_onexit_table_t@@A 000000018000b310     MSVCRTD:utility.obj
 0003:00000330       ?mspdb@@3PEAUHINSTANCE__@@EA 000000018000b330     MSVCRTD:pdblkup.obj
 0003:00000338       ?alreadyTried@?1??GetPdbDll@@YAPEAUHINSTANCE__@@XZ@4_NA 000000018000b338     MSVCRTD:pdblkup.obj
 0003:00000339       ?PDBOK@?1??_RTC_GetSrcLine@@YAHPEAEPEA_WKPEAH1K@Z@4_NA 000000018000b339     MSVCRTD:pdblkup.obj
 0003:00000340       GS_ExceptionRecord         000000018000b340     MSVCRTD:gs_report.obj
 0003:000003e0       GS_ContextRecord           000000018000b3e0     MSVCRTD:gs_report.obj
 0005:000000a0       $R000000                   000000018000d0a0     PhysXCooking.res
 0005:000003d0       $R000330                   000000018000d3d0     PhysXCooking.res
